#
# There is insufficient memory for the Java Runtime Environment to continue.
# Native memory allocation (mmap) failed to map 663748608 bytes. Error detail: G1 virtual space
# Possible reasons:
#   The system is out of physical RAM or swap space
#   This process is running with CompressedOops enabled, and the Java Heap may be blocking the growth of the native heap
# Possible solutions:
#   Reduce memory load on the system
#   Increase physical memory or swap space
#   Check if swap backing store is full
#   Decrease Java heap size (-Xmx/-Xms)
#   Decrease number of Java threads
#   Decrease Java thread stack sizes (-Xss)
#   Set larger code cache with -XX:ReservedCodeCacheSize=
#   JVM is running with Unscaled Compressed Oops mode in which the Java heap is
#     placed in the first 4GB address space. The Java Heap base address is the
#     maximum limit for the native heap growth. Please use -XX:HeapBaseMinAddress
#     to set the Java Heap base and to place the Java Heap above 4GB virtual address.
# This output file may be truncated or incomplete.
#
#  Out of Memory Error (os_windows.cpp:3618), pid=15428, tid=14604
#
# JRE version: OpenJDK Runtime Environment Temurin-17.0.14+7 (17.0.14+7) (build 17.0.14+7)
# Java VM: OpenJDK 64-Bit Server VM Temurin-17.0.14+7 (17.0.14+7, mixed mode, sharing, tiered, compressed oops, compressed class ptrs, g1 gc, windows-amd64)
# No core dump will be written. Minidumps are not enabled by default on client versions of Windows
#

---------------  S U M M A R Y ------------

Command Line: -Dclassworlds.conf=D:\Tools\maven\apache-maven-3.9.8\bin\m2.conf -Dmaven.home=D:\Tools\maven\apache-maven-3.9.8 -Dlibrary.jansi.path=D:\Tools\maven\apache-maven-3.9.8\lib\jansi-native -Dmaven.multiModuleProjectDirectory=D:\1\ai-app\app1\backend org.codehaus.plexus.classworlds.launcher.Launcher -pl admin-api -am spring-boot:run

Host: 12th Gen Intel(R) Core(TM) i5-12450H, 12 cores, 7G,  Windows 10 , 64 bit Build 19041 (10.0.19041.5438)
Time: Sun Aug  9 12:36:35 2026  Windows 10 , 64 bit Build 19041 (10.0.19041.5438) elapsed time: 74.176323 seconds (0d 0h 1m 14s)

---------------  T H R E A D  ---------------

Current thread (0x00000173781f4720):  VMThread "VM Thread" [stack: 0x0000001debf00000,0x0000001dec000000] [id=14604]

Stack: [0x0000001debf00000,0x0000001dec000000]
Native frames: (J=compiled Java code, j=interpreted, Vv=VM code, C=native code)
V  [jvm.dll+0x682eb9]
V  [jvm.dll+0x8399c8]
V  [jvm.dll+0x83b473]
V  [jvm.dll+0x83bae3]
V  [jvm.dll+0x24715f]
V  [jvm.dll+0x67fc99]
V  [jvm.dll+0x674b8a]
V  [jvm.dll+0x304c06]
V  [jvm.dll+0x30c0c6]
V  [jvm.dll+0x35dc3e]
V  [jvm.dll+0x35de7d]
V  [jvm.dll+0x2dbfcc]
V  [jvm.dll+0x2da36f]
V  [jvm.dll+0x2d9adc]
V  [jvm.dll+0x31d2bb]
V  [jvm.dll+0x84031d]
V  [jvm.dll+0x841053]
V  [jvm.dll+0x84157f]
V  [jvm.dll+0x841964]
V  [jvm.dll+0x841a2e]
V  [jvm.dll+0x7e948c]
V  [jvm.dll+0x681d97]
C  [ucrtbase.dll+0x21bb2]
C  [KERNEL32.DLL+0x17374]
C  [ntdll.dll+0x4cc91]

VM_Operation (0x0000001deb9fab00): G1CollectForAllocation, mode: safepoint, requested by thread 0x000001735a183a70


---------------  P R O C E S S  ---------------

Threads class SMR info:
_java_thread_list=0x00000173413ae640, length=13, elements={
0x000001735a183a70, 0x00000173781f7bc0, 0x00000173781f8750, 0x000001737820b8c0,
0x000001737820d1a0, 0x000001737820de70, 0x000001737820e740, 0x0000017378210400,
0x00000173782131d0, 0x0000017378215af0, 0x0000017378a10e50, 0x0000017378a42240,
0x000001737d924440
}

Java Threads: ( => current thread )
  0x000001735a183a70 JavaThread "main" [_thread_blocked, id=12808, stack(0x0000001deb900000,0x0000001deba00000)]
  0x00000173781f7bc0 JavaThread "Reference Handler" daemon [_thread_blocked, id=14216, stack(0x0000001dec000000,0x0000001dec100000)]
  0x00000173781f8750 JavaThread "Finalizer" daemon [_thread_blocked, id=956, stack(0x0000001dec100000,0x0000001dec200000)]
  0x000001737820b8c0 JavaThread "Signal Dispatcher" daemon [_thread_blocked, id=4284, stack(0x0000001dec200000,0x0000001dec300000)]
  0x000001737820d1a0 JavaThread "Attach Listener" daemon [_thread_blocked, id=7668, stack(0x0000001dec300000,0x0000001dec400000)]
  0x000001737820de70 JavaThread "Service Thread" daemon [_thread_blocked, id=13620, stack(0x0000001dec400000,0x0000001dec500000)]
  0x000001737820e740 JavaThread "Monitor Deflation Thread" daemon [_thread_blocked, id=14080, stack(0x0000001dec500000,0x0000001dec600000)]
  0x0000017378210400 JavaThread "C2 CompilerThread0" daemon [_thread_blocked, id=15560, stack(0x0000001dec600000,0x0000001dec700000)]
  0x00000173782131d0 JavaThread "C1 CompilerThread0" daemon [_thread_blocked, id=15644, stack(0x0000001dec700000,0x0000001dec800000)]
  0x0000017378215af0 JavaThread "Sweeper thread" daemon [_thread_blocked, id=7028, stack(0x0000001dec800000,0x0000001dec900000)]
  0x0000017378a10e50 JavaThread "Notification Thread" daemon [_thread_blocked, id=11260, stack(0x0000001dec900000,0x0000001deca00000)]
  0x0000017378a42240 JavaThread "Common-Cleaner" daemon [_thread_blocked, id=13576, stack(0x0000001decb00000,0x0000001decc00000)]
  0x000001737d924440 JavaThread "Thread-1" daemon [_thread_blocked, id=13464, stack(0x0000001ded400000,0x0000001ded500000)]

Other Threads:
=>0x00000173781f4720 VMThread "VM Thread" [stack: 0x0000001debf00000,0x0000001dec000000] [id=14604]
  0x0000017378a33f70 WatcherThread [stack: 0x0000001deca00000,0x0000001decb00000] [id=13320]
  0x000001735a1da940 GCTaskThread "GC Thread#0" [stack: 0x0000001deba00000,0x0000001debb00000] [id=9332]
  0x0000017378b5a240 GCTaskThread "GC Thread#1" [stack: 0x0000001decc00000,0x0000001decd00000] [id=6892]
  0x000001737d551cb0 GCTaskThread "GC Thread#2" [stack: 0x0000001decd00000,0x0000001dece00000] [id=14892]
  0x000001737d789460 GCTaskThread "GC Thread#3" [stack: 0x0000001dece00000,0x0000001decf00000] [id=13172]
  0x000001737d5a2fb0 GCTaskThread "GC Thread#4" [stack: 0x0000001decf00000,0x0000001ded000000] [id=8056]
  0x000001737d5d2020 GCTaskThread "GC Thread#5" [stack: 0x0000001ded000000,0x0000001ded100000] [id=4604]
  0x000001737d5d22e0 GCTaskThread "GC Thread#6" [stack: 0x0000001ded100000,0x0000001ded200000] [id=3764]
  0x000001737d6e4920 GCTaskThread "GC Thread#7" [stack: 0x0000001ded200000,0x0000001ded300000] [id=6468]
  0x000001737d6e4be0 GCTaskThread "GC Thread#8" [stack: 0x0000001ded300000,0x0000001ded400000] [id=2524]
  0x000001737dc5f0d0 GCTaskThread "GC Thread#9" [stack: 0x0000001ded500000,0x0000001ded600000] [id=14672]
  0x000001735a1ebf70 ConcurrentGCThread "G1 Main Marker" [stack: 0x0000001debb00000,0x0000001debc00000] [id=8088]
  0x000001735a1ec7a0 ConcurrentGCThread "G1 Conc#0" [stack: 0x0000001debc00000,0x0000001debd00000] [id=9400]
  0x000001737dc10080 ConcurrentGCThread "G1 Conc#1" [stack: 0x0000001ded900000,0x0000001deda00000] [id=9820]
  0x000001737dc10340 ConcurrentGCThread "G1 Conc#2" [stack: 0x0000001deda00000,0x0000001dedb00000] [id=15912]
  0x00000173780a8c00 ConcurrentGCThread "G1 Refine#0" [stack: 0x0000001debd00000,0x0000001debe00000] [id=5776]
  0x000001737deffd30 ConcurrentGCThread "G1 Refine#1" [stack: 0x0000001ded600000,0x0000001ded700000] [id=14912]
  0x000001737dc152f0 ConcurrentGCThread "G1 Refine#2" [stack: 0x0000001ded700000,0x0000001ded800000] [id=13484]
  0x000001737d4f5940 ConcurrentGCThread "G1 Refine#3" [stack: 0x0000001dedb00000,0x0000001dedc00000] [id=8128]
  0x000001737f5fbd10 ConcurrentGCThread "G1 Refine#4" [stack: 0x0000001deb600000,0x0000001deb700000] [id=16272]
  0x000001737f5fae60 ConcurrentGCThread "G1 Refine#5" [stack: 0x0000001deb700000,0x0000001deb800000] [id=10716]
  0x000001737f5fc5e0 ConcurrentGCThread "G1 Refine#6" [stack: 0x0000001deb800000,0x0000001deb900000] [id=11764]
  0x000001737f5fb150 ConcurrentGCThread "G1 Refine#7" [stack: 0x0000001dedc00000,0x0000001dedd00000] [id=15888]
  0x00000173780a9440 ConcurrentGCThread "G1 Service" [stack: 0x0000001debe00000,0x0000001debf00000] [id=2608]

Threads with active compile tasks:
C2 CompilerThread0    74215 14939       4       com.sun.tools.javac.comp.Resolve::rawInstantiate (508 bytes)

VM state: at safepoint (normal execution)

VM Mutex/Monitor currently owned by a thread:  ([mutex/lock_event])
[0x000001735a17e7a0] Threads_lock - owner thread: 0x00000173781f4720
[0x000001735a17d7e0] Heap_lock - owner thread: 0x000001735a183a70

Heap address: 0x0000000083a00000, size: 1990 MB, Compressed Oops mode: 32-bit

CDS archive(s) mapped at: [0x0000017300000000-0x0000017300bb0000-0x0000017300bb0000), size 12255232, SharedBaseAddress: 0x0000017300000000, ArchiveRelocationMode: 1.
Compressed class space mapped at: 0x0000017301000000-0x0000017341000000, reserved size: 1073741824
Narrow klass base: 0x0000017300000000, Narrow klass shift: 0, Narrow klass range: 0x100000000

GC Precious Log:
 CPUs: 12 total, 12 available
 Memory: 7953M
 Large Page Support: Disabled
 NUMA Support: Disabled
 Compressed Oops: Enabled (32-bit)
 Heap Region Size: 1M
 Heap Min Capacity: 8M
 Heap Initial Capacity: 126M
 Heap Max Capacity: 1990M
 Pre-touch: Disabled
 Parallel Workers: 10
 Concurrent Workers: 3
 Concurrent Refinement Workers: 10
 Periodic GC: Disabled

Heap:
 garbage-first heap   total 391168K, used 134510K [0x0000000083a00000, 0x0000000100000000)
  region size 1024K, 3 young (3072K), 3 survivors (3072K)
 Metaspace       used 41060K, committed 41408K, reserved 1114112K
  class space    used 4376K, committed 4480K, reserved 1048576K

Heap Regions: E=young(eden), S=young(survivor), O=old, HS=humongous(starts), HC=humongous(continues), CS=collection set, F=free, OA=open archive, CA=closed archive, TAMS=top-at-mark-start (previous, next)
|   0|0x0000000083a00000, 0x0000000083b00000, 0x0000000083b00000|100%| O|  |TAMS 0x0000000083b00000, 0x0000000083a00000| Untracked 
|   1|0x0000000083b00000, 0x0000000083c00000, 0x0000000083c00000|100%| O|  |TAMS 0x0000000083c00000, 0x0000000083b00000| Untracked 
|   2|0x0000000083c00000, 0x0000000083d00000, 0x0000000083d00000|100%| O|  |TAMS 0x0000000083d00000, 0x0000000083c00000| Untracked 
|   3|0x0000000083d00000, 0x0000000083e00000, 0x0000000083e00000|100%| O|  |TAMS 0x0000000083e00000, 0x0000000083d00000| Untracked 
|   4|0x0000000083e00000, 0x0000000083f00000, 0x0000000083f00000|100%| O|  |TAMS 0x0000000083f00000, 0x0000000083e00000| Untracked 
|   5|0x0000000083f00000, 0x0000000084000000, 0x0000000084000000|100%| O|  |TAMS 0x0000000084000000, 0x0000000083f00000| Untracked 
|   6|0x0000000084000000, 0x0000000084100000, 0x0000000084100000|100%| O|  |TAMS 0x0000000084100000, 0x0000000084000000| Untracked 
|   7|0x0000000084100000, 0x0000000084200000, 0x0000000084200000|100%| O|  |TAMS 0x0000000084200000, 0x0000000084100000| Untracked 
|   8|0x0000000084200000, 0x0000000084300000, 0x0000000084300000|100%| O|  |TAMS 0x0000000084300000, 0x0000000084200000| Untracked 
|   9|0x0000000084300000, 0x0000000084400000, 0x0000000084400000|100%| O|  |TAMS 0x0000000084400000, 0x0000000084300000| Untracked 
|  10|0x0000000084400000, 0x0000000084500000, 0x0000000084500000|100%| O|  |TAMS 0x0000000084500000, 0x0000000084400000| Untracked 
|  11|0x0000000084500000, 0x0000000084600000, 0x0000000084600000|100%| O|  |TAMS 0x0000000084600000, 0x0000000084500000| Untracked 
|  12|0x0000000084600000, 0x0000000084700000, 0x0000000084700000|100%| O|  |TAMS 0x0000000084700000, 0x0000000084600000| Untracked 
|  13|0x0000000084700000, 0x0000000084800000, 0x0000000084800000|100%| O|  |TAMS 0x0000000084800000, 0x0000000084700000| Untracked 
|  14|0x0000000084800000, 0x0000000084900000, 0x0000000084900000|100%| O|  |TAMS 0x0000000084900000, 0x0000000084800000| Untracked 
|  15|0x0000000084900000, 0x0000000084a00000, 0x0000000084a00000|100%| O|  |TAMS 0x0000000084a00000, 0x0000000084900000| Untracked 
|  16|0x0000000084a00000, 0x0000000084b00000, 0x0000000084b00000|100%| O|  |TAMS 0x0000000084b00000, 0x0000000084a00000| Untracked 
|  17|0x0000000084b00000, 0x0000000084c00000, 0x0000000084c00000|100%| O|  |TAMS 0x0000000084c00000, 0x0000000084b00000| Untracked 
|  18|0x0000000084c00000, 0x0000000084d00000, 0x0000000084d00000|100%| O|  |TAMS 0x0000000084d00000, 0x0000000084c00000| Untracked 
|  19|0x0000000084d00000, 0x0000000084e00000, 0x0000000084e00000|100%| O|  |TAMS 0x0000000084e00000, 0x0000000084d00000| Untracked 
|  20|0x0000000084e00000, 0x0000000084e00000, 0x0000000084f00000|  0%| F|  |TAMS 0x0000000084e00000, 0x0000000084e00000| Untracked 
|  21|0x0000000084f00000, 0x0000000085000000, 0x0000000085000000|100%| O|  |TAMS 0x0000000085000000, 0x0000000084f00000| Untracked 
|  22|0x0000000085000000, 0x0000000085100000, 0x0000000085100000|100%| O|  |TAMS 0x0000000085100000, 0x0000000085000000| Untracked 
|  23|0x0000000085100000, 0x0000000085100000, 0x0000000085200000|  0%| F|  |TAMS 0x0000000085100000, 0x0000000085100000| Untracked 
|  24|0x0000000085200000, 0x0000000085300000, 0x0000000085300000|100%| O|  |TAMS 0x0000000085300000, 0x0000000085200000| Untracked 
|  25|0x0000000085300000, 0x0000000085400000, 0x0000000085400000|100%| O|  |TAMS 0x0000000085400000, 0x0000000085300000| Untracked 
|  26|0x0000000085400000, 0x0000000085500000, 0x0000000085500000|100%| O|  |TAMS 0x0000000085500000, 0x0000000085400000| Untracked 
|  27|0x0000000085500000, 0x0000000085600000, 0x0000000085600000|100%| O|  |TAMS 0x0000000085500000, 0x0000000085500000| Untracked 
|  28|0x0000000085600000, 0x0000000085700000, 0x0000000085700000|100%| O|  |TAMS 0x0000000085700000, 0x0000000085600000| Untracked 
|  29|0x0000000085700000, 0x0000000085800000, 0x0000000085800000|100%| O|  |TAMS 0x00000000857c2600, 0x0000000085700000| Untracked 
|  30|0x0000000085800000, 0x0000000085900000, 0x0000000085900000|100%|HS|  |TAMS 0x0000000085900000, 0x0000000085800000| Complete 
|  31|0x0000000085900000, 0x0000000085a00000, 0x0000000085a00000|100%|HC|  |TAMS 0x0000000085a00000, 0x0000000085900000| Complete 
|  32|0x0000000085a00000, 0x0000000085b00000, 0x0000000085b00000|100%| O|  |TAMS 0x0000000085a00000, 0x0000000085a00000| Untracked 
|  33|0x0000000085b00000, 0x0000000085c00000, 0x0000000085c00000|100%| O|  |TAMS 0x0000000085b00000, 0x0000000085b00000| Untracked 
|  34|0x0000000085c00000, 0x0000000085d00000, 0x0000000085d00000|100%| O|  |TAMS 0x0000000085d00000, 0x0000000085c00000| Untracked 
|  35|0x0000000085d00000, 0x0000000085e00000, 0x0000000085e00000|100%| O|  |TAMS 0x0000000085e00000, 0x0000000085d00000| Untracked 
|  36|0x0000000085e00000, 0x0000000085f00000, 0x0000000085f00000|100%| O|  |TAMS 0x0000000085e00000, 0x0000000085e00000| Untracked 
|  37|0x0000000085f00000, 0x0000000086000000, 0x0000000086000000|100%| O|  |TAMS 0x0000000086000000, 0x0000000085f00000| Untracked 
|  38|0x0000000086000000, 0x0000000086100000, 0x0000000086100000|100%| O|  |TAMS 0x0000000086100000, 0x0000000086000000| Untracked 
|  39|0x0000000086100000, 0x0000000086200000, 0x0000000086200000|100%|HS|  |TAMS 0x0000000086200000, 0x0000000086100000| Complete 
|  40|0x0000000086200000, 0x0000000086300000, 0x0000000086300000|100%|HS|  |TAMS 0x0000000086300000, 0x0000000086200000| Complete 
|  41|0x0000000086300000, 0x00000000863f2800, 0x0000000086400000| 94%| O|  |TAMS 0x0000000086300000, 0x0000000086300000| Untracked 
|  42|0x0000000086400000, 0x0000000086500000, 0x0000000086500000|100%|HS|  |TAMS 0x0000000086400000, 0x0000000086400000| Complete 
|  43|0x0000000086500000, 0x0000000086600000, 0x0000000086600000|100%|HC|  |TAMS 0x0000000086500000, 0x0000000086500000| Complete 
|  44|0x0000000086600000, 0x0000000086700000, 0x0000000086700000|100%|HS|  |TAMS 0x0000000086600000, 0x0000000086600000| Complete 
|  45|0x0000000086700000, 0x0000000086800000, 0x0000000086800000|100%|HS|  |TAMS 0x0000000086700000, 0x0000000086700000| Complete 
|  46|0x0000000086800000, 0x0000000086900000, 0x0000000086900000|100%| O|  |TAMS 0x0000000086800000, 0x0000000086800000| Untracked 
|  47|0x0000000086900000, 0x0000000086a00000, 0x0000000086a00000|100%|HS|  |TAMS 0x0000000086900000, 0x0000000086900000| Complete 
|  48|0x0000000086a00000, 0x0000000086a00000, 0x0000000086b00000|  0%| F|  |TAMS 0x0000000086a00000, 0x0000000086a00000| Untracked 
|  49|0x0000000086b00000, 0x0000000086c00000, 0x0000000086c00000|100%|HS|  |TAMS 0x0000000086b00000, 0x0000000086b00000| Complete 
|  50|0x0000000086c00000, 0x0000000086d00000, 0x0000000086d00000|100%| O|  |TAMS 0x0000000086c00000, 0x0000000086c00000| Untracked 
|  51|0x0000000086d00000, 0x0000000086e00000, 0x0000000086e00000|100%| O|  |TAMS 0x0000000086d00000, 0x0000000086d00000| Untracked 
|  52|0x0000000086e00000, 0x0000000086f00000, 0x0000000086f00000|100%| O|  |TAMS 0x0000000086e00000, 0x0000000086e00000| Untracked 
|  53|0x0000000086f00000, 0x0000000087000000, 0x0000000087000000|100%| O|  |TAMS 0x0000000087000000, 0x0000000086f00000| Untracked 
|  54|0x0000000087000000, 0x0000000087100000, 0x0000000087100000|100%| O|  |TAMS 0x0000000087000000, 0x0000000087000000| Untracked 
|  55|0x0000000087100000, 0x0000000087200000, 0x0000000087200000|100%| O|  |TAMS 0x0000000087100000, 0x0000000087100000| Untracked 
|  56|0x0000000087200000, 0x0000000087300000, 0x0000000087300000|100%| O|  |TAMS 0x0000000087200000, 0x0000000087200000| Untracked 
|  57|0x0000000087300000, 0x0000000087400000, 0x0000000087400000|100%| O|  |TAMS 0x0000000087300000, 0x0000000087300000| Untracked 
|  58|0x0000000087400000, 0x0000000087500000, 0x0000000087500000|100%| O|  |TAMS 0x0000000087400000, 0x0000000087400000| Untracked 
|  59|0x0000000087500000, 0x0000000087600000, 0x0000000087600000|100%| O|  |TAMS 0x0000000087500000, 0x0000000087500000| Untracked 
|  60|0x0000000087600000, 0x0000000087700000, 0x0000000087700000|100%| O|  |TAMS 0x0000000087600000, 0x0000000087600000| Untracked 
|  61|0x0000000087700000, 0x0000000087800000, 0x0000000087800000|100%| O|  |TAMS 0x0000000087700000, 0x0000000087700000| Untracked 
|  62|0x0000000087800000, 0x0000000087900000, 0x0000000087900000|100%| O|  |TAMS 0x0000000087800000, 0x0000000087800000| Untracked 
|  63|0x0000000087900000, 0x0000000087a00000, 0x0000000087a00000|100%| O|  |TAMS 0x0000000087a00000, 0x0000000087900000| Untracked 
|  64|0x0000000087a00000, 0x0000000087b00000, 0x0000000087b00000|100%| O|  |TAMS 0x0000000087a00000, 0x0000000087a00000| Untracked 
|  65|0x0000000087b00000, 0x0000000087c00000, 0x0000000087c00000|100%| O|  |TAMS 0x0000000087c00000, 0x0000000087b00000| Untracked 
|  66|0x0000000087c00000, 0x0000000087d00000, 0x0000000087d00000|100%| O|  |TAMS 0x0000000087c00000, 0x0000000087c00000| Untracked 
|  67|0x0000000087d00000, 0x0000000087e00000, 0x0000000087e00000|100%| O|  |TAMS 0x0000000087d00000, 0x0000000087d00000| Untracked 
|  68|0x0000000087e00000, 0x0000000087f00000, 0x0000000087f00000|100%| O|  |TAMS 0x0000000087e00000, 0x0000000087e00000| Untracked 
|  69|0x0000000087f00000, 0x0000000088000000, 0x0000000088000000|100%| O|  |TAMS 0x0000000087f00000, 0x0000000087f00000| Untracked 
|  70|0x0000000088000000, 0x0000000088100000, 0x0000000088100000|100%| O|  |TAMS 0x0000000088000000, 0x0000000088000000| Untracked 
|  71|0x0000000088100000, 0x0000000088200000, 0x0000000088200000|100%| O|  |TAMS 0x0000000088100000, 0x0000000088100000| Untracked 
|  72|0x0000000088200000, 0x0000000088300000, 0x0000000088300000|100%| O|  |TAMS 0x0000000088200000, 0x0000000088200000| Untracked 
|  73|0x0000000088300000, 0x0000000088400000, 0x0000000088400000|100%| O|  |TAMS 0x0000000088300000, 0x0000000088300000| Untracked 
|  74|0x0000000088400000, 0x0000000088500000, 0x0000000088500000|100%| O|  |TAMS 0x0000000088400000, 0x0000000088400000| Untracked 
|  75|0x0000000088500000, 0x0000000088600000, 0x0000000088600000|100%|HS|  |TAMS 0x0000000088600000, 0x0000000088500000| Complete 
|  76|0x0000000088600000, 0x0000000088700000, 0x0000000088700000|100%|HC|  |TAMS 0x0000000088700000, 0x0000000088600000| Complete 
|  77|0x0000000088700000, 0x0000000088800000, 0x0000000088800000|100%|HC|  |TAMS 0x0000000088800000, 0x0000000088700000| Complete 
|  78|0x0000000088800000, 0x0000000088900000, 0x0000000088900000|100%| O|  |TAMS 0x0000000088800000, 0x0000000088800000| Untracked 
|  79|0x0000000088900000, 0x0000000088a00000, 0x0000000088a00000|100%| O|  |TAMS 0x0000000088900000, 0x0000000088900000| Untracked 
|  80|0x0000000088a00000, 0x0000000088b00000, 0x0000000088b00000|100%| O|  |TAMS 0x0000000088a00000, 0x0000000088a00000| Untracked 
|  81|0x0000000088b00000, 0x0000000088c00000, 0x0000000088c00000|100%| O|  |TAMS 0x0000000088b00000, 0x0000000088b00000| Untracked 
|  82|0x0000000088c00000, 0x0000000088c00000, 0x0000000088d00000|  0%| F|  |TAMS 0x0000000088c00000, 0x0000000088c00000| Untracked 
|  83|0x0000000088d00000, 0x0000000088e00000, 0x0000000088e00000|100%|HS|  |TAMS 0x0000000088e00000, 0x0000000088d00000| Complete 
|  84|0x0000000088e00000, 0x0000000088f00000, 0x0000000088f00000|100%| O|  |TAMS 0x0000000088e00000, 0x0000000088e00000| Untracked 
|  85|0x0000000088f00000, 0x0000000088f00000, 0x0000000089000000|  0%| F|  |TAMS 0x0000000088f00000, 0x0000000088f00000| Untracked 
|  86|0x0000000089000000, 0x0000000089000000, 0x0000000089100000|  0%| F|  |TAMS 0x0000000089000000, 0x0000000089000000| Untracked 
|  87|0x0000000089100000, 0x0000000089100000, 0x0000000089200000|  0%| F|  |TAMS 0x0000000089100000, 0x0000000089100000| Untracked 
|  88|0x0000000089200000, 0x0000000089300000, 0x0000000089300000|100%| O|  |TAMS 0x0000000089200000, 0x0000000089200000| Untracked 
|  89|0x0000000089300000, 0x0000000089400000, 0x0000000089400000|100%| O|  |TAMS 0x0000000089300000, 0x0000000089300000| Untracked 
|  90|0x0000000089400000, 0x0000000089400000, 0x0000000089500000|  0%| F|  |TAMS 0x0000000089400000, 0x0000000089400000| Untracked 
|  91|0x0000000089500000, 0x0000000089600000, 0x0000000089600000|100%| O|  |TAMS 0x0000000089500000, 0x0000000089500000| Untracked 
|  92|0x0000000089600000, 0x0000000089700000, 0x0000000089700000|100%| O|  |TAMS 0x0000000089600000, 0x0000000089600000| Untracked 
|  93|0x0000000089700000, 0x0000000089800000, 0x0000000089800000|100%| O|  |TAMS 0x0000000089700000, 0x0000000089700000| Untracked 
|  94|0x0000000089800000, 0x0000000089800000, 0x0000000089900000|  0%| F|  |TAMS 0x0000000089800000, 0x0000000089800000| Untracked 
|  95|0x0000000089900000, 0x0000000089a00000, 0x0000000089a00000|100%| O|  |TAMS 0x0000000089900000, 0x0000000089900000| Untracked 
|  96|0x0000000089a00000, 0x0000000089b00000, 0x0000000089b00000|100%| O|  |TAMS 0x0000000089a00000, 0x0000000089a00000| Untracked 
|  97|0x0000000089b00000, 0x0000000089c00000, 0x0000000089c00000|100%| O|  |TAMS 0x0000000089b00000, 0x0000000089b00000| Untracked 
|  98|0x0000000089c00000, 0x0000000089d00000, 0x0000000089d00000|100%| O|  |TAMS 0x0000000089c00000, 0x0000000089c00000| Untracked 
|  99|0x0000000089d00000, 0x0000000089e00000, 0x0000000089e00000|100%| O|  |TAMS 0x0000000089d00000, 0x0000000089d00000| Untracked 
| 100|0x0000000089e00000, 0x0000000089f00000, 0x0000000089f00000|100%| O|  |TAMS 0x0000000089e00000, 0x0000000089e00000| Untracked 
| 101|0x0000000089f00000, 0x000000008a000000, 0x000000008a000000|100%| O|  |TAMS 0x0000000089f00000, 0x0000000089f00000| Untracked 
| 102|0x000000008a000000, 0x000000008a100000, 0x000000008a100000|100%| O|  |TAMS 0x000000008a000000, 0x000000008a000000| Untracked 
| 103|0x000000008a100000, 0x000000008a200000, 0x000000008a200000|100%| O|  |TAMS 0x000000008a100000, 0x000000008a100000| Untracked 
| 104|0x000000008a200000, 0x000000008a200000, 0x000000008a300000|  0%| F|  |TAMS 0x000000008a200000, 0x000000008a200000| Untracked 
| 105|0x000000008a300000, 0x000000008a300000, 0x000000008a400000|  0%| F|  |TAMS 0x000000008a300000, 0x000000008a300000| Untracked 
| 106|0x000000008a400000, 0x000000008a500000, 0x000000008a500000|100%| O|  |TAMS 0x000000008a400000, 0x000000008a400000| Untracked 
| 107|0x000000008a500000, 0x000000008a600000, 0x000000008a600000|100%| O|  |TAMS 0x000000008a500000, 0x000000008a500000| Untracked 
| 108|0x000000008a600000, 0x000000008a700000, 0x000000008a700000|100%| O|  |TAMS 0x000000008a600000, 0x000000008a600000| Untracked 
| 109|0x000000008a700000, 0x000000008a800000, 0x000000008a800000|100%| O|  |TAMS 0x000000008a700000, 0x000000008a700000| Untracked 
| 110|0x000000008a800000, 0x000000008a900000, 0x000000008a900000|100%| O|  |TAMS 0x000000008a800000, 0x000000008a800000| Untracked 
| 111|0x000000008a900000, 0x000000008aa00000, 0x000000008aa00000|100%| O|  |TAMS 0x000000008a900000, 0x000000008a900000| Untracked 
| 112|0x000000008aa00000, 0x000000008ab00000, 0x000000008ab00000|100%| O|  |TAMS 0x000000008aa00000, 0x000000008aa00000| Untracked 
| 113|0x000000008ab00000, 0x000000008ac00000, 0x000000008ac00000|100%| O|  |TAMS 0x000000008ab00000, 0x000000008ab00000| Untracked 
| 114|0x000000008ac00000, 0x000000008ac00000, 0x000000008ad00000|  0%| F|  |TAMS 0x000000008ac00000, 0x000000008ac00000| Untracked 
| 115|0x000000008ad00000, 0x000000008ad00000, 0x000000008ae00000|  0%| F|  |TAMS 0x000000008ad00000, 0x000000008ad00000| Untracked 
| 116|0x000000008ae00000, 0x000000008ae00000, 0x000000008af00000|  0%| F|  |TAMS 0x000000008ae00000, 0x000000008ae00000| Untracked 
| 117|0x000000008af00000, 0x000000008af00000, 0x000000008b000000|  0%| F|  |TAMS 0x000000008af00000, 0x000000008af00000| Untracked 
| 118|0x000000008b000000, 0x000000008b000000, 0x000000008b100000|  0%| F|  |TAMS 0x000000008b000000, 0x000000008b000000| Untracked 
| 119|0x000000008b100000, 0x000000008b100000, 0x000000008b200000|  0%| F|  |TAMS 0x000000008b100000, 0x000000008b100000| Untracked 
| 120|0x000000008b200000, 0x000000008b300000, 0x000000008b300000|100%| O|  |TAMS 0x000000008b300000, 0x000000008b200000| Untracked 
| 121|0x000000008b300000, 0x000000008b400000, 0x000000008b400000|100%| O|  |TAMS 0x000000008b400000, 0x000000008b300000| Untracked 
| 122|0x000000008b400000, 0x000000008b500000, 0x000000008b500000|100%| O|  |TAMS 0x000000008b500000, 0x000000008b400000| Untracked 
| 123|0x000000008b500000, 0x000000008b600000, 0x000000008b600000|100%| O|  |TAMS 0x000000008b600000, 0x000000008b500000| Untracked 
| 124|0x000000008b600000, 0x000000008b700000, 0x000000008b700000|100%| O|  |TAMS 0x000000008b700000, 0x000000008b600000| Untracked 
| 125|0x000000008b700000, 0x000000008b800000, 0x000000008b800000|100%| O|  |TAMS 0x000000008b800000, 0x000000008b700000| Untracked 
| 126|0x000000008b800000, 0x000000008b900000, 0x000000008b900000|100%| O|  |TAMS 0x000000008b900000, 0x000000008b800000| Untracked 
| 127|0x000000008b900000, 0x000000008b900000, 0x000000008ba00000|  0%| F|  |TAMS 0x000000008b900000, 0x000000008b900000| Untracked 
| 128|0x000000008ba00000, 0x000000008bb00000, 0x000000008bb00000|100%| O|  |TAMS 0x000000008bb00000, 0x000000008ba00000| Untracked 
| 129|0x000000008bb00000, 0x000000008bc00000, 0x000000008bc00000|100%| O|  |TAMS 0x000000008bc00000, 0x000000008bb00000| Untracked 
| 130|0x000000008bc00000, 0x000000008bc00000, 0x000000008bd00000|  0%| F|  |TAMS 0x000000008bc00000, 0x000000008bc00000| Untracked 
| 131|0x000000008bd00000, 0x000000008bd00000, 0x000000008be00000|  0%| F|  |TAMS 0x000000008bd00000, 0x000000008bd00000| Untracked 
| 132|0x000000008be00000, 0x000000008be00000, 0x000000008bf00000|  0%| F|  |TAMS 0x000000008be00000, 0x000000008be00000| Untracked 
| 133|0x000000008bf00000, 0x000000008c000000, 0x000000008c000000|100%| O|  |TAMS 0x000000008c000000, 0x000000008bf00000| Untracked 
| 134|0x000000008c000000, 0x000000008c100000, 0x000000008c100000|100%| O|  |TAMS 0x000000008c100000, 0x000000008c000000| Untracked 
| 135|0x000000008c100000, 0x000000008c100000, 0x000000008c200000|  0%| F|  |TAMS 0x000000008c100000, 0x000000008c100000| Untracked 
| 136|0x000000008c200000, 0x000000008c200000, 0x000000008c300000|  0%| F|  |TAMS 0x000000008c200000, 0x000000008c200000| Untracked 
| 137|0x000000008c300000, 0x000000008c300000, 0x000000008c400000|  0%| F|  |TAMS 0x000000008c300000, 0x000000008c300000| Untracked 
| 138|0x000000008c400000, 0x000000008c400000, 0x000000008c500000|  0%| F|  |TAMS 0x000000008c400000, 0x000000008c400000| Untracked 
| 139|0x000000008c500000, 0x000000008c500000, 0x000000008c600000|  0%| F|  |TAMS 0x000000008c500000, 0x000000008c500000| Untracked 
| 140|0x000000008c600000, 0x000000008c600000, 0x000000008c700000|  0%| F|  |TAMS 0x000000008c600000, 0x000000008c600000| Untracked 
| 141|0x000000008c700000, 0x000000008c800000, 0x000000008c800000|100%| O|  |TAMS 0x000000008c800000, 0x000000008c700000| Untracked 
| 142|0x000000008c800000, 0x000000008c800000, 0x000000008c900000|  0%| F|  |TAMS 0x000000008c800000, 0x000000008c800000| Untracked 
| 143|0x000000008c900000, 0x000000008ca00000, 0x000000008ca00000|100%| O|  |TAMS 0x000000008ca00000, 0x000000008c900000| Untracked 
| 144|0x000000008ca00000, 0x000000008cb00000, 0x000000008cb00000|100%| O|  |TAMS 0x000000008cb00000, 0x000000008ca00000| Untracked 
| 145|0x000000008cb00000, 0x000000008cc00000, 0x000000008cc00000|100%| O|  |TAMS 0x000000008cc00000, 0x000000008cb00000| Untracked 
| 146|0x000000008cc00000, 0x000000008cd00000, 0x000000008cd00000|100%| O|  |TAMS 0x000000008cd00000, 0x000000008cc00000| Untracked 
| 147|0x000000008cd00000, 0x000000008ce00000, 0x000000008ce00000|100%| O|  |TAMS 0x000000008ce00000, 0x000000008cd00000| Untracked 
| 148|0x000000008ce00000, 0x000000008cf00000, 0x000000008cf00000|100%| O|  |TAMS 0x000000008cf00000, 0x000000008ce00000| Untracked 
| 149|0x000000008cf00000, 0x000000008d000000, 0x000000008d000000|100%| O|  |TAMS 0x000000008d000000, 0x000000008cf00000| Untracked 
| 150|0x000000008d000000, 0x000000008d100000, 0x000000008d100000|100%| O|  |TAMS 0x000000008d100000, 0x000000008d000000| Untracked 
| 151|0x000000008d100000, 0x000000008d200000, 0x000000008d200000|100%| O|  |TAMS 0x000000008d200000, 0x000000008d100000| Untracked 
| 152|0x000000008d200000, 0x000000008d200000, 0x000000008d300000|  0%| F|  |TAMS 0x000000008d200000, 0x000000008d200000| Untracked 
| 153|0x000000008d300000, 0x000000008d300000, 0x000000008d400000|  0%| F|  |TAMS 0x000000008d300000, 0x000000008d300000| Untracked 
| 154|0x000000008d400000, 0x000000008d400000, 0x000000008d500000|  0%| F|  |TAMS 0x000000008d400000, 0x000000008d400000| Untracked 
| 155|0x000000008d500000, 0x000000008d500000, 0x000000008d600000|  0%| F|  |TAMS 0x000000008d500000, 0x000000008d500000| Untracked 
| 156|0x000000008d600000, 0x000000008d600000, 0x000000008d700000|  0%| F|  |TAMS 0x000000008d600000, 0x000000008d600000| Untracked 
| 157|0x000000008d700000, 0x000000008d700000, 0x000000008d800000|  0%| F|  |TAMS 0x000000008d700000, 0x000000008d700000| Untracked 
| 158|0x000000008d800000, 0x000000008d800000, 0x000000008d900000|  0%| F|  |TAMS 0x000000008d800000, 0x000000008d800000| Untracked 
| 159|0x000000008d900000, 0x000000008d900000, 0x000000008da00000|  0%| F|  |TAMS 0x000000008d900000, 0x000000008d900000| Untracked 
| 160|0x000000008da00000, 0x000000008da00000, 0x000000008db00000|  0%| F|  |TAMS 0x000000008da00000, 0x000000008da00000| Untracked 
| 161|0x000000008db00000, 0x000000008db00000, 0x000000008dc00000|  0%| F|  |TAMS 0x000000008db00000, 0x000000008db00000| Untracked 
| 162|0x000000008dc00000, 0x000000008dc00000, 0x000000008dd00000|  0%| F|  |TAMS 0x000000008dc00000, 0x000000008dc00000| Untracked 
| 163|0x000000008dd00000, 0x000000008dd00000, 0x000000008de00000|  0%| F|  |TAMS 0x000000008dd00000, 0x000000008dd00000| Untracked 
| 164|0x000000008de00000, 0x000000008de00000, 0x000000008df00000|  0%| F|  |TAMS 0x000000008de00000, 0x000000008de00000| Untracked 
| 165|0x000000008df00000, 0x000000008df00000, 0x000000008e000000|  0%| F|  |TAMS 0x000000008df00000, 0x000000008df00000| Untracked 
| 166|0x000000008e000000, 0x000000008e000000, 0x000000008e100000|  0%| F|  |TAMS 0x000000008e000000, 0x000000008e000000| Untracked 
| 167|0x000000008e100000, 0x000000008e100000, 0x000000008e200000|  0%| F|  |TAMS 0x000000008e100000, 0x000000008e100000| Untracked 
| 168|0x000000008e200000, 0x000000008e200000, 0x000000008e300000|  0%| F|  |TAMS 0x000000008e200000, 0x000000008e200000| Untracked 
| 169|0x000000008e300000, 0x000000008e300000, 0x000000008e400000|  0%| F|  |TAMS 0x000000008e300000, 0x000000008e300000| Untracked 
| 170|0x000000008e400000, 0x000000008e400000, 0x000000008e500000|  0%| F|  |TAMS 0x000000008e400000, 0x000000008e400000| Untracked 
| 171|0x000000008e500000, 0x000000008e600000, 0x000000008e600000|100%| O|  |TAMS 0x000000008e600000, 0x000000008e500000| Untracked 
| 172|0x000000008e600000, 0x000000008e600000, 0x000000008e700000|  0%| F|  |TAMS 0x000000008e600000, 0x000000008e600000| Untracked 
| 173|0x000000008e700000, 0x000000008e700000, 0x000000008e800000|  0%| F|  |TAMS 0x000000008e700000, 0x000000008e700000| Untracked 
| 174|0x000000008e800000, 0x000000008e800000, 0x000000008e900000|  0%| F|  |TAMS 0x000000008e800000, 0x000000008e800000| Untracked 
| 175|0x000000008e900000, 0x000000008e900000, 0x000000008ea00000|  0%| F|  |TAMS 0x000000008e900000, 0x000000008e900000| Untracked 
| 176|0x000000008ea00000, 0x000000008ea00000, 0x000000008eb00000|  0%| F|  |TAMS 0x000000008ea00000, 0x000000008ea00000| Untracked 
| 177|0x000000008eb00000, 0x000000008eb00000, 0x000000008ec00000|  0%| F|  |TAMS 0x000000008eb00000, 0x000000008eb00000| Untracked 
| 178|0x000000008ec00000, 0x000000008ec00000, 0x000000008ed00000|  0%| F|  |TAMS 0x000000008ec00000, 0x000000008ec00000| Untracked 
| 179|0x000000008ed00000, 0x000000008ed00000, 0x000000008ee00000|  0%| F|  |TAMS 0x000000008ed00000, 0x000000008ed00000| Untracked 
| 180|0x000000008ee00000, 0x000000008ee00000, 0x000000008ef00000|  0%| F|  |TAMS 0x000000008ee00000, 0x000000008ee00000| Untracked 
| 181|0x000000008ef00000, 0x000000008ef00000, 0x000000008f000000|  0%| F|  |TAMS 0x000000008ef00000, 0x000000008ef00000| Untracked 
| 182|0x000000008f000000, 0x000000008f000000, 0x000000008f100000|  0%| F|  |TAMS 0x000000008f000000, 0x000000008f000000| Untracked 
| 183|0x000000008f100000, 0x000000008f100000, 0x000000008f200000|  0%| F|  |TAMS 0x000000008f100000, 0x000000008f100000| Untracked 
| 184|0x000000008f200000, 0x000000008f200000, 0x000000008f300000|  0%| F|  |TAMS 0x000000008f200000, 0x000000008f200000| Untracked 
| 185|0x000000008f300000, 0x000000008f300000, 0x000000008f400000|  0%| F|  |TAMS 0x000000008f300000, 0x000000008f300000| Untracked 
| 186|0x000000008f400000, 0x000000008f400000, 0x000000008f500000|  0%| F|  |TAMS 0x000000008f400000, 0x000000008f400000| Untracked 
| 187|0x000000008f500000, 0x000000008f500000, 0x000000008f600000|  0%| F|  |TAMS 0x000000008f500000, 0x000000008f500000| Untracked 
| 188|0x000000008f600000, 0x000000008f600000, 0x000000008f700000|  0%| F|  |TAMS 0x000000008f600000, 0x000000008f600000| Untracked 
| 189|0x000000008f700000, 0x000000008f700000, 0x000000008f800000|  0%| F|  |TAMS 0x000000008f700000, 0x000000008f700000| Untracked 
| 190|0x000000008f800000, 0x000000008f800000, 0x000000008f900000|  0%| F|  |TAMS 0x000000008f800000, 0x000000008f800000| Untracked 
| 191|0x000000008f900000, 0x000000008f900000, 0x000000008fa00000|  0%| F|  |TAMS 0x000000008f900000, 0x000000008f900000| Untracked 
| 192|0x000000008fa00000, 0x000000008fa00000, 0x000000008fb00000|  0%| F|  |TAMS 0x000000008fa00000, 0x000000008fa00000| Untracked 
| 193|0x000000008fb00000, 0x000000008fb00000, 0x000000008fc00000|  0%| F|  |TAMS 0x000000008fb00000, 0x000000008fb00000| Untracked 
| 194|0x000000008fc00000, 0x000000008fc00000, 0x000000008fd00000|  0%| F|  |TAMS 0x000000008fc00000, 0x000000008fc00000| Untracked 
| 195|0x000000008fd00000, 0x000000008fd00000, 0x000000008fe00000|  0%| F|  |TAMS 0x000000008fd00000, 0x000000008fd00000| Untracked 
| 196|0x000000008fe00000, 0x000000008fe00000, 0x000000008ff00000|  0%| F|  |TAMS 0x000000008fe00000, 0x000000008fe00000| Untracked 
| 197|0x000000008ff00000, 0x000000008ff00000, 0x0000000090000000|  0%| F|  |TAMS 0x000000008ff00000, 0x000000008ff00000| Untracked 
| 198|0x0000000090000000, 0x0000000090000000, 0x0000000090100000|  0%| F|  |TAMS 0x0000000090000000, 0x0000000090000000| Untracked 
| 199|0x0000000090100000, 0x0000000090100000, 0x0000000090200000|  0%| F|  |TAMS 0x0000000090100000, 0x0000000090100000| Untracked 
| 200|0x0000000090200000, 0x0000000090200000, 0x0000000090300000|  0%| F|  |TAMS 0x0000000090200000, 0x0000000090200000| Untracked 
| 201|0x0000000090300000, 0x0000000090300000, 0x0000000090400000|  0%| F|  |TAMS 0x0000000090300000, 0x0000000090300000| Untracked 
| 202|0x0000000090400000, 0x0000000090400000, 0x0000000090500000|  0%| F|  |TAMS 0x0000000090400000, 0x0000000090400000| Untracked 
| 203|0x0000000090500000, 0x0000000090500000, 0x0000000090600000|  0%| F|  |TAMS 0x0000000090500000, 0x0000000090500000| Untracked 
| 204|0x0000000090600000, 0x0000000090600000, 0x0000000090700000|  0%| F|  |TAMS 0x0000000090600000, 0x0000000090600000| Untracked 
| 205|0x0000000090700000, 0x0000000090700000, 0x0000000090800000|  0%| F|  |TAMS 0x0000000090700000, 0x0000000090700000| Untracked 
| 206|0x0000000090800000, 0x0000000090800000, 0x0000000090900000|  0%| F|  |TAMS 0x0000000090800000, 0x0000000090800000| Untracked 
| 207|0x0000000090900000, 0x0000000090900000, 0x0000000090a00000|  0%| F|  |TAMS 0x0000000090900000, 0x0000000090900000| Untracked 
| 208|0x0000000090a00000, 0x0000000090a00000, 0x0000000090b00000|  0%| F|  |TAMS 0x0000000090a00000, 0x0000000090a00000| Untracked 
| 209|0x0000000090b00000, 0x0000000090b00000, 0x0000000090c00000|  0%| F|  |TAMS 0x0000000090b00000, 0x0000000090b00000| Untracked 
| 210|0x0000000090c00000, 0x0000000090c00000, 0x0000000090d00000|  0%| F|  |TAMS 0x0000000090c00000, 0x0000000090c00000| Untracked 
| 211|0x0000000090d00000, 0x0000000090d00000, 0x0000000090e00000|  0%| F|  |TAMS 0x0000000090d00000, 0x0000000090d00000| Untracked 
| 212|0x0000000090e00000, 0x0000000090e00000, 0x0000000090f00000|  0%| F|  |TAMS 0x0000000090e00000, 0x0000000090e00000| Untracked 
| 213|0x0000000090f00000, 0x0000000090f00000, 0x0000000091000000|  0%| F|  |TAMS 0x0000000090f00000, 0x0000000090f00000| Untracked 
| 214|0x0000000091000000, 0x0000000091000000, 0x0000000091100000|  0%| F|  |TAMS 0x0000000091000000, 0x0000000091000000| Untracked 
| 215|0x0000000091100000, 0x0000000091100000, 0x0000000091200000|  0%| F|  |TAMS 0x0000000091100000, 0x0000000091100000| Untracked 
| 216|0x0000000091200000, 0x0000000091200000, 0x0000000091300000|  0%| F|  |TAMS 0x0000000091200000, 0x0000000091200000| Untracked 
| 217|0x0000000091300000, 0x0000000091300000, 0x0000000091400000|  0%| F|  |TAMS 0x0000000091300000, 0x0000000091300000| Untracked 
| 218|0x0000000091400000, 0x0000000091400000, 0x0000000091500000|  0%| F|  |TAMS 0x0000000091400000, 0x0000000091400000| Untracked 
| 219|0x0000000091500000, 0x0000000091500000, 0x0000000091600000|  0%| F|  |TAMS 0x0000000091500000, 0x0000000091500000| Untracked 
| 220|0x0000000091600000, 0x00000000916690e0, 0x0000000091700000| 41%| S|CS|TAMS 0x0000000091600000, 0x0000000091600000| Complete 
| 221|0x0000000091700000, 0x0000000091800000, 0x0000000091800000|100%| S|CS|TAMS 0x0000000091700000, 0x0000000091700000| Complete 
| 222|0x0000000091800000, 0x0000000091900000, 0x0000000091900000|100%| S|CS|TAMS 0x0000000091800000, 0x0000000091800000| Complete 
| 223|0x0000000091900000, 0x0000000091900000, 0x0000000091a00000|  0%| F|  |TAMS 0x0000000091900000, 0x0000000091900000| Untracked 
| 224|0x0000000091a00000, 0x0000000091a00000, 0x0000000091b00000|  0%| F|  |TAMS 0x0000000091a00000, 0x0000000091a00000| Untracked 
| 225|0x0000000091b00000, 0x0000000091b00000, 0x0000000091c00000|  0%| F|  |TAMS 0x0000000091b00000, 0x0000000091b00000| Untracked 
| 226|0x0000000091c00000, 0x0000000091c00000, 0x0000000091d00000|  0%| F|  |TAMS 0x0000000091c00000, 0x0000000091c00000| Untracked 
| 227|0x0000000091d00000, 0x0000000091d00000, 0x0000000091e00000|  0%| F|  |TAMS 0x0000000091d00000, 0x0000000091d00000| Untracked 
| 228|0x0000000091e00000, 0x0000000091e00000, 0x0000000091f00000|  0%| F|  |TAMS 0x0000000091e00000, 0x0000000091e00000| Untracked 
| 229|0x0000000091f00000, 0x0000000091f00000, 0x0000000092000000|  0%| F|  |TAMS 0x0000000091f00000, 0x0000000091f00000| Untracked 
| 230|0x0000000092000000, 0x0000000092000000, 0x0000000092100000|  0%| F|  |TAMS 0x0000000092000000, 0x0000000092000000| Untracked 
| 231|0x0000000092100000, 0x0000000092100000, 0x0000000092200000|  0%| F|  |TAMS 0x0000000092100000, 0x0000000092100000| Untracked 
| 232|0x0000000092200000, 0x0000000092200000, 0x0000000092300000|  0%| F|  |TAMS 0x0000000092200000, 0x0000000092200000| Untracked 
| 233|0x0000000092300000, 0x0000000092300000, 0x0000000092400000|  0%| F|  |TAMS 0x0000000092300000, 0x0000000092300000| Untracked 
| 234|0x0000000092400000, 0x0000000092400000, 0x0000000092500000|  0%| F|  |TAMS 0x0000000092400000, 0x0000000092400000| Untracked 
| 235|0x0000000092500000, 0x0000000092500000, 0x0000000092600000|  0%| F|  |TAMS 0x0000000092500000, 0x0000000092500000| Untracked 
| 236|0x0000000092600000, 0x0000000092600000, 0x0000000092700000|  0%| F|  |TAMS 0x0000000092600000, 0x0000000092600000| Untracked 
| 237|0x0000000092700000, 0x0000000092700000, 0x0000000092800000|  0%| F|  |TAMS 0x0000000092700000, 0x0000000092700000| Untracked 
| 238|0x0000000092800000, 0x0000000092800000, 0x0000000092900000|  0%| F|  |TAMS 0x0000000092800000, 0x0000000092800000| Untracked 
| 239|0x0000000092900000, 0x0000000092900000, 0x0000000092a00000|  0%| F|  |TAMS 0x0000000092900000, 0x0000000092900000| Untracked 
| 240|0x0000000092a00000, 0x0000000092a00000, 0x0000000092b00000|  0%| F|  |TAMS 0x0000000092a00000, 0x0000000092a00000| Untracked 
| 241|0x0000000092b00000, 0x0000000092b00000, 0x0000000092c00000|  0%| F|  |TAMS 0x0000000092b00000, 0x0000000092b00000| Untracked 
| 242|0x0000000092c00000, 0x0000000092c00000, 0x0000000092d00000|  0%| F|  |TAMS 0x0000000092c00000, 0x0000000092c00000| Untracked 
| 243|0x0000000092d00000, 0x0000000092d00000, 0x0000000092e00000|  0%| F|  |TAMS 0x0000000092d00000, 0x0000000092d00000| Untracked 
| 244|0x0000000092e00000, 0x0000000092e00000, 0x0000000092f00000|  0%| F|  |TAMS 0x0000000092e00000, 0x0000000092e00000| Untracked 
| 245|0x0000000092f00000, 0x0000000092f00000, 0x0000000093000000|  0%| F|  |TAMS 0x0000000092f00000, 0x0000000092f00000| Untracked 
| 246|0x0000000093000000, 0x0000000093000000, 0x0000000093100000|  0%| F|  |TAMS 0x0000000093000000, 0x0000000093000000| Untracked 
| 247|0x0000000093100000, 0x0000000093100000, 0x0000000093200000|  0%| F|  |TAMS 0x0000000093100000, 0x0000000093100000| Untracked 
| 248|0x0000000093200000, 0x0000000093200000, 0x0000000093300000|  0%| F|  |TAMS 0x0000000093200000, 0x0000000093200000| Untracked 
| 249|0x0000000093300000, 0x0000000093300000, 0x0000000093400000|  0%| F|  |TAMS 0x0000000093300000, 0x0000000093300000| Untracked 
| 250|0x0000000093400000, 0x0000000093400000, 0x0000000093500000|  0%| F|  |TAMS 0x0000000093400000, 0x0000000093400000| Untracked 
| 251|0x0000000093500000, 0x0000000093500000, 0x0000000093600000|  0%| F|  |TAMS 0x0000000093500000, 0x0000000093500000| Untracked 
| 252|0x0000000093600000, 0x0000000093600000, 0x0000000093700000|  0%| F|  |TAMS 0x0000000093600000, 0x0000000093600000| Untracked 
| 253|0x0000000093700000, 0x0000000093700000, 0x0000000093800000|  0%| F|  |TAMS 0x0000000093700000, 0x0000000093700000| Untracked 
| 254|0x0000000093800000, 0x0000000093800000, 0x0000000093900000|  0%| F|  |TAMS 0x0000000093800000, 0x0000000093800000| Untracked 
| 255|0x0000000093900000, 0x0000000093900000, 0x0000000093a00000|  0%| F|  |TAMS 0x0000000093900000, 0x0000000093900000| Untracked 
| 256|0x0000000093a00000, 0x0000000093a00000, 0x0000000093b00000|  0%| F|  |TAMS 0x0000000093a00000, 0x0000000093a00000| Untracked 
| 257|0x0000000093b00000, 0x0000000093b00000, 0x0000000093c00000|  0%| F|  |TAMS 0x0000000093b00000, 0x0000000093b00000| Untracked 
| 258|0x0000000093c00000, 0x0000000093c00000, 0x0000000093d00000|  0%| F|  |TAMS 0x0000000093c00000, 0x0000000093c00000| Untracked 
| 259|0x0000000093d00000, 0x0000000093d00000, 0x0000000093e00000|  0%| F|  |TAMS 0x0000000093d00000, 0x0000000093d00000| Untracked 
| 260|0x0000000093e00000, 0x0000000093e00000, 0x0000000093f00000|  0%| F|  |TAMS 0x0000000093e00000, 0x0000000093e00000| Untracked 
| 261|0x0000000093f00000, 0x0000000093f00000, 0x0000000094000000|  0%| F|  |TAMS 0x0000000093f00000, 0x0000000093f00000| Untracked 
| 262|0x0000000094000000, 0x0000000094000000, 0x0000000094100000|  0%| F|  |TAMS 0x0000000094000000, 0x0000000094000000| Untracked 
| 263|0x0000000094100000, 0x0000000094100000, 0x0000000094200000|  0%| F|  |TAMS 0x0000000094100000, 0x0000000094100000| Untracked 
| 264|0x0000000094200000, 0x0000000094200000, 0x0000000094300000|  0%| F|  |TAMS 0x0000000094200000, 0x0000000094200000| Untracked 
| 265|0x0000000094300000, 0x0000000094300000, 0x0000000094400000|  0%| F|  |TAMS 0x0000000094300000, 0x0000000094300000| Untracked 
| 266|0x0000000094400000, 0x0000000094400000, 0x0000000094500000|  0%| F|  |TAMS 0x0000000094400000, 0x0000000094400000| Untracked 
| 267|0x0000000094500000, 0x0000000094500000, 0x0000000094600000|  0%| F|  |TAMS 0x0000000094500000, 0x0000000094500000| Untracked 
| 268|0x0000000094600000, 0x0000000094600000, 0x0000000094700000|  0%| F|  |TAMS 0x0000000094600000, 0x0000000094600000| Untracked 
| 269|0x0000000094700000, 0x0000000094700000, 0x0000000094800000|  0%| F|  |TAMS 0x0000000094700000, 0x0000000094700000| Untracked 
| 270|0x0000000094800000, 0x0000000094800000, 0x0000000094900000|  0%| F|  |TAMS 0x0000000094800000, 0x0000000094800000| Untracked 
| 271|0x0000000094900000, 0x0000000094900000, 0x0000000094a00000|  0%| F|  |TAMS 0x0000000094900000, 0x0000000094900000| Untracked 
| 272|0x0000000094a00000, 0x0000000094a00000, 0x0000000094b00000|  0%| F|  |TAMS 0x0000000094a00000, 0x0000000094a00000| Untracked 
| 273|0x0000000094b00000, 0x0000000094b00000, 0x0000000094c00000|  0%| F|  |TAMS 0x0000000094b00000, 0x0000000094b00000| Untracked 
| 274|0x0000000094c00000, 0x0000000094c00000, 0x0000000094d00000|  0%| F|  |TAMS 0x0000000094c00000, 0x0000000094c00000| Untracked 
| 275|0x0000000094d00000, 0x0000000094d00000, 0x0000000094e00000|  0%| F|  |TAMS 0x0000000094d00000, 0x0000000094d00000| Untracked 
| 276|0x0000000094e00000, 0x0000000094e00000, 0x0000000094f00000|  0%| F|  |TAMS 0x0000000094e00000, 0x0000000094e00000| Untracked 
| 277|0x0000000094f00000, 0x0000000094f00000, 0x0000000095000000|  0%| F|  |TAMS 0x0000000094f00000, 0x0000000094f00000| Untracked 
| 278|0x0000000095000000, 0x0000000095000000, 0x0000000095100000|  0%| F|  |TAMS 0x0000000095000000, 0x0000000095000000| Untracked 
| 279|0x0000000095100000, 0x0000000095100000, 0x0000000095200000|  0%| F|  |TAMS 0x0000000095100000, 0x0000000095100000| Untracked 
| 280|0x0000000095200000, 0x0000000095200000, 0x0000000095300000|  0%| F|  |TAMS 0x0000000095200000, 0x0000000095200000| Untracked 
| 281|0x0000000095300000, 0x0000000095300000, 0x0000000095400000|  0%| F|  |TAMS 0x0000000095300000, 0x0000000095300000| Untracked 
| 282|0x0000000095400000, 0x0000000095400000, 0x0000000095500000|  0%| F|  |TAMS 0x0000000095400000, 0x0000000095400000| Untracked 
| 283|0x0000000095500000, 0x0000000095500000, 0x0000000095600000|  0%| F|  |TAMS 0x0000000095500000, 0x0000000095500000| Untracked 
| 284|0x0000000095600000, 0x0000000095600000, 0x0000000095700000|  0%| F|  |TAMS 0x0000000095600000, 0x0000000095600000| Untracked 
| 285|0x0000000095700000, 0x0000000095700000, 0x0000000095800000|  0%| F|  |TAMS 0x0000000095700000, 0x0000000095700000| Untracked 
| 286|0x0000000095800000, 0x0000000095800000, 0x0000000095900000|  0%| F|  |TAMS 0x0000000095800000, 0x0000000095800000| Untracked 
| 287|0x0000000095900000, 0x0000000095900000, 0x0000000095a00000|  0%| F|  |TAMS 0x0000000095900000, 0x0000000095900000| Untracked 
| 288|0x0000000095a00000, 0x0000000095a00000, 0x0000000095b00000|  0%| F|  |TAMS 0x0000000095a00000, 0x0000000095a00000| Untracked 
| 289|0x0000000095b00000, 0x0000000095b00000, 0x0000000095c00000|  0%| F|  |TAMS 0x0000000095b00000, 0x0000000095b00000| Untracked 
| 290|0x0000000095c00000, 0x0000000095c00000, 0x0000000095d00000|  0%| F|  |TAMS 0x0000000095c00000, 0x0000000095c00000| Untracked 
| 291|0x0000000095d00000, 0x0000000095d00000, 0x0000000095e00000|  0%| F|  |TAMS 0x0000000095d00000, 0x0000000095d00000| Untracked 
| 292|0x0000000095e00000, 0x0000000095e00000, 0x0000000095f00000|  0%| F|  |TAMS 0x0000000095e00000, 0x0000000095e00000| Untracked 
| 293|0x0000000095f00000, 0x0000000095f00000, 0x0000000096000000|  0%| F|  |TAMS 0x0000000095f00000, 0x0000000095f00000| Untracked 
| 294|0x0000000096000000, 0x0000000096000000, 0x0000000096100000|  0%| F|  |TAMS 0x0000000096000000, 0x0000000096000000| Untracked 
| 295|0x0000000096100000, 0x0000000096100000, 0x0000000096200000|  0%| F|  |TAMS 0x0000000096100000, 0x0000000096100000| Untracked 
| 296|0x0000000096200000, 0x0000000096200000, 0x0000000096300000|  0%| F|  |TAMS 0x0000000096200000, 0x0000000096200000| Untracked 
| 297|0x0000000096300000, 0x0000000096300000, 0x0000000096400000|  0%| F|  |TAMS 0x0000000096300000, 0x0000000096300000| Untracked 
| 298|0x0000000096400000, 0x0000000096400000, 0x0000000096500000|  0%| F|  |TAMS 0x0000000096400000, 0x0000000096400000| Untracked 
| 299|0x0000000096500000, 0x0000000096500000, 0x0000000096600000|  0%| F|  |TAMS 0x0000000096500000, 0x0000000096500000| Untracked 
| 300|0x0000000096600000, 0x0000000096600000, 0x0000000096700000|  0%| F|  |TAMS 0x0000000096600000, 0x0000000096600000| Untracked 
| 301|0x0000000096700000, 0x0000000096700000, 0x0000000096800000|  0%| F|  |TAMS 0x0000000096700000, 0x0000000096700000| Untracked 
| 302|0x0000000096800000, 0x0000000096800000, 0x0000000096900000|  0%| F|  |TAMS 0x0000000096800000, 0x0000000096800000| Untracked 
| 303|0x0000000096900000, 0x0000000096900000, 0x0000000096a00000|  0%| F|  |TAMS 0x0000000096900000, 0x0000000096900000| Untracked 
| 304|0x0000000096a00000, 0x0000000096a00000, 0x0000000096b00000|  0%| F|  |TAMS 0x0000000096a00000, 0x0000000096a00000| Untracked 
| 305|0x0000000096b00000, 0x0000000096b00000, 0x0000000096c00000|  0%| F|  |TAMS 0x0000000096b00000, 0x0000000096b00000| Untracked 
| 306|0x0000000096c00000, 0x0000000096c00000, 0x0000000096d00000|  0%| F|  |TAMS 0x0000000096c00000, 0x0000000096c00000| Untracked 
| 307|0x0000000096d00000, 0x0000000096d00000, 0x0000000096e00000|  0%| F|  |TAMS 0x0000000096d00000, 0x0000000096d00000| Untracked 
| 308|0x0000000096e00000, 0x0000000096e00000, 0x0000000096f00000|  0%| F|  |TAMS 0x0000000096e00000, 0x0000000096e00000| Untracked 
| 309|0x0000000096f00000, 0x0000000096f00000, 0x0000000097000000|  0%| F|  |TAMS 0x0000000096f00000, 0x0000000096f00000| Untracked 
| 310|0x0000000097000000, 0x0000000097000000, 0x0000000097100000|  0%| F|  |TAMS 0x0000000097000000, 0x0000000097000000| Untracked 
| 311|0x0000000097100000, 0x0000000097100000, 0x0000000097200000|  0%| F|  |TAMS 0x0000000097100000, 0x0000000097100000| Untracked 
| 312|0x0000000097200000, 0x0000000097200000, 0x0000000097300000|  0%| F|  |TAMS 0x0000000097200000, 0x0000000097200000| Untracked 
| 313|0x0000000097300000, 0x0000000097300000, 0x0000000097400000|  0%| F|  |TAMS 0x0000000097300000, 0x0000000097300000| Untracked 
| 314|0x0000000097400000, 0x0000000097400000, 0x0000000097500000|  0%| F|  |TAMS 0x0000000097400000, 0x0000000097400000| Untracked 
| 315|0x0000000097500000, 0x0000000097500000, 0x0000000097600000|  0%| F|  |TAMS 0x0000000097500000, 0x0000000097500000| Untracked 
| 316|0x0000000097600000, 0x0000000097600000, 0x0000000097700000|  0%| F|  |TAMS 0x0000000097600000, 0x0000000097600000| Untracked 
| 317|0x0000000097700000, 0x0000000097700000, 0x0000000097800000|  0%| F|  |TAMS 0x0000000097700000, 0x0000000097700000| Untracked 
| 318|0x0000000097800000, 0x0000000097800000, 0x0000000097900000|  0%| F|  |TAMS 0x0000000097800000, 0x0000000097800000| Untracked 
| 319|0x0000000097900000, 0x0000000097900000, 0x0000000097a00000|  0%| F|  |TAMS 0x0000000097900000, 0x0000000097900000| Untracked 
| 320|0x0000000097a00000, 0x0000000097a00000, 0x0000000097b00000|  0%| F|  |TAMS 0x0000000097a00000, 0x0000000097a00000| Untracked 
| 321|0x0000000097b00000, 0x0000000097b00000, 0x0000000097c00000|  0%| F|  |TAMS 0x0000000097b00000, 0x0000000097b00000| Untracked 
| 322|0x0000000097c00000, 0x0000000097c00000, 0x0000000097d00000|  0%| F|  |TAMS 0x0000000097c00000, 0x0000000097c00000| Untracked 
| 323|0x0000000097d00000, 0x0000000097d00000, 0x0000000097e00000|  0%| F|  |TAMS 0x0000000097d00000, 0x0000000097d00000| Untracked 
| 324|0x0000000097e00000, 0x0000000097e00000, 0x0000000097f00000|  0%| F|  |TAMS 0x0000000097e00000, 0x0000000097e00000| Untracked 
| 325|0x0000000097f00000, 0x0000000097f00000, 0x0000000098000000|  0%| F|  |TAMS 0x0000000097f00000, 0x0000000097f00000| Untracked 
| 326|0x0000000098000000, 0x0000000098000000, 0x0000000098100000|  0%| F|  |TAMS 0x0000000098000000, 0x0000000098000000| Untracked 
| 327|0x0000000098100000, 0x0000000098100000, 0x0000000098200000|  0%| F|  |TAMS 0x0000000098100000, 0x0000000098100000| Untracked 
| 328|0x0000000098200000, 0x0000000098200000, 0x0000000098300000|  0%| F|  |TAMS 0x0000000098200000, 0x0000000098200000| Untracked 
| 329|0x0000000098300000, 0x0000000098300000, 0x0000000098400000|  0%| F|  |TAMS 0x0000000098300000, 0x0000000098300000| Untracked 
| 330|0x0000000098400000, 0x0000000098400000, 0x0000000098500000|  0%| F|  |TAMS 0x0000000098400000, 0x0000000098400000| Untracked 
| 331|0x0000000098500000, 0x0000000098500000, 0x0000000098600000|  0%| F|  |TAMS 0x0000000098500000, 0x0000000098500000| Untracked 
| 332|0x0000000098600000, 0x0000000098600000, 0x0000000098700000|  0%| F|  |TAMS 0x0000000098600000, 0x0000000098600000| Untracked 
| 333|0x0000000098700000, 0x0000000098700000, 0x0000000098800000|  0%| F|  |TAMS 0x0000000098700000, 0x0000000098700000| Untracked 
| 334|0x0000000098800000, 0x0000000098800000, 0x0000000098900000|  0%| F|  |TAMS 0x0000000098800000, 0x0000000098800000| Untracked 
| 335|0x0000000098900000, 0x0000000098900000, 0x0000000098a00000|  0%| F|  |TAMS 0x0000000098900000, 0x0000000098900000| Untracked 
| 336|0x0000000098a00000, 0x0000000098a00000, 0x0000000098b00000|  0%| F|  |TAMS 0x0000000098a00000, 0x0000000098a00000| Untracked 
| 337|0x0000000098b00000, 0x0000000098b00000, 0x0000000098c00000|  0%| F|  |TAMS 0x0000000098b00000, 0x0000000098b00000| Untracked 
| 338|0x0000000098c00000, 0x0000000098c00000, 0x0000000098d00000|  0%| F|  |TAMS 0x0000000098c00000, 0x0000000098c00000| Untracked 
| 339|0x0000000098d00000, 0x0000000098d00000, 0x0000000098e00000|  0%| F|  |TAMS 0x0000000098d00000, 0x0000000098d00000| Untracked 
| 340|0x0000000098e00000, 0x0000000098e00000, 0x0000000098f00000|  0%| F|  |TAMS 0x0000000098e00000, 0x0000000098e00000| Untracked 
| 341|0x0000000098f00000, 0x0000000098f00000, 0x0000000099000000|  0%| F|  |TAMS 0x0000000098f00000, 0x0000000098f00000| Untracked 
| 342|0x0000000099000000, 0x0000000099000000, 0x0000000099100000|  0%| F|  |TAMS 0x0000000099000000, 0x0000000099000000| Untracked 
| 343|0x0000000099100000, 0x0000000099100000, 0x0000000099200000|  0%| F|  |TAMS 0x0000000099100000, 0x0000000099100000| Untracked 
| 344|0x0000000099200000, 0x0000000099200000, 0x0000000099300000|  0%| F|  |TAMS 0x0000000099200000, 0x0000000099200000| Untracked 
| 345|0x0000000099300000, 0x0000000099300000, 0x0000000099400000|  0%| F|  |TAMS 0x0000000099300000, 0x0000000099300000| Untracked 
| 346|0x0000000099400000, 0x0000000099400000, 0x0000000099500000|  0%| F|  |TAMS 0x0000000099400000, 0x0000000099400000| Untracked 
| 347|0x0000000099500000, 0x0000000099500000, 0x0000000099600000|  0%| F|  |TAMS 0x0000000099500000, 0x0000000099500000| Untracked 
| 348|0x0000000099600000, 0x0000000099600000, 0x0000000099700000|  0%| F|  |TAMS 0x0000000099600000, 0x0000000099600000| Untracked 
| 349|0x0000000099700000, 0x0000000099700000, 0x0000000099800000|  0%| F|  |TAMS 0x0000000099700000, 0x0000000099700000| Untracked 
| 350|0x0000000099800000, 0x0000000099800000, 0x0000000099900000|  0%| F|  |TAMS 0x0000000099800000, 0x0000000099800000| Untracked 
| 351|0x0000000099900000, 0x0000000099900000, 0x0000000099a00000|  0%| F|  |TAMS 0x0000000099900000, 0x0000000099900000| Untracked 
| 352|0x0000000099a00000, 0x0000000099a00000, 0x0000000099b00000|  0%| F|  |TAMS 0x0000000099a00000, 0x0000000099a00000| Untracked 
| 353|0x0000000099b00000, 0x0000000099b00000, 0x0000000099c00000|  0%| F|  |TAMS 0x0000000099b00000, 0x0000000099b00000| Untracked 
| 354|0x0000000099c00000, 0x0000000099c00000, 0x0000000099d00000|  0%| F|  |TAMS 0x0000000099c00000, 0x0000000099c00000| Untracked 
| 355|0x0000000099d00000, 0x0000000099d00000, 0x0000000099e00000|  0%| F|  |TAMS 0x0000000099d00000, 0x0000000099d00000| Untracked 
| 356|0x0000000099e00000, 0x0000000099e00000, 0x0000000099f00000|  0%| F|  |TAMS 0x0000000099e00000, 0x0000000099e00000| Untracked 
| 357|0x0000000099f00000, 0x0000000099f00000, 0x000000009a000000|  0%| F|  |TAMS 0x0000000099f00000, 0x0000000099f00000| Untracked 
| 358|0x000000009a000000, 0x000000009a000000, 0x000000009a100000|  0%| F|  |TAMS 0x000000009a000000, 0x000000009a000000| Untracked 
| 359|0x000000009a100000, 0x000000009a100000, 0x000000009a200000|  0%| F|  |TAMS 0x000000009a100000, 0x000000009a100000| Untracked 
| 360|0x000000009a200000, 0x000000009a200000, 0x000000009a300000|  0%| F|  |TAMS 0x000000009a200000, 0x000000009a200000| Untracked 
| 361|0x000000009a300000, 0x000000009a300000, 0x000000009a400000|  0%| F|  |TAMS 0x000000009a300000, 0x000000009a300000| Untracked 
| 362|0x000000009a400000, 0x000000009a400000, 0x000000009a500000|  0%| F|  |TAMS 0x000000009a400000, 0x000000009a400000| Untracked 
| 363|0x000000009a500000, 0x000000009a500000, 0x000000009a600000|  0%| F|  |TAMS 0x000000009a500000, 0x000000009a500000| Untracked 
| 364|0x000000009a600000, 0x000000009a600000, 0x000000009a700000|  0%| F|  |TAMS 0x000000009a600000, 0x000000009a600000| Untracked 
| 365|0x000000009a700000, 0x000000009a700000, 0x000000009a800000|  0%| F|  |TAMS 0x000000009a700000, 0x000000009a700000| Untracked 
| 366|0x000000009a800000, 0x000000009a800000, 0x000000009a900000|  0%| F|  |TAMS 0x000000009a800000, 0x000000009a800000| Untracked 
| 367|0x000000009a900000, 0x000000009a900000, 0x000000009aa00000|  0%| F|  |TAMS 0x000000009a900000, 0x000000009a900000| Untracked 
| 368|0x000000009aa00000, 0x000000009aa00000, 0x000000009ab00000|  0%| F|  |TAMS 0x000000009aa00000, 0x000000009aa00000| Untracked 
| 369|0x000000009ab00000, 0x000000009ab00000, 0x000000009ac00000|  0%| F|  |TAMS 0x000000009ab00000, 0x000000009ab00000| Untracked 
| 370|0x000000009ac00000, 0x000000009ac00000, 0x000000009ad00000|  0%| F|  |TAMS 0x000000009ac00000, 0x000000009ac00000| Untracked 
| 371|0x000000009ad00000, 0x000000009ad00000, 0x000000009ae00000|  0%| F|  |TAMS 0x000000009ad00000, 0x000000009ad00000| Untracked 
| 372|0x000000009ae00000, 0x000000009ae00000, 0x000000009af00000|  0%| F|  |TAMS 0x000000009ae00000, 0x000000009ae00000| Untracked 
| 373|0x000000009af00000, 0x000000009af00000, 0x000000009b000000|  0%| F|  |TAMS 0x000000009af00000, 0x000000009af00000| Untracked 
| 374|0x000000009b000000, 0x000000009b000000, 0x000000009b100000|  0%| F|  |TAMS 0x000000009b000000, 0x000000009b000000| Untracked 
| 375|0x000000009b100000, 0x000000009b100000, 0x000000009b200000|  0%| F|  |TAMS 0x000000009b100000, 0x000000009b100000| Untracked 
|1983|0x00000000ff900000, 0x00000000ffa00000, 0x00000000ffa00000|100%| O|  |TAMS 0x00000000ffa00000, 0x00000000ff900000| Untracked 
|1984|0x00000000ffa00000, 0x00000000ffb00000, 0x00000000ffb00000|100%| O|  |TAMS 0x00000000ffb00000, 0x00000000ffa00000| Untracked 
|1985|0x00000000ffb00000, 0x00000000ffc00000, 0x00000000ffc00000|100%| O|  |TAMS 0x00000000ffc00000, 0x00000000ffb00000| Untracked 
|1986|0x00000000ffc00000, 0x00000000ffd00000, 0x00000000ffd00000|100%| O|  |TAMS 0x00000000ffd00000, 0x00000000ffc00000| Untracked 
|1987|0x00000000ffd00000, 0x00000000ffd00000, 0x00000000ffe00000|  0%| F|  |TAMS 0x00000000ffd00000, 0x00000000ffd00000| Untracked 
|1989|0x00000000fff00000, 0x00000000fff00000, 0x0000000100000000|  0%| F|  |TAMS 0x00000000fff00000, 0x00000000fff00000| Untracked 

Card table byte_map: [0x00000173715c0000,0x00000173719b0000] _byte_map_base: 0x00000173711a3000

Marking Bits (Prev, Next): (CMBitMap*) 0x000001735a1dbdc0, (CMBitMap*) 0x000001735a1dbd80
 Prev Bits: [0x0000017373cc0000, 0x0000017375bd8000)
 Next Bits: [0x0000017371da0000, 0x0000017373cb8000)

Polling page: 0x0000017359900000

Metaspace:

Usage:
  Non-class:     35.82 MB used.
      Class:      4.27 MB used.
       Both:     40.10 MB used.

Virtual space:
  Non-class space:       64.00 MB reserved,      36.06 MB ( 56%) committed,  1 nodes.
      Class space:        1.00 GB reserved,       4.38 MB ( <1%) committed,  1 nodes.
             Both:        1.06 GB reserved,      40.44 MB (  4%) committed. 

Chunk freelists:
   Non-Class:  11.80 MB
       Class:  11.45 MB
        Both:  23.25 MB

MaxMetaspaceSize: unlimited
CompressedClassSpaceSize: 1.00 GB
Initial GC threshold: 21.00 MB
Current GC threshold: 67.12 MB
CDS: on
MetaspaceReclaimPolicy: balanced
 - commit_granule_bytes: 65536.
 - commit_granule_words: 8192.
 - virtual_space_node_default_size: 8388608.
 - enlarge_chunks_in_place: 1.
 - new_chunks_are_fully_committed: 0.
 - uncommit_free_chunks: 1.
 - use_allocation_guard: 0.
 - handle_deallocations: 1.


Internal statistics:

num_allocs_failed_limit: 6.
num_arena_births: 258.
num_arena_deaths: 0.
num_vsnodes_births: 2.
num_vsnodes_deaths: 0.
num_space_committed: 647.
num_space_uncommitted: 0.
num_chunks_returned_to_freelist: 6.
num_chunks_taken_from_freelist: 1539.
num_chunk_merges: 0.
num_chunk_splits: 1081.
num_chunks_enlarged: 854.
num_inconsistent_stats: 0.

CodeHeap 'non-profiled nmethods': size=120000Kb used=6835Kb max_used=6853Kb free=113164Kb
 bounds [0x0000017369750000, 0x0000017369e20000, 0x0000017370c80000]
CodeHeap 'profiled nmethods': size=120000Kb used=24197Kb max_used=26163Kb free=95802Kb
 bounds [0x0000017361c80000, 0x0000017363610000, 0x00000173691b0000]
CodeHeap 'non-nmethods': size=5760Kb used=1271Kb max_used=1327Kb free=4488Kb
 bounds [0x00000173691b0000, 0x0000017369420000, 0x0000017369750000]
 total_blobs=11478 nmethods=10903 adapters=486
 compilation: enabled
              stopped_count=0, restarted_count=0
 full_count=0

Compilation events (20 events):
Event: 74.111 Thread 0x00000173782131d0 14951       3       com.sun.tools.javac.code.Types::getRetention (122 bytes)
Event: 74.112 Thread 0x00000173782131d0 nmethod 14951 0x000001736288af10 code [0x000001736288b120, 0x000001736288b978]
Event: 74.141 Thread 0x00000173782131d0 14953       2       com.sun.tools.javac.code.Type$ArrayType::equals (37 bytes)
Event: 74.141 Thread 0x00000173782131d0 nmethod 14953 0x00000173626fff10 code [0x00000173627000c0, 0x00000173627002a8]
Event: 74.141 Thread 0x00000173782131d0 14954       2       com.sun.tools.javac.code.Types$4::visitArrayType (10 bytes)
Event: 74.141 Thread 0x00000173782131d0 nmethod 14954 0x0000017362c02790 code [0x0000017362c02920, 0x0000017362c02a88]
Event: 74.141 Thread 0x00000173782131d0 14956       3       java.util.ArrayDeque$DeqIterator::next (62 bytes)
Event: 74.142 Thread 0x00000173782131d0 nmethod 14956 0x0000017362b2eb10 code [0x0000017362b2ece0, 0x0000017362b2f138]
Event: 74.142 Thread 0x00000173782131d0 14955       2       com.sun.tools.javac.code.Types$4::visitArrayType (140 bytes)
Event: 74.142 Thread 0x00000173782131d0 nmethod 14955 0x0000017362f03210 code [0x0000017362f03440, 0x0000017362f03918]
Event: 74.142 Thread 0x00000173782131d0 14957       2       com.sun.tools.javac.comp.Check$$Lambda$477/0x0000017301449f78::typesInferred (33 bytes)
Event: 74.142 Thread 0x00000173782131d0 nmethod 14957 0x00000173625d3790 code [0x00000173625d3920, 0x00000173625d3a68]
Event: 74.142 Thread 0x00000173782131d0 14958       2       com.sun.tools.javac.comp.Check::lambda$checkMethod$2 (22 bytes)
Event: 74.142 Thread 0x00000173782131d0 nmethod 14958 0x0000017362df5e10 code [0x0000017362df5fc0, 0x0000017362df61c8]
Event: 74.151 Thread 0x00000173782131d0 14960       2       com.sun.tools.javac.tree.TreeTranslator::visitTypeArray (21 bytes)
Event: 74.152 Thread 0x00000173782131d0 nmethod 14960 0x0000017361f75310 code [0x0000017361f754c0, 0x0000017361f75708]
Event: 74.155 Thread 0x00000173782131d0 14962       2       com.sun.tools.javac.jvm.ClassWriter::writeInnerClasses (295 bytes)
Event: 74.157 Thread 0x00000173782131d0 nmethod 14962 0x0000017362fc0d90 code [0x0000017362fc11a0, 0x0000017362fc2128]
Event: 74.157 Thread 0x00000173782131d0 14963       2       com.sun.tools.javac.tree.TreeInfo::getConstructorInvocationName (103 bytes)
Event: 74.157 Thread 0x00000173782131d0 nmethod 14963 0x0000017362700890 code [0x0000017362700aa0, 0x0000017362700fa8]

GC Heap History (20 events):
Event: 62.033 GC heap after
{Heap after GC invocations=40 (full 0):
 garbage-first heap   total 269312K, used 126663K [0x0000000083a00000, 0x0000000100000000)
  region size 1024K, 15 young (15360K), 15 survivors (15360K)
 Metaspace       used 39611K, committed 39936K, reserved 1114112K
  class space    used 4277K, committed 4416K, reserved 1048576K
}
Event: 62.042 GC heap before
{Heap before GC invocations=40 (full 0):
 garbage-first heap   total 269312K, used 127687K [0x0000000083a00000, 0x0000000100000000)
  region size 1024K, 16 young (16384K), 15 survivors (15360K)
 Metaspace       used 39612K, committed 39936K, reserved 1114112K
  class space    used 4277K, committed 4416K, reserved 1048576K
}
Event: 62.054 GC heap after
{Heap after GC invocations=41 (full 0):
 garbage-first heap   total 269312K, used 116938K [0x0000000083a00000, 0x0000000100000000)
  region size 1024K, 1 young (1024K), 1 survivors (1024K)
 Metaspace       used 39612K, committed 39936K, reserved 1114112K
  class space    used 4277K, committed 4416K, reserved 1048576K
}
Event: 63.494 GC heap before
{Heap before GC invocations=41 (full 0):
 garbage-first heap   total 269312K, used 201930K [0x0000000083a00000, 0x0000000100000000)
  region size 1024K, 84 young (86016K), 1 survivors (1024K)
 Metaspace       used 39686K, committed 40000K, reserved 1114112K
  class space    used 4281K, committed 4416K, reserved 1048576K
}
Event: 63.500 GC heap after
{Heap after GC invocations=42 (full 0):
 garbage-first heap   total 618496K, used 116222K [0x0000000083a00000, 0x0000000100000000)
  region size 1024K, 3 young (3072K), 3 survivors (3072K)
 Metaspace       used 39686K, committed 40000K, reserved 1114112K
  class space    used 4281K, committed 4416K, reserved 1048576K
}
Event: 71.658 GC heap before
{Heap before GC invocations=43 (full 0):
 garbage-first heap   total 389120K, used 352766K [0x0000000083a00000, 0x0000000100000000)
  region size 1024K, 196 young (200704K), 3 survivors (3072K)
 Metaspace       used 40560K, committed 40896K, reserved 1114112K
  class space    used 4353K, committed 4480K, reserved 1048576K
}
Event: 71.706 GC heap after
{Heap after GC invocations=44 (full 0):
 garbage-first heap   total 391168K, used 152207K [0x0000000083a00000, 0x0000000100000000)
  region size 1024K, 34 young (34816K), 34 survivors (34816K)
 Metaspace       used 40560K, committed 40896K, reserved 1114112K
  class space    used 4353K, committed 4480K, reserved 1048576K
}
Event: 71.710 GC heap before
{Heap before GC invocations=44 (full 0):
 garbage-first heap   total 391168K, used 153231K [0x0000000083a00000, 0x0000000100000000)
  region size 1024K, 35 young (35840K), 34 survivors (34816K)
 Metaspace       used 40560K, committed 40896K, reserved 1114112K
  class space    used 4353K, committed 4480K, reserved 1048576K
}
Event: 71.733 GC heap after
{Heap after GC invocations=45 (full 0):
 garbage-first heap   total 391168K, used 119081K [0x0000000083a00000, 0x0000000100000000)
  region size 1024K, 3 young (3072K), 3 survivors (3072K)
 Metaspace       used 40560K, committed 40896K, reserved 1114112K
  class space    used 4353K, committed 4480K, reserved 1048576K
}
Event: 71.811 GC heap before
{Heap before GC invocations=45 (full 0):
 garbage-first heap   total 391168K, used 134441K [0x0000000083a00000, 0x0000000100000000)
  region size 1024K, 19 young (19456K), 3 survivors (3072K)
 Metaspace       used 40583K, committed 40896K, reserved 1114112K
  class space    used 4353K, committed 4480K, reserved 1048576K
}
Event: 71.816 GC heap after
{Heap after GC invocations=46 (full 0):
 garbage-first heap   total 391168K, used 119561K [0x0000000083a00000, 0x0000000100000000)
  region size 1024K, 3 young (3072K), 3 survivors (3072K)
 Metaspace       used 40583K, committed 40896K, reserved 1114112K
  class space    used 4353K, committed 4480K, reserved 1048576K
}
Event: 72.661 GC heap before
{Heap before GC invocations=46 (full 0):
 garbage-first heap   total 391168K, used 275209K [0x0000000083a00000, 0x0000000100000000)
  region size 1024K, 155 young (158720K), 3 survivors (3072K)
 Metaspace       used 40816K, committed 41088K, reserved 1114112K
  class space    used 4370K, committed 4480K, reserved 1048576K
}
Event: 72.670 GC heap after
{Heap after GC invocations=47 (full 0):
 garbage-first heap   total 391168K, used 128014K [0x0000000083a00000, 0x0000000100000000)
  region size 1024K, 12 young (12288K), 12 survivors (12288K)
 Metaspace       used 40816K, committed 41088K, reserved 1114112K
  class space    used 4370K, committed 4480K, reserved 1048576K
}
Event: 72.969 GC heap before
{Heap before GC invocations=47 (full 0):
 garbage-first heap   total 391168K, used 184334K [0x0000000083a00000, 0x0000000100000000)
  region size 1024K, 68 young (69632K), 12 survivors (12288K)
 Metaspace       used 40931K, committed 41216K, reserved 1114112K
  class space    used 4376K, committed 4480K, reserved 1048576K
}
Event: 72.977 GC heap after
{Heap after GC invocations=48 (full 0):
 garbage-first heap   total 391168K, used 127115K [0x0000000083a00000, 0x0000000100000000)
  region size 1024K, 11 young (11264K), 11 survivors (11264K)
 Metaspace       used 40931K, committed 41216K, reserved 1114112K
  class space    used 4376K, committed 4480K, reserved 1048576K
}
Event: 73.627 GC heap before
{Heap before GC invocations=49 (full 0):
 garbage-first heap   total 372736K, used 285835K [0x0000000083a00000, 0x0000000100000000)
  region size 1024K, 177 young (181248K), 11 survivors (11264K)
 Metaspace       used 41010K, committed 41344K, reserved 1114112K
  class space    used 4376K, committed 4480K, reserved 1048576K
}
Event: 73.660 GC heap after
{Heap after GC invocations=50 (full 0):
 garbage-first heap   total 372736K, used 152996K [0x0000000083a00000, 0x0000000100000000)
  region size 1024K, 23 young (23552K), 23 survivors (23552K)
 Metaspace       used 41010K, committed 41344K, reserved 1114112K
  class space    used 4376K, committed 4480K, reserved 1048576K
}
Event: 73.667 GC heap before
{Heap before GC invocations=50 (full 0):
 garbage-first heap   total 372736K, used 154020K [0x0000000083a00000, 0x0000000100000000)
  region size 1024K, 24 young (24576K), 23 survivors (23552K)
 Metaspace       used 41010K, committed 41344K, reserved 1114112K
  class space    used 4376K, committed 4480K, reserved 1048576K
}
Event: 73.683 GC heap after
{Heap after GC invocations=51 (full 0):
 garbage-first heap   total 372736K, used 133066K [0x0000000083a00000, 0x0000000100000000)
  region size 1024K, 1 young (1024K), 1 survivors (1024K)
 Metaspace       used 41010K, committed 41344K, reserved 1114112K
  class space    used 4376K, committed 4480K, reserved 1048576K
}
Event: 74.159 GC heap before
{Heap before GC invocations=51 (full 0):
 garbage-first heap   total 372736K, used 272330K [0x0000000083a00000, 0x0000000100000000)
  region size 1024K, 137 young (140288K), 1 survivors (1024K)
 Metaspace       used 41060K, committed 41408K, reserved 1114112K
  class space    used 4376K, committed 4480K, reserved 1048576K
}

Dll operation events (10 events):
Event: 0.005 Loaded shared library D:\Tools\jdk\jdk-17.0.14+7\bin\java.dll
Event: 0.018 Loaded shared library D:\Tools\jdk\jdk-17.0.14+7\bin\jsvml.dll
Event: 0.045 Loaded shared library D:\Tools\jdk\jdk-17.0.14+7\bin\net.dll
Event: 0.046 Loaded shared library D:\Tools\jdk\jdk-17.0.14+7\bin\nio.dll
Event: 0.047 Loaded shared library D:\Tools\jdk\jdk-17.0.14+7\bin\zip.dll
Event: 0.107 Loaded shared library D:\Tools\maven\apache-maven-3.9.8\lib\jansi-native\Windows\x86_64\jansi.dll
Event: 0.107 Loaded shared library D:\Tools\jdk\jdk-17.0.14+7\bin\jimage.dll
Event: 0.117 Loaded shared library D:\Tools\jdk\jdk-17.0.14+7\bin\verify.dll
Event: 1.328 Loaded shared library D:\Tools\jdk\jdk-17.0.14+7\bin\extnet.dll
Event: 1.341 Loaded shared library D:\Tools\jdk\jdk-17.0.14+7\bin\sunmscapi.dll

Deoptimization events (20 events):
Event: 73.710 Thread 0x000001735a183a70 Uncommon trap: trap_request=0xffffffde fr.pc=0x0000017369ca2894 relative=0x00000000000004b4
Event: 73.710 Thread 0x000001735a183a70 Uncommon trap: reason=class_check action=maybe_recompile pc=0x0000017369ca2894 method=com.sun.tools.javac.code.Types$5.visitClassType(Lcom/sun/tools/javac/code/Type$ClassType;Lcom/sun/tools/javac/code/Type;)Ljava/lang/Boolean; @ 102 c2
Event: 73.710 Thread 0x000001735a183a70 DEOPT PACKING pc=0x0000017369ca2894 sp=0x0000001deb9f8df0
Event: 73.710 Thread 0x000001735a183a70 DEOPT UNPACKING pc=0x00000173692069a3 sp=0x0000001deb9f8d88 mode 2
Event: 74.023 Thread 0x000001735a183a70 Uncommon trap: trap_request=0xffffffde fr.pc=0x0000017369dcec0c relative=0x0000000000005aac
Event: 74.023 Thread 0x000001735a183a70 Uncommon trap: reason=class_check action=maybe_recompile pc=0x0000017369dcec0c method=com.sun.tools.javac.comp.Resolve.rawInstantiate(Lcom/sun/tools/javac/comp/Env;Lcom/sun/tools/javac/code/Type;Lcom/sun/tools/javac/code/Symbol;Lcom/sun/tools/javac/comp/A
Event: 74.023 Thread 0x000001735a183a70 DEOPT PACKING pc=0x0000017369dcec0c sp=0x0000001deb9fa790
Event: 74.023 Thread 0x000001735a183a70 DEOPT UNPACKING pc=0x00000173692069a3 sp=0x0000001deb9fa740 mode 2
Event: 74.023 Thread 0x000001735a183a70 Uncommon trap: trap_request=0xffffffde fr.pc=0x0000017369dcec0c relative=0x0000000000005aac
Event: 74.023 Thread 0x000001735a183a70 Uncommon trap: reason=class_check action=maybe_recompile pc=0x0000017369dcec0c method=com.sun.tools.javac.comp.Resolve.rawInstantiate(Lcom/sun/tools/javac/comp/Env;Lcom/sun/tools/javac/code/Type;Lcom/sun/tools/javac/code/Symbol;Lcom/sun/tools/javac/comp/A
Event: 74.023 Thread 0x000001735a183a70 DEOPT PACKING pc=0x0000017369dcec0c sp=0x0000001deb9fa790
Event: 74.023 Thread 0x000001735a183a70 DEOPT UNPACKING pc=0x00000173692069a3 sp=0x0000001deb9fa740 mode 2
Event: 74.023 Thread 0x000001735a183a70 Uncommon trap: trap_request=0xffffffde fr.pc=0x0000017369dcec0c relative=0x0000000000005aac
Event: 74.023 Thread 0x000001735a183a70 Uncommon trap: reason=class_check action=maybe_recompile pc=0x0000017369dcec0c method=com.sun.tools.javac.comp.Resolve.rawInstantiate(Lcom/sun/tools/javac/comp/Env;Lcom/sun/tools/javac/code/Type;Lcom/sun/tools/javac/code/Symbol;Lcom/sun/tools/javac/comp/A
Event: 74.023 Thread 0x000001735a183a70 DEOPT PACKING pc=0x0000017369dcec0c sp=0x0000001deb9fa790
Event: 74.023 Thread 0x000001735a183a70 DEOPT UNPACKING pc=0x00000173692069a3 sp=0x0000001deb9fa740 mode 2
Event: 74.023 Thread 0x000001735a183a70 Uncommon trap: trap_request=0xffffffde fr.pc=0x0000017369dcec0c relative=0x0000000000005aac
Event: 74.023 Thread 0x000001735a183a70 Uncommon trap: reason=class_check action=maybe_recompile pc=0x0000017369dcec0c method=com.sun.tools.javac.comp.Resolve.rawInstantiate(Lcom/sun/tools/javac/comp/Env;Lcom/sun/tools/javac/code/Type;Lcom/sun/tools/javac/code/Symbol;Lcom/sun/tools/javac/comp/A
Event: 74.023 Thread 0x000001735a183a70 DEOPT PACKING pc=0x0000017369dcec0c sp=0x0000001deb9fa790
Event: 74.023 Thread 0x000001735a183a70 DEOPT UNPACKING pc=0x00000173692069a3 sp=0x0000001deb9fa740 mode 2

Classes loaded (20 events):
Event: 61.314 Loading class java/util/WeakHashMap$HashIterator done
Event: 61.314 Loading class java/util/WeakHashMap$KeyIterator done
Event: 67.929 Loading class javax/management/ReflectionException
Event: 67.930 Loading class javax/management/JMException
Event: 67.930 Loading class javax/management/JMException done
Event: 67.930 Loading class javax/management/ReflectionException done
Event: 67.930 Loading class javax/management/MBeanServerConnection
Event: 67.930 Loading class javax/management/MBeanServerConnection done
Event: 67.931 Loading class javax/management/InstanceNotFoundException
Event: 67.931 Loading class javax/management/OperationsException
Event: 67.931 Loading class javax/management/OperationsException done
Event: 67.931 Loading class javax/management/InstanceNotFoundException done
Event: 67.936 Loading class java/io/PushbackInputStream
Event: 67.936 Loading class java/io/PushbackInputStream done
Event: 67.936 Loading class java/util/jar/JarOutputStream
Event: 67.937 Loading class java/util/zip/ZipOutputStream
Event: 67.937 Loading class java/util/zip/ZipOutputStream done
Event: 67.937 Loading class java/util/jar/JarOutputStream done
Event: 71.195 Loading class java/nio/BufferMismatch
Event: 71.201 Loading class java/nio/BufferMismatch done

Classes unloaded (0 events):
No events

Classes redefined (0 events):
No events

Internal exceptions (20 events):
Event: 73.925 Thread 0x000001735a183a70 Exception <a 'sun/nio/fs/WindowsException'{0x0000000094f4f7a0}> (0x0000000094f4f7a0) 
thrown [s\src\hotspot\share\prims\jni.cpp, line 516]
Event: 73.925 Thread 0x000001735a183a70 Exception <a 'sun/nio/fs/WindowsException'{0x0000000094f51ff0}> (0x0000000094f51ff0) 
thrown [s\src\hotspot\share\prims\jni.cpp, line 516]
Event: 73.925 Thread 0x000001735a183a70 Exception <a 'sun/nio/fs/WindowsException'{0x0000000094f564d8}> (0x0000000094f564d8) 
thrown [s\src\hotspot\share\prims\jni.cpp, line 516]
Event: 73.925 Thread 0x000001735a183a70 Exception <a 'sun/nio/fs/WindowsException'{0x0000000094f57408}> (0x0000000094f57408) 
thrown [s\src\hotspot\share\prims\jni.cpp, line 516]
Event: 73.929 Thread 0x000001735a183a70 Exception <a 'sun/nio/fs/WindowsException'{0x0000000094e4d408}> (0x0000000094e4d408) 
thrown [s\src\hotspot\share\prims\jni.cpp, line 516]
Event: 73.944 Thread 0x000001735a183a70 Exception <a 'sun/nio/fs/WindowsException'{0x000000009481dad8}> (0x000000009481dad8) 
thrown [s\src\hotspot\share\prims\jni.cpp, line 516]
Event: 73.953 Thread 0x000001735a183a70 Exception <a 'sun/nio/fs/WindowsException'{0x000000009455a4c8}> (0x000000009455a4c8) 
thrown [s\src\hotspot\share\prims\jni.cpp, line 516]
Event: 73.960 Thread 0x000001735a183a70 Exception <a 'sun/nio/fs/WindowsException'{0x0000000094311848}> (0x0000000094311848) 
thrown [s\src\hotspot\share\prims\jni.cpp, line 516]
Event: 73.969 Thread 0x000001735a183a70 Exception <a 'sun/nio/fs/WindowsException'{0x00000000941fbf00}> (0x00000000941fbf00) 
thrown [s\src\hotspot\share\prims\jni.cpp, line 516]
Event: 73.983 Thread 0x000001735a183a70 Exception <a 'sun/nio/fs/WindowsException'{0x0000000093f17b80}> (0x0000000093f17b80) 
thrown [s\src\hotspot\share\prims\jni.cpp, line 516]
Event: 73.998 Thread 0x000001735a183a70 Exception <a 'sun/nio/fs/WindowsException'{0x0000000093ee0910}> (0x0000000093ee0910) 
thrown [s\src\hotspot\share\prims\jni.cpp, line 516]
Event: 74.007 Thread 0x000001735a183a70 Exception <a 'sun/nio/fs/WindowsException'{0x0000000093c01b58}> (0x0000000093c01b58) 
thrown [s\src\hotspot\share\prims\jni.cpp, line 516]
Event: 74.015 Thread 0x000001735a183a70 Exception <a 'sun/nio/fs/WindowsException'{0x0000000093aa8540}> (0x0000000093aa8540) 
thrown [s\src\hotspot\share\prims\jni.cpp, line 516]
Event: 74.022 Thread 0x000001735a183a70 Exception <a 'sun/nio/fs/WindowsException'{0x00000000938f7348}> (0x00000000938f7348) 
thrown [s\src\hotspot\share\prims\jni.cpp, line 516]
Event: 74.031 Thread 0x000001735a183a70 Exception <a 'sun/nio/fs/WindowsException'{0x00000000933adc80}> (0x00000000933adc80) 
thrown [s\src\hotspot\share\prims\jni.cpp, line 516]
Event: 74.043 Thread 0x000001735a183a70 Exception <a 'sun/nio/fs/WindowsException'{0x00000000931782d0}> (0x00000000931782d0) 
thrown [s\src\hotspot\share\prims\jni.cpp, line 516]
Event: 74.053 Thread 0x000001735a183a70 Exception <a 'sun/nio/fs/WindowsException'{0x0000000092f03330}> (0x0000000092f03330) 
thrown [s\src\hotspot\share\prims\jni.cpp, line 516]
Event: 74.071 Thread 0x000001735a183a70 Exception <a 'sun/nio/fs/WindowsException'{0x0000000092bcd7b0}> (0x0000000092bcd7b0) 
thrown [s\src\hotspot\share\prims\jni.cpp, line 516]
Event: 74.111 Thread 0x000001735a183a70 Exception <a 'sun/nio/fs/WindowsException'{0x00000000923021a8}> (0x00000000923021a8) 
thrown [s\src\hotspot\share\prims\jni.cpp, line 516]
Event: 74.154 Thread 0x000001735a183a70 Exception <a 'sun/nio/fs/WindowsException'{0x0000000091943c40}> (0x0000000091943c40) 
thrown [s\src\hotspot\share\prims\jni.cpp, line 516]

VM Operations (20 events):
Event: 72.745 Executing VM operation: HandshakeAllThreads done
Event: 72.962 Executing VM operation: HandshakeAllThreads
Event: 72.963 Executing VM operation: HandshakeAllThreads done
Event: 72.969 Executing VM operation: G1TryInitiateConcMark
Event: 72.977 Executing VM operation: G1TryInitiateConcMark done
Event: 73.006 Executing VM operation: G1PauseRemark
Event: 73.012 Executing VM operation: G1PauseRemark done
Event: 73.023 Executing VM operation: G1PauseCleanup
Event: 73.023 Executing VM operation: G1PauseCleanup done
Event: 73.155 Executing VM operation: HandshakeAllThreads
Event: 73.155 Executing VM operation: HandshakeAllThreads done
Event: 73.171 Executing VM operation: HandshakeAllThreads
Event: 73.171 Executing VM operation: HandshakeAllThreads done
Event: 73.574 Executing VM operation: ICBufferFull
Event: 73.574 Executing VM operation: ICBufferFull done
Event: 73.627 Executing VM operation: G1CollectForAllocation
Event: 73.660 Executing VM operation: G1CollectForAllocation done
Event: 73.667 Executing VM operation: G1CollectForAllocation
Event: 73.683 Executing VM operation: G1CollectForAllocation done
Event: 74.159 Executing VM operation: G1CollectForAllocation

Memory protections (0 events):
No events

Nmethod flushes (20 events):
Event: 73.180 Thread 0x0000017378215af0 flushing  nmethod 0x00000173631f2a10
Event: 73.180 Thread 0x0000017378215af0 flushing  nmethod 0x00000173631fb310
Event: 73.180 Thread 0x0000017378215af0 flushing  nmethod 0x0000017363205f90
Event: 73.180 Thread 0x0000017378215af0 flushing  nmethod 0x000001736320ca10
Event: 73.180 Thread 0x0000017378215af0 flushing  nmethod 0x0000017363219b90
Event: 73.180 Thread 0x0000017378215af0 flushing  nmethod 0x000001736323da90
Event: 73.180 Thread 0x0000017378215af0 flushing  nmethod 0x000001736323e190
Event: 73.180 Thread 0x0000017378215af0 flushing  nmethod 0x000001736323e710
Event: 73.180 Thread 0x0000017378215af0 flushing  nmethod 0x000001736323ef10
Event: 73.180 Thread 0x0000017378215af0 flushing  nmethod 0x0000017363248a10
Event: 73.180 Thread 0x0000017378215af0 flushing  nmethod 0x000001736324d090
Event: 73.180 Thread 0x0000017378215af0 flushing  nmethod 0x000001736325f690
Event: 73.180 Thread 0x0000017378215af0 flushing  nmethod 0x000001736326a610
Event: 73.180 Thread 0x0000017378215af0 flushing  nmethod 0x00000173632e3210
Event: 73.181 Thread 0x0000017378215af0 flushing  nmethod 0x0000017363318f10
Event: 73.181 Thread 0x0000017378215af0 flushing  nmethod 0x0000017363339a90
Event: 73.181 Thread 0x0000017378215af0 flushing  nmethod 0x00000173633a5410
Event: 73.181 Thread 0x0000017378215af0 flushing  nmethod 0x0000017363400310
Event: 73.181 Thread 0x0000017378215af0 flushing  nmethod 0x000001736343bc10
Event: 73.181 Thread 0x0000017378215af0 flushing  nmethod 0x00000173634cf610

Events (20 events):
Event: 65.421 Thread 0x000001735a183a70 Thread added: 0x000001737e4e4570
Event: 65.421 Thread 0x000001735a183a70 Thread added: 0x000001737e4e54a0
Event: 65.422 Thread 0x000001735a183a70 Thread added: 0x000001737e4e59b0
Event: 65.422 Thread 0x000001735a183a70 Thread added: 0x000001737e4e5ec0
Event: 65.422 Thread 0x000001735a183a70 Thread added: 0x000001737de3b2c0
Event: 67.834 Thread 0x000001737e4e5ec0 Thread exited: 0x000001737e4e5ec0
Event: 67.834 Thread 0x000001737e4e54a0 Thread exited: 0x000001737e4e54a0
Event: 67.834 Thread 0x000001737de3b2c0 Thread exited: 0x000001737de3b2c0
Event: 67.834 Thread 0x000001737e4e59b0 Thread exited: 0x000001737e4e59b0
Event: 67.834 Thread 0x000001737e4e4570 Thread exited: 0x000001737e4e4570
Event: 70.555 Thread 0x000001735a183a70 Thread added: 0x000001737e4e4570
Event: 70.555 Thread 0x000001735a183a70 Thread added: 0x000001737e4e54a0
Event: 70.555 Thread 0x000001735a183a70 Thread added: 0x000001737e4e59b0
Event: 70.555 Thread 0x000001735a183a70 Thread added: 0x000001737e4e5ec0
Event: 70.555 Thread 0x000001735a183a70 Thread added: 0x000001737d0eb3a0
Event: 71.145 Thread 0x000001737e4e5ec0 Thread exited: 0x000001737e4e5ec0
Event: 71.145 Thread 0x000001737d0eb3a0 Thread exited: 0x000001737d0eb3a0
Event: 71.145 Thread 0x000001737e4e59b0 Thread exited: 0x000001737e4e59b0
Event: 71.145 Thread 0x000001737e4e4570 Thread exited: 0x000001737e4e4570
Event: 71.145 Thread 0x000001737e4e54a0 Thread exited: 0x000001737e4e54a0


Dynamic libraries:
0x00007ff703d60000 - 0x00007ff703d6e000 	D:\Tools\jdk\jdk-17.0.14+7\bin\java.exe
0x00007fffa3f10000 - 0x00007fffa4108000 	C:\Windows\SYSTEM32\ntdll.dll
0x00007fffa2640000 - 0x00007fffa2702000 	C:\Windows\System32\KERNEL32.DLL
0x00007fffa1650000 - 0x00007fffa194f000 	C:\Windows\System32\KERNELBASE.dll
0x00007fffa1a70000 - 0x00007fffa1b70000 	C:\Windows\System32\ucrtbase.dll
0x00007fff89f70000 - 0x00007fff89f87000 	D:\Tools\jdk\jdk-17.0.14+7\bin\jli.dll
0x00007fff9a2c0000 - 0x00007fff9a2de000 	D:\Tools\jdk\jdk-17.0.14+7\bin\VCRUNTIME140.dll
0x00007fffa2bf0000 - 0x00007fffa2d8d000 	C:\Windows\System32\USER32.dll
0x00007fffa1f00000 - 0x00007fffa1f22000 	C:\Windows\System32\win32u.dll
0x00007fff7a530000 - 0x00007fff7a7ca000 	C:\Windows\WinSxS\amd64_microsoft.windows.common-controls_6595b64144ccf1df_6.0.19041.4355_none_60b8b9eb71f62e16\COMCTL32.dll
0x00007fffa3640000 - 0x00007fffa366b000 	C:\Windows\System32\GDI32.dll
0x00007fffa2da0000 - 0x00007fffa2e3e000 	C:\Windows\System32\msvcrt.dll
0x00007fffa1950000 - 0x00007fffa1a6a000 	C:\Windows\System32\gdi32full.dll
0x00007fffa15b0000 - 0x00007fffa164d000 	C:\Windows\System32\msvcp_win.dll
0x00007fffa3ea0000 - 0x00007fffa3ecf000 	C:\Windows\System32\IMM32.DLL
0x00007fffa12f0000 - 0x00007fffa1335000 	C:\PROGRA~2\RCC-Guest-Tool\EST-Guest\ESTVA\ESTVAHook64.dll
0x00007fffa3730000 - 0x00007fffa3e9d000 	C:\Windows\System32\SHELL32.dll
0x00007fffa12c0000 - 0x00007fffa12ef000 	C:\Windows\SYSTEM32\dwmapi.dll
0x00007fffa24b0000 - 0x00007fffa2505000 	C:\Windows\System32\SHLWAPI.dll
0x00007fffa2e60000 - 0x00007fffa31b5000 	C:\Windows\System32\combase.dll
0x00007fffa2510000 - 0x00007fffa2633000 	C:\Windows\System32\RPCRT4.dll
0x00007fffa11f0000 - 0x00007fffa12b9000 	C:\PROGRA~2\RCC-Guest-Tool\64\RCD_AppInit.dll
0x00007fffa3680000 - 0x00007fffa372f000 	C:\Windows\System32\ADVAPI32.dll
0x00007fffa3230000 - 0x00007fffa32cf000 	C:\Windows\System32\sechost.dll
0x00007fffa1e40000 - 0x00007fffa1e67000 	C:\Windows\System32\bcrypt.dll
0x00007fffa2380000 - 0x00007fffa24ab000 	C:\Windows\System32\ole32.dll
0x00007fffa2710000 - 0x00007fffa2b81000 	C:\Windows\System32\SETUPAPI.dll
0x00007fffa1c20000 - 0x00007fffa1c6e000 	C:\Windows\System32\cfgmgr32.dll
0x00007fff9d9d0000 - 0x00007fff9d9dc000 	D:\Tools\jdk\jdk-17.0.14+7\bin\vcruntime140_1.dll
0x00007fff74d30000 - 0x00007fff74dbd000 	D:\Tools\jdk\jdk-17.0.14+7\bin\msvcp140.dll
0x00007fff2dfe0000 - 0x00007fff2ec4b000 	D:\Tools\jdk\jdk-17.0.14+7\bin\server\jvm.dll
0x00007fffa31c0000 - 0x00007fffa322b000 	C:\Windows\System32\WS2_32.dll
0x00007fffa1410000 - 0x00007fffa145b000 	C:\Windows\SYSTEM32\POWRPROF.dll
0x00007fff965b0000 - 0x00007fff965ba000 	C:\Windows\SYSTEM32\VERSION.dll
0x00007fff97080000 - 0x00007fff970a7000 	C:\Windows\SYSTEM32\WINMM.dll
0x00007fffa1340000 - 0x00007fffa1352000 	C:\Windows\SYSTEM32\UMPDC.dll
0x00007fff9f220000 - 0x00007fff9f232000 	C:\Windows\SYSTEM32\kernel.appcore.dll
0x00007fff9b5b0000 - 0x00007fff9b5ba000 	D:\Tools\jdk\jdk-17.0.14+7\bin\jimage.dll
0x00007fff962d0000 - 0x00007fff964b4000 	C:\Windows\SYSTEM32\DBGHELP.DLL
0x00007fff961e0000 - 0x00007fff96214000 	C:\Windows\SYSTEM32\dbgcore.DLL
0x00007fffa1e70000 - 0x00007fffa1ef2000 	C:\Windows\System32\bcryptPrimitives.dll
0x00007fff89f40000 - 0x00007fff89f65000 	D:\Tools\jdk\jdk-17.0.14+7\bin\java.dll
0x00007fff6eba0000 - 0x00007fff6ec77000 	D:\Tools\jdk\jdk-17.0.14+7\bin\jsvml.dll
0x00007fff9f500000 - 0x00007fff9fca4000 	C:\Windows\SYSTEM32\windows.storage.dll
0x00007fffa0e20000 - 0x00007fffa0e4b000 	C:\Windows\SYSTEM32\Wldp.dll
0x00007fffa3570000 - 0x00007fffa363d000 	C:\Windows\System32\OLEAUT32.dll
0x00007fffa3330000 - 0x00007fffa33dd000 	C:\Windows\System32\SHCORE.dll
0x00007fffa14e0000 - 0x00007fffa1505000 	C:\Windows\SYSTEM32\profapi.dll
0x00007fff89070000 - 0x00007fff89089000 	D:\Tools\jdk\jdk-17.0.14+7\bin\net.dll
0x00007fff9baa0000 - 0x00007fff9bbaa000 	C:\Windows\SYSTEM32\WINHTTP.dll
0x00007fffa0b20000 - 0x00007fffa0b8c000 	C:\Windows\system32\mswsock.dll
0x00007fff86710000 - 0x00007fff86726000 	D:\Tools\jdk\jdk-17.0.14+7\bin\nio.dll
0x00007fff86650000 - 0x00007fff86668000 	D:\Tools\jdk\jdk-17.0.14+7\bin\zip.dll
0x00007fff76ee0000 - 0x00007fff76f04000 	D:\Tools\maven\apache-maven-3.9.8\lib\jansi-native\Windows\x86_64\jansi.dll
0x00007fff9a3f0000 - 0x00007fff9a400000 	D:\Tools\jdk\jdk-17.0.14+7\bin\verify.dll
0x00007fffa0d10000 - 0x00007fffa0d28000 	C:\Windows\SYSTEM32\CRYPTSP.dll
0x00007fffa0440000 - 0x00007fffa0478000 	C:\Windows\system32\rsaenh.dll
0x00007fffa1460000 - 0x00007fffa148e000 	C:\Windows\SYSTEM32\USERENV.dll
0x00007fffa0d30000 - 0x00007fffa0d3c000 	C:\Windows\SYSTEM32\CRYPTBASE.dll
0x00007fffa0800000 - 0x00007fffa083b000 	C:\Windows\SYSTEM32\IPHLPAPI.DLL
0x00007fffa3670000 - 0x00007fffa3678000 	C:\Windows\System32\NSI.dll
0x00007fff9b860000 - 0x00007fff9b877000 	C:\Windows\SYSTEM32\dhcpcsvc6.DLL
0x00007fff9b810000 - 0x00007fff9b82d000 	C:\Windows\SYSTEM32\dhcpcsvc.DLL
0x00007fffa0840000 - 0x00007fffa090a000 	C:\Windows\SYSTEM32\DNSAPI.dll
0x00007fff9afe0000 - 0x00007fff9afea000 	C:\Windows\System32\rasadhlp.dll
0x00007fff9a7a0000 - 0x00007fff9a820000 	C:\Windows\System32\fwpuclnt.dll
0x00007fff905e0000 - 0x00007fff905e9000 	D:\Tools\jdk\jdk-17.0.14+7\bin\extnet.dll
0x00007fff8c2e0000 - 0x00007fff8c2ee000 	D:\Tools\jdk\jdk-17.0.14+7\bin\sunmscapi.dll
0x00007fffa1ce0000 - 0x00007fffa1e3c000 	C:\Windows\System32\CRYPT32.dll
0x00007fffa0e90000 - 0x00007fffa0eb7000 	C:\Windows\SYSTEM32\ncrypt.dll
0x00007fffa0e50000 - 0x00007fffa0e8b000 	C:\Windows\SYSTEM32\NTASN1.dll

dbghelp: loaded successfully - version: 4.0.5 - missing functions: none
symbol engine: initialized successfully - sym options: 0x614 - pdb path: .;D:\Tools\jdk\jdk-17.0.14+7\bin;C:\Windows\SYSTEM32;C:\Windows\WinSxS\amd64_microsoft.windows.common-controls_6595b64144ccf1df_6.0.19041.4355_none_60b8b9eb71f62e16;C:\PROGRA~2\RCC-Guest-Tool\EST-Guest\ESTVA;C:\PROGRA~2\RCC-Guest-Tool\64;D:\Tools\jdk\jdk-17.0.14+7\bin\server;D:\Tools\maven\apache-maven-3.9.8\lib\jansi-native\Windows\x86_64

VM Arguments:
jvm_args: -Dclassworlds.conf=D:\Tools\maven\apache-maven-3.9.8\bin\m2.conf -Dmaven.home=D:\Tools\maven\apache-maven-3.9.8 -Dlibrary.jansi.path=D:\Tools\maven\apache-maven-3.9.8\lib\jansi-native -Dmaven.multiModuleProjectDirectory=D:\1\ai-app\app1\backend 
java_command: org.codehaus.plexus.classworlds.launcher.Launcher -pl admin-api -am spring-boot:run
java_class_path (initial): D:\Tools\maven\apache-maven-3.9.8\boot\plexus-classworlds-2.8.0.jar
Launcher Type: SUN_STANDARD

[Global flags]
     intx CICompilerCount                          = 4                                         {product} {ergonomic}
     uint ConcGCThreads                            = 3                                         {product} {ergonomic}
     uint G1ConcRefinementThreads                  = 10                                        {product} {ergonomic}
   size_t G1HeapRegionSize                         = 1048576                                   {product} {ergonomic}
    uintx GCDrainStackTargetSize                   = 64                                        {product} {ergonomic}
   size_t InitialHeapSize                          = 132120576                                 {product} {ergonomic}
   size_t MarkStackSize                            = 4194304                                   {product} {ergonomic}
   size_t MaxHeapSize                              = 2086666240                                {product} {ergonomic}
   size_t MaxNewSize                               = 1251999744                                {product} {ergonomic}
   size_t MinHeapDeltaBytes                        = 1048576                                   {product} {ergonomic}
   size_t MinHeapSize                              = 8388608                                   {product} {ergonomic}
    uintx NonNMethodCodeHeapSize                   = 5839372                                {pd product} {ergonomic}
    uintx NonProfiledCodeHeapSize                  = 122909434                              {pd product} {ergonomic}
    uintx ProfiledCodeHeapSize                     = 122909434                              {pd product} {ergonomic}
    uintx ReservedCodeCacheSize                    = 251658240                              {pd product} {ergonomic}
     bool SegmentedCodeCache                       = true                                      {product} {ergonomic}
   size_t SoftMaxHeapSize                          = 2086666240                             {manageable} {ergonomic}
     bool UseCompressedClassPointers               = true                           {product lp64_product} {ergonomic}
     bool UseCompressedOops                        = true                           {product lp64_product} {ergonomic}
     bool UseG1GC                                  = true                                      {product} {ergonomic}
     bool UseLargePagesIndividualAllocation        = false                                  {pd product} {ergonomic}

Logging:
Log output configuration:
 #0: stdout all=warning uptime,level,tags
 #1: stderr all=off uptime,level,tags

Environment Variables:
JAVA_HOME=D:\Tools\jdk\jdk-17.0.14+7
PATH=D:\Tools\jdk\jdk-17.0.14+7\bin;D:\Tools\maven\apache-maven-3.9.8\bin;D:\Tools\pgsql\pgsql\bin;D:\Tools\jdk\jdk-17.0.14+7\bin;D:\Tools\maven\apache-maven-3.9.8\bin;D:\Tools\pgsql\pgsql\bin;D:\Tools\jdk\jdk-17.0.14+7\bin;D:\Tools\maven\apache-maven-3.9.8\bin;D:\Tools\pgsql\pgsql\bin;C:\Windows\system32;C:\Windows;C:\Windows\System32\Wbem;C:\Windows\System32\WindowsPowerShell\v1.0\;C:\Windows\System32\OpenSSH\;C:\Windows\RCC-Interface;C:\Program Files\nodejs\;C:\Users\Administrator\AppData\Local\Microsoft\WindowsApps;C:\Users\Administrator\AppData\Roaming\npm
USERNAME=Administrator
OS=Windows_NT
PROCESSOR_IDENTIFIER=Intel64 Family 6 Model 154 Stepping 3, GenuineIntel
TMP=C:\Users\ADMINI~1\AppData\Local\Temp
TEMP=C:\Users\ADMINI~1\AppData\Local\Temp



Periodic native trim disabled


---------------  S Y S T E M  ---------------

OS:
 Windows 10 , 64 bit Build 19041 (10.0.19041.5438)
OS uptime: 0 days 0:45 hours

CPU: total 12 (initial active 12) (6 cores per cpu, 2 threads per core) family 6 model 154 stepping 3 microcode 0x429, cx8, cmov, fxsr, ht, mmx, 3dnowpref, sse, sse2, sse3, ssse3, sse4.1, sse4.2, popcnt, lzcnt, tsc, tscinvbit, avx, avx2, aes, erms, clmul, bmi1, bmi2, adx, sha, fma, vzeroupper, clflush, clflushopt, clwb
Processor Information for processor 0
  Max Mhz: 2000, Current Mhz: 2000, Mhz Limit: 1500
Processor Information for processor 1
  Max Mhz: 2000, Current Mhz: 2000, Mhz Limit: 1500
Processor Information for processor 2
  Max Mhz: 2000, Current Mhz: 2000, Mhz Limit: 2000
Processor Information for processor 3
  Max Mhz: 2000, Current Mhz: 2000, Mhz Limit: 2000
Processor Information for processor 4
  Max Mhz: 2000, Current Mhz: 2000, Mhz Limit: 2000
Processor Information for processor 5
  Max Mhz: 2000, Current Mhz: 2000, Mhz Limit: 2000
Processor Information for processor 6
  Max Mhz: 2000, Current Mhz: 2000, Mhz Limit: 2000
Processor Information for processor 7
  Max Mhz: 2000, Current Mhz: 2000, Mhz Limit: 2000
Processor Information for processor 8
  Max Mhz: 2000, Current Mhz: 1500, Mhz Limit: 1500
Processor Information for processor 9
  Max Mhz: 2000, Current Mhz: 1500, Mhz Limit: 1500
Processor Information for processor 10
  Max Mhz: 2000, Current Mhz: 1500, Mhz Limit: 1500
Processor Information for processor 11
  Max Mhz: 2000, Current Mhz: 1500, Mhz Limit: 1500

Memory: 4k page, system-wide physical 7953M (301M free)
TotalPageFile size 12049M (AvailPageFile size 132M)
current process WorkingSet (physical memory assigned to process): 491M, peak: 492M
current process commit charge ("private bytes"): 615M, peak: 1248M

vm_info: OpenJDK 64-Bit Server VM (17.0.14+7) for windows-amd64 JRE (17.0.14+7), built on Jan 21 2025 23:40:15 by "admin" with MS VC++ 17.7 (VS2022)

END.
