#
# There is insufficient memory for the Java Runtime Environment to continue.
# Native memory allocation (mmap) failed to map 34603008 bytes. Error detail: G1 virtual space
# Possible reasons:
#   The system is out of physical RAM or swap space
#   This process is running with CompressedOops enabled, and the Java Heap may be blocking the growth of the native heap
# Possible solutions:
#   Reduce memory load on the system
#   Increase physical memory or swap space
#   Check if swap backing store is full
#   Decrease Java heap size (-Xmx/-Xms)
#   Decrease number of Java threads
#   Decrease Java thread stack sizes (-Xss)
#   Set larger code cache with -XX:ReservedCodeCacheSize=
#   JVM is running with Unscaled Compressed Oops mode in which the Java heap is
#     placed in the first 4GB address space. The Java Heap base address is the
#     maximum limit for the native heap growth. Please use -XX:HeapBaseMinAddress
#     to set the Java Heap base and to place the Java Heap above 4GB virtual address.
# This output file may be truncated or incomplete.
#
#  Out of Memory Error (os_windows.cpp:3618), pid=7644, tid=14776
#
# JRE version: OpenJDK Runtime Environment Temurin-17.0.14+7 (17.0.14+7) (build 17.0.14+7)
# Java VM: OpenJDK 64-Bit Server VM Temurin-17.0.14+7 (17.0.14+7, mixed mode, emulated-client, sharing, tiered, compressed oops, compressed class ptrs, g1 gc, windows-amd64)
# No core dump will be written. Minidumps are not enabled by default on client versions of Windows
#

---------------  S U M M A R Y ------------

Command Line: -XX:TieredStopAtLevel=1 com.webchat.adminapi.AdminApiApplication

Host: 12th Gen Intel(R) Core(TM) i5-12450H, 12 cores, 7G,  Windows 10 , 64 bit Build 19041 (10.0.19041.5438)
Time: Sat Aug  8 17:55:53 2026  Windows 10 , 64 bit Build 19041 (10.0.19041.5438) elapsed time: 2.756394 seconds (0d 0h 0m 2s)

---------------  T H R E A D  ---------------

Current thread (0x00000203344cd960):  VMThread "VM Thread" [stack: 0x00000086bae00000,0x00000086baf00000] [id=14776]

Stack: [0x00000086bae00000,0x00000086baf00000]
Native frames: (J=compiled Java code, j=interpreted, Vv=VM code, C=native code)
V  [jvm.dll+0x682eb9]
V  [jvm.dll+0x8399c8]
V  [jvm.dll+0x83b473]
V  [jvm.dll+0x83bae3]
V  [jvm.dll+0x24715f]
V  [jvm.dll+0x67fc99]
V  [jvm.dll+0x674b8a]
V  [jvm.dll+0x304c06]
V  [jvm.dll+0x30c0c6]
V  [jvm.dll+0x35dc3e]
V  [jvm.dll+0x35de7d]
V  [jvm.dll+0x2dbfcc]
V  [jvm.dll+0x2da36f]
V  [jvm.dll+0x2d9adc]
V  [jvm.dll+0x32e4dc]
V  [jvm.dll+0x84031d]
V  [jvm.dll+0x841053]
V  [jvm.dll+0x84157f]
V  [jvm.dll+0x841964]
V  [jvm.dll+0x841a2e]
V  [jvm.dll+0x7e948c]
V  [jvm.dll+0x681d97]
C  [ucrtbase.dll+0x21bb2]
C  [KERNEL32.DLL+0x17374]
C  [ntdll.dll+0x4cc91]

VM_Operation (0x00000086ba8f38a0): CollectForMetadataAllocation, mode: safepoint, requested by thread 0x0000020324a67820


---------------  P R O C E S S  ---------------

Threads class SMR info:
_java_thread_list=0x000002037d69ba80, length=13, elements={
0x0000020324a67820, 0x00000203344d0ff0, 0x00000203344d1e70, 0x00000203344e6d70,
0x00000203344e97b0, 0x00000203344eb180, 0x00000203344ebb40, 0x00000203344ec5b0,
0x00000203344f0fc0, 0x00000203780f43b0, 0x000002037819f3b0, 0x00000203781afd10,
0x0000020378b34390
}

Java Threads: ( => current thread )
  0x0000020324a67820 JavaThread "main" [_thread_blocked, id=4800, stack(0x00000086ba800000,0x00000086ba900000)]
  0x00000203344d0ff0 JavaThread "Reference Handler" daemon [_thread_blocked, id=14808, stack(0x00000086baf00000,0x00000086bb000000)]
  0x00000203344d1e70 JavaThread "Finalizer" daemon [_thread_blocked, id=13300, stack(0x00000086bb000000,0x00000086bb100000)]
  0x00000203344e6d70 JavaThread "Signal Dispatcher" daemon [_thread_blocked, id=14804, stack(0x00000086bb100000,0x00000086bb200000)]
  0x00000203344e97b0 JavaThread "Attach Listener" daemon [_thread_blocked, id=2948, stack(0x00000086bb200000,0x00000086bb300000)]
  0x00000203344eb180 JavaThread "Service Thread" daemon [_thread_blocked, id=10428, stack(0x00000086bb300000,0x00000086bb400000)]
  0x00000203344ebb40 JavaThread "Monitor Deflation Thread" daemon [_thread_blocked, id=15192, stack(0x00000086bb400000,0x00000086bb500000)]
  0x00000203344ec5b0 JavaThread "C1 CompilerThread0" daemon [_thread_blocked, id=15012, stack(0x00000086bb500000,0x00000086bb600000)]
  0x00000203344f0fc0 JavaThread "Sweeper thread" daemon [_thread_blocked, id=10052, stack(0x00000086bb600000,0x00000086bb700000)]
  0x00000203780f43b0 JavaThread "C1 CompilerThread1" daemon [_thread_blocked, id=7276, stack(0x00000086bb700000,0x00000086bb800000)]
  0x000002037819f3b0 JavaThread "Notification Thread" daemon [_thread_blocked, id=12172, stack(0x00000086bb800000,0x00000086bb900000)]
  0x00000203781afd10 JavaThread "Common-Cleaner" daemon [_thread_blocked, id=7392, stack(0x00000086bba00000,0x00000086bbb00000)]
  0x0000020378b34390 JavaThread "C1 CompilerThread2" daemon [_thread_blocked, id=6360, stack(0x00000086bbf00000,0x00000086bc000000)]

Other Threads:
=>0x00000203344cd960 VMThread "VM Thread" [stack: 0x00000086bae00000,0x00000086baf00000] [id=14776]
  0x00000203781a38a0 WatcherThread [stack: 0x00000086bb900000,0x00000086bba00000] [id=15308]
  0x0000020324ac1e70 GCTaskThread "GC Thread#0" [stack: 0x00000086ba900000,0x00000086baa00000] [id=4296]
  0x0000020378aad050 GCTaskThread "GC Thread#1" [stack: 0x00000086bbb00000,0x00000086bbc00000] [id=14544]
  0x0000020378ae3370 GCTaskThread "GC Thread#2" [stack: 0x00000086bbc00000,0x00000086bbd00000] [id=8628]
  0x0000020378b1d880 GCTaskThread "GC Thread#3" [stack: 0x00000086bbd00000,0x00000086bbe00000] [id=5484]
  0x0000020378b1e360 GCTaskThread "GC Thread#4" [stack: 0x00000086bbe00000,0x00000086bbf00000] [id=14440]
  0x0000020378c5d9c0 GCTaskThread "GC Thread#5" [stack: 0x00000086bc100000,0x00000086bc200000] [id=13960]
  0x000002037d0572c0 GCTaskThread "GC Thread#6" [stack: 0x00000086bc200000,0x00000086bc300000] [id=13856]
  0x000002037d416460 GCTaskThread "GC Thread#7" [stack: 0x00000086bc300000,0x00000086bc400000] [id=10556]
  0x000002037d3d9860 GCTaskThread "GC Thread#8" [stack: 0x00000086bc400000,0x00000086bc500000] [id=15256]
  0x000002037d389190 GCTaskThread "GC Thread#9" [stack: 0x00000086bc500000,0x00000086bc600000] [id=1148]
  0x0000020334337d00 ConcurrentGCThread "G1 Main Marker" [stack: 0x00000086baa00000,0x00000086bab00000] [id=8320]
  0x0000020334338720 ConcurrentGCThread "G1 Conc#0" [stack: 0x00000086bab00000,0x00000086bac00000] [id=1124]
  0x000002037d8b5070 ConcurrentGCThread "G1 Conc#1" [stack: 0x00000086bc000000,0x00000086bc100000] [id=8652]
  0x000002037d8da890 ConcurrentGCThread "G1 Conc#2" [stack: 0x00000086bc600000,0x00000086bc700000] [id=5288]
  0x0000020334408340 ConcurrentGCThread "G1 Refine#0" [stack: 0x00000086bac00000,0x00000086bad00000] [id=8180]
  0x0000020334408d70 ConcurrentGCThread "G1 Service" [stack: 0x00000086bad00000,0x00000086bae00000] [id=13408]

Threads with active compile tasks:

VM state: at safepoint (normal execution)

VM Mutex/Monitor currently owned by a thread:  ([mutex/lock_event])
[0x0000020324a62810] Threads_lock - owner thread: 0x00000203344cd960
[0x0000020324a62ae0] Heap_lock - owner thread: 0x0000020324a67820

Heap address: 0x0000000083a00000, size: 1990 MB, Compressed Oops mode: 32-bit

CDS archive(s) mapped at: [0x0000020337000000-0x0000020337bb0000-0x0000020337bb0000), size 12255232, SharedBaseAddress: 0x0000020337000000, ArchiveRelocationMode: 1.
Compressed class space mapped at: 0x0000020338000000-0x0000020378000000, reserved size: 1073741824
Narrow klass base: 0x0000020337000000, Narrow klass shift: 0, Narrow klass range: 0x100000000

GC Precious Log:
 CPUs: 12 total, 12 available
 Memory: 7953M
 Large Page Support: Disabled
 NUMA Support: Disabled
 Compressed Oops: Enabled (32-bit)
 Heap Region Size: 1M
 Heap Min Capacity: 8M
 Heap Initial Capacity: 126M
 Heap Max Capacity: 1990M
 Pre-touch: Disabled
 Parallel Workers: 10
 Concurrent Workers: 3
 Concurrent Refinement Workers: 10
 Periodic GC: Disabled

Heap:
 garbage-first heap   total 129024K, used 30030K [0x0000000083a00000, 0x0000000100000000)
  region size 1024K, 2 young (2048K), 2 survivors (2048K)
 Metaspace       used 35554K, committed 35968K, reserved 1114112K
  class space    used 4975K, committed 5184K, reserved 1048576K

Heap Regions: E=young(eden), S=young(survivor), O=old, HS=humongous(starts), HC=humongous(continues), CS=collection set, F=free, OA=open archive, CA=closed archive, TAMS=top-at-mark-start (previous, next)
|   0|0x0000000083a00000, 0x0000000083b00000, 0x0000000083b00000|100%|HS|  |TAMS 0x0000000083b00000, 0x0000000083b00000| Complete 
|   1|0x0000000083b00000, 0x0000000083c00000, 0x0000000083c00000|100%|HS|  |TAMS 0x0000000083c00000, 0x0000000083c00000| Complete 
|   2|0x0000000083c00000, 0x0000000083d00000, 0x0000000083d00000|100%| O|  |TAMS 0x0000000083d00000, 0x0000000083d00000| Untracked 
|   3|0x0000000083d00000, 0x0000000083e00000, 0x0000000083e00000|100%| O|  |TAMS 0x0000000083e00000, 0x0000000083e00000| Untracked 
|   4|0x0000000083e00000, 0x0000000083f00000, 0x0000000083f00000|100%| O|  |TAMS 0x0000000083f00000, 0x0000000083f00000| Untracked 
|   5|0x0000000083f00000, 0x0000000084000000, 0x0000000084000000|100%| O|  |TAMS 0x0000000084000000, 0x0000000084000000| Untracked 
|   6|0x0000000084000000, 0x0000000084100000, 0x0000000084100000|100%| O|  |TAMS 0x0000000084100000, 0x0000000084100000| Untracked 
|   7|0x0000000084100000, 0x0000000084200000, 0x0000000084200000|100%| O|  |TAMS 0x0000000084200000, 0x0000000084200000| Untracked 
|   8|0x0000000084200000, 0x0000000084300000, 0x0000000084300000|100%| O|  |TAMS 0x0000000084300000, 0x0000000084300000| Untracked 
|   9|0x0000000084300000, 0x0000000084400000, 0x0000000084400000|100%| O|  |TAMS 0x0000000084400000, 0x0000000084400000| Untracked 
|  10|0x0000000084400000, 0x0000000084500000, 0x0000000084500000|100%| O|  |TAMS 0x0000000084500000, 0x0000000084500000| Untracked 
|  11|0x0000000084500000, 0x0000000084600000, 0x0000000084600000|100%| O|  |TAMS 0x0000000084500000, 0x000000008450c200| Untracked 
|  12|0x0000000084600000, 0x0000000084700000, 0x0000000084700000|100%| O|  |TAMS 0x0000000084600000, 0x0000000084700000| Untracked 
|  13|0x0000000084700000, 0x0000000084800000, 0x0000000084800000|100%| O|  |TAMS 0x0000000084700000, 0x0000000084800000| Untracked 
|  14|0x0000000084800000, 0x0000000084900000, 0x0000000084900000|100%| O|  |TAMS 0x0000000084800000, 0x0000000084900000| Untracked 
|  15|0x0000000084900000, 0x0000000084a00000, 0x0000000084a00000|100%| O|  |TAMS 0x0000000084900000, 0x0000000084a00000| Untracked 
|  16|0x0000000084a00000, 0x0000000084b00000, 0x0000000084b00000|100%| O|  |TAMS 0x0000000084a00000, 0x0000000084b00000| Untracked 
|  17|0x0000000084b00000, 0x0000000084c00000, 0x0000000084c00000|100%| O|  |TAMS 0x0000000084b00000, 0x0000000084c00000| Untracked 
|  18|0x0000000084c00000, 0x0000000084d00000, 0x0000000084d00000|100%| O|  |TAMS 0x0000000084c00000, 0x0000000084d00000| Untracked 
|  19|0x0000000084d00000, 0x0000000084e00000, 0x0000000084e00000|100%| O|  |TAMS 0x0000000084d00000, 0x0000000084e00000| Untracked 
|  20|0x0000000084e00000, 0x0000000084f00000, 0x0000000084f00000|100%| O|  |TAMS 0x0000000084e00000, 0x0000000084f00000| Untracked 
|  21|0x0000000084f00000, 0x0000000085000000, 0x0000000085000000|100%| O|  |TAMS 0x0000000084f00000, 0x0000000085000000| Untracked 
|  22|0x0000000085000000, 0x0000000085100000, 0x0000000085100000|100%| O|  |TAMS 0x0000000085000000, 0x0000000085100000| Untracked 
|  23|0x0000000085100000, 0x0000000085100000, 0x0000000085200000|  0%| F|  |TAMS 0x0000000085100000, 0x0000000085100000| Untracked 
|  24|0x0000000085200000, 0x0000000085300000, 0x0000000085300000|100%| O|  |TAMS 0x0000000085200000, 0x0000000085200000| Untracked 
|  25|0x0000000085300000, 0x0000000085400000, 0x0000000085400000|100%| O|  |TAMS 0x0000000085300000, 0x0000000085300000| Untracked 
|  26|0x0000000085400000, 0x0000000085500000, 0x0000000085500000|100%| O|  |TAMS 0x0000000085400000, 0x0000000085400000| Untracked 
|  27|0x0000000085500000, 0x0000000085600000, 0x0000000085600000|100%| O|  |TAMS 0x0000000085500000, 0x0000000085500000| Untracked 
|  28|0x0000000085600000, 0x0000000085657800, 0x0000000085700000| 34%| O|  |TAMS 0x0000000085600000, 0x0000000085600000| Untracked 
|  29|0x0000000085700000, 0x0000000085700000, 0x0000000085800000|  0%| F|  |TAMS 0x0000000085700000, 0x0000000085700000| Untracked 
|  30|0x0000000085800000, 0x0000000085800000, 0x0000000085900000|  0%| F|  |TAMS 0x0000000085800000, 0x0000000085800000| Untracked 
|  31|0x0000000085900000, 0x0000000085900000, 0x0000000085a00000|  0%| F|  |TAMS 0x0000000085900000, 0x0000000085900000| Untracked 
|  32|0x0000000085a00000, 0x0000000085a00000, 0x0000000085b00000|  0%| F|  |TAMS 0x0000000085a00000, 0x0000000085a00000| Untracked 
|  33|0x0000000085b00000, 0x0000000085b00000, 0x0000000085c00000|  0%| F|  |TAMS 0x0000000085b00000, 0x0000000085b00000| Untracked 
|  34|0x0000000085c00000, 0x0000000085c00000, 0x0000000085d00000|  0%| F|  |TAMS 0x0000000085c00000, 0x0000000085c00000| Untracked 
|  35|0x0000000085d00000, 0x0000000085d00000, 0x0000000085e00000|  0%| F|  |TAMS 0x0000000085d00000, 0x0000000085d00000| Untracked 
|  36|0x0000000085e00000, 0x0000000085e00000, 0x0000000085f00000|  0%| F|  |TAMS 0x0000000085e00000, 0x0000000085e00000| Untracked 
|  37|0x0000000085f00000, 0x0000000085f00000, 0x0000000086000000|  0%| F|  |TAMS 0x0000000085f00000, 0x0000000085f00000| Untracked 
|  38|0x0000000086000000, 0x0000000086000000, 0x0000000086100000|  0%| F|  |TAMS 0x0000000086000000, 0x0000000086000000| Untracked 
|  39|0x0000000086100000, 0x0000000086100000, 0x0000000086200000|  0%| F|  |TAMS 0x0000000086100000, 0x0000000086100000| Untracked 
|  40|0x0000000086200000, 0x0000000086200000, 0x0000000086300000|  0%| F|  |TAMS 0x0000000086200000, 0x0000000086200000| Untracked 
|  41|0x0000000086300000, 0x0000000086300000, 0x0000000086400000|  0%| F|  |TAMS 0x0000000086300000, 0x0000000086300000| Untracked 
|  42|0x0000000086400000, 0x0000000086400000, 0x0000000086500000|  0%| F|  |TAMS 0x0000000086400000, 0x0000000086400000| Untracked 
|  43|0x0000000086500000, 0x0000000086500000, 0x0000000086600000|  0%| F|  |TAMS 0x0000000086500000, 0x0000000086500000| Untracked 
|  44|0x0000000086600000, 0x0000000086600000, 0x0000000086700000|  0%| F|  |TAMS 0x0000000086600000, 0x0000000086600000| Untracked 
|  45|0x0000000086700000, 0x0000000086700000, 0x0000000086800000|  0%| F|  |TAMS 0x0000000086700000, 0x0000000086700000| Untracked 
|  46|0x0000000086800000, 0x0000000086800000, 0x0000000086900000|  0%| F|  |TAMS 0x0000000086800000, 0x0000000086800000| Untracked 
|  47|0x0000000086900000, 0x0000000086900000, 0x0000000086a00000|  0%| F|  |TAMS 0x0000000086900000, 0x0000000086900000| Untracked 
|  48|0x0000000086a00000, 0x0000000086a00000, 0x0000000086b00000|  0%| F|  |TAMS 0x0000000086a00000, 0x0000000086a00000| Untracked 
|  49|0x0000000086b00000, 0x0000000086b00000, 0x0000000086c00000|  0%| F|  |TAMS 0x0000000086b00000, 0x0000000086b00000| Untracked 
|  50|0x0000000086c00000, 0x0000000086c00000, 0x0000000086d00000|  0%| F|  |TAMS 0x0000000086c00000, 0x0000000086c00000| Untracked 
|  51|0x0000000086d00000, 0x0000000086d00000, 0x0000000086e00000|  0%| F|  |TAMS 0x0000000086d00000, 0x0000000086d00000| Untracked 
|  52|0x0000000086e00000, 0x0000000086e00000, 0x0000000086f00000|  0%| F|  |TAMS 0x0000000086e00000, 0x0000000086e00000| Untracked 
|  53|0x0000000086f00000, 0x0000000086f00000, 0x0000000087000000|  0%| F|  |TAMS 0x0000000086f00000, 0x0000000086f00000| Untracked 
|  54|0x0000000087000000, 0x0000000087000000, 0x0000000087100000|  0%| F|  |TAMS 0x0000000087000000, 0x0000000087000000| Untracked 
|  55|0x0000000087100000, 0x0000000087100000, 0x0000000087200000|  0%| F|  |TAMS 0x0000000087100000, 0x0000000087100000| Untracked 
|  56|0x0000000087200000, 0x0000000087200000, 0x0000000087300000|  0%| F|  |TAMS 0x0000000087200000, 0x0000000087200000| Untracked 
|  57|0x0000000087300000, 0x0000000087300000, 0x0000000087400000|  0%| F|  |TAMS 0x0000000087300000, 0x0000000087300000| Untracked 
|  58|0x0000000087400000, 0x0000000087400000, 0x0000000087500000|  0%| F|  |TAMS 0x0000000087400000, 0x0000000087400000| Untracked 
|  59|0x0000000087500000, 0x0000000087500000, 0x0000000087600000|  0%| F|  |TAMS 0x0000000087500000, 0x0000000087500000| Untracked 
|  60|0x0000000087600000, 0x0000000087600000, 0x0000000087700000|  0%| F|  |TAMS 0x0000000087600000, 0x0000000087600000| Untracked 
|  61|0x0000000087700000, 0x0000000087700000, 0x0000000087800000|  0%| F|  |TAMS 0x0000000087700000, 0x0000000087700000| Untracked 
|  62|0x0000000087800000, 0x0000000087800000, 0x0000000087900000|  0%| F|  |TAMS 0x0000000087800000, 0x0000000087800000| Untracked 
|  63|0x0000000087900000, 0x0000000087900000, 0x0000000087a00000|  0%| F|  |TAMS 0x0000000087900000, 0x0000000087900000| Untracked 
|  64|0x0000000087a00000, 0x0000000087a00000, 0x0000000087b00000|  0%| F|  |TAMS 0x0000000087a00000, 0x0000000087a00000| Untracked 
|  65|0x0000000087b00000, 0x0000000087b00000, 0x0000000087c00000|  0%| F|  |TAMS 0x0000000087b00000, 0x0000000087b00000| Untracked 
|  66|0x0000000087c00000, 0x0000000087c00000, 0x0000000087d00000|  0%| F|  |TAMS 0x0000000087c00000, 0x0000000087c00000| Untracked 
|  67|0x0000000087d00000, 0x0000000087d00000, 0x0000000087e00000|  0%| F|  |TAMS 0x0000000087d00000, 0x0000000087d00000| Untracked 
|  68|0x0000000087e00000, 0x0000000087e00000, 0x0000000087f00000|  0%| F|  |TAMS 0x0000000087e00000, 0x0000000087e00000| Untracked 
|  69|0x0000000087f00000, 0x0000000087f00000, 0x0000000088000000|  0%| F|  |TAMS 0x0000000087f00000, 0x0000000087f00000| Untracked 
|  70|0x0000000088000000, 0x0000000088000000, 0x0000000088100000|  0%| F|  |TAMS 0x0000000088000000, 0x0000000088000000| Untracked 
|  71|0x0000000088100000, 0x0000000088100000, 0x0000000088200000|  0%| F|  |TAMS 0x0000000088100000, 0x0000000088100000| Untracked 
|  72|0x0000000088200000, 0x0000000088200000, 0x0000000088300000|  0%| F|  |TAMS 0x0000000088200000, 0x0000000088200000| Untracked 
|  73|0x0000000088300000, 0x0000000088300000, 0x0000000088400000|  0%| F|  |TAMS 0x0000000088300000, 0x0000000088300000| Untracked 
|  74|0x0000000088400000, 0x00000000884fc110, 0x0000000088500000| 98%| S|CS|TAMS 0x0000000088400000, 0x0000000088400000| Complete 
|  75|0x0000000088500000, 0x0000000088600000, 0x0000000088600000|100%| S|CS|TAMS 0x0000000088500000, 0x0000000088500000| Complete 
|  76|0x0000000088600000, 0x0000000088600000, 0x0000000088700000|  0%| F|  |TAMS 0x0000000088600000, 0x0000000088600000| Untracked 
|  77|0x0000000088700000, 0x0000000088700000, 0x0000000088800000|  0%| F|  |TAMS 0x0000000088700000, 0x0000000088700000| Untracked 
|  78|0x0000000088800000, 0x0000000088800000, 0x0000000088900000|  0%| F|  |TAMS 0x0000000088800000, 0x0000000088800000| Untracked 
|  79|0x0000000088900000, 0x0000000088900000, 0x0000000088a00000|  0%| F|  |TAMS 0x0000000088900000, 0x0000000088900000| Untracked 
|  80|0x0000000088a00000, 0x0000000088a00000, 0x0000000088b00000|  0%| F|  |TAMS 0x0000000088a00000, 0x0000000088a00000| Untracked 
|  81|0x0000000088b00000, 0x0000000088b00000, 0x0000000088c00000|  0%| F|  |TAMS 0x0000000088b00000, 0x0000000088b00000| Untracked 
|  82|0x0000000088c00000, 0x0000000088c00000, 0x0000000088d00000|  0%| F|  |TAMS 0x0000000088c00000, 0x0000000088c00000| Untracked 
|  83|0x0000000088d00000, 0x0000000088d00000, 0x0000000088e00000|  0%| F|  |TAMS 0x0000000088d00000, 0x0000000088d00000| Untracked 
|  84|0x0000000088e00000, 0x0000000088e00000, 0x0000000088f00000|  0%| F|  |TAMS 0x0000000088e00000, 0x0000000088e00000| Untracked 
|  85|0x0000000088f00000, 0x0000000088f00000, 0x0000000089000000|  0%| F|  |TAMS 0x0000000088f00000, 0x0000000088f00000| Untracked 
|  86|0x0000000089000000, 0x0000000089000000, 0x0000000089100000|  0%| F|  |TAMS 0x0000000089000000, 0x0000000089000000| Untracked 
|  87|0x0000000089100000, 0x0000000089100000, 0x0000000089200000|  0%| F|  |TAMS 0x0000000089100000, 0x0000000089100000| Untracked 
|  88|0x0000000089200000, 0x0000000089200000, 0x0000000089300000|  0%| F|  |TAMS 0x0000000089200000, 0x0000000089200000| Untracked 
|  89|0x0000000089300000, 0x0000000089300000, 0x0000000089400000|  0%| F|  |TAMS 0x0000000089300000, 0x0000000089300000| Untracked 
|  90|0x0000000089400000, 0x0000000089400000, 0x0000000089500000|  0%| F|  |TAMS 0x0000000089400000, 0x0000000089400000| Untracked 
|  91|0x0000000089500000, 0x0000000089500000, 0x0000000089600000|  0%| F|  |TAMS 0x0000000089500000, 0x0000000089500000| Untracked 
|  92|0x0000000089600000, 0x0000000089600000, 0x0000000089700000|  0%| F|  |TAMS 0x0000000089600000, 0x0000000089600000| Untracked 
|  93|0x0000000089700000, 0x0000000089700000, 0x0000000089800000|  0%| F|  |TAMS 0x0000000089700000, 0x0000000089700000| Untracked 
|  94|0x0000000089800000, 0x0000000089800000, 0x0000000089900000|  0%| F|  |TAMS 0x0000000089800000, 0x0000000089800000| Untracked 
|  95|0x0000000089900000, 0x0000000089900000, 0x0000000089a00000|  0%| F|  |TAMS 0x0000000089900000, 0x0000000089900000| Untracked 
|  96|0x0000000089a00000, 0x0000000089a00000, 0x0000000089b00000|  0%| F|  |TAMS 0x0000000089a00000, 0x0000000089a00000| Untracked 
|  97|0x0000000089b00000, 0x0000000089b00000, 0x0000000089c00000|  0%| F|  |TAMS 0x0000000089b00000, 0x0000000089b00000| Untracked 
|  98|0x0000000089c00000, 0x0000000089c00000, 0x0000000089d00000|  0%| F|  |TAMS 0x0000000089c00000, 0x0000000089c00000| Untracked 
|  99|0x0000000089d00000, 0x0000000089d00000, 0x0000000089e00000|  0%| F|  |TAMS 0x0000000089d00000, 0x0000000089d00000| Untracked 
| 100|0x0000000089e00000, 0x0000000089e00000, 0x0000000089f00000|  0%| F|  |TAMS 0x0000000089e00000, 0x0000000089e00000| Untracked 
| 101|0x0000000089f00000, 0x0000000089f00000, 0x000000008a000000|  0%| F|  |TAMS 0x0000000089f00000, 0x0000000089f00000| Untracked 
| 102|0x000000008a000000, 0x000000008a000000, 0x000000008a100000|  0%| F|  |TAMS 0x000000008a000000, 0x000000008a000000| Untracked 
| 103|0x000000008a100000, 0x000000008a100000, 0x000000008a200000|  0%| F|  |TAMS 0x000000008a100000, 0x000000008a100000| Untracked 
| 104|0x000000008a200000, 0x000000008a200000, 0x000000008a300000|  0%| F|  |TAMS 0x000000008a200000, 0x000000008a200000| Untracked 
| 105|0x000000008a300000, 0x000000008a300000, 0x000000008a400000|  0%| F|  |TAMS 0x000000008a300000, 0x000000008a300000| Untracked 
| 106|0x000000008a400000, 0x000000008a400000, 0x000000008a500000|  0%| F|  |TAMS 0x000000008a400000, 0x000000008a400000| Untracked 
| 107|0x000000008a500000, 0x000000008a500000, 0x000000008a600000|  0%| F|  |TAMS 0x000000008a500000, 0x000000008a500000| Untracked 
| 108|0x000000008a600000, 0x000000008a600000, 0x000000008a700000|  0%| F|  |TAMS 0x000000008a600000, 0x000000008a600000| Untracked 
| 109|0x000000008a700000, 0x000000008a700000, 0x000000008a800000|  0%| F|  |TAMS 0x000000008a700000, 0x000000008a700000| Untracked 
| 110|0x000000008a800000, 0x000000008a800000, 0x000000008a900000|  0%| F|  |TAMS 0x000000008a800000, 0x000000008a800000| Untracked 
| 111|0x000000008a900000, 0x000000008a900000, 0x000000008aa00000|  0%| F|  |TAMS 0x000000008a900000, 0x000000008a900000| Untracked 
| 112|0x000000008aa00000, 0x000000008aa00000, 0x000000008ab00000|  0%| F|  |TAMS 0x000000008aa00000, 0x000000008aa00000| Untracked 
| 113|0x000000008ab00000, 0x000000008ab00000, 0x000000008ac00000|  0%| F|  |TAMS 0x000000008ab00000, 0x000000008ab00000| Untracked 
| 114|0x000000008ac00000, 0x000000008ac00000, 0x000000008ad00000|  0%| F|  |TAMS 0x000000008ac00000, 0x000000008ac00000| Untracked 
| 115|0x000000008ad00000, 0x000000008ad00000, 0x000000008ae00000|  0%| F|  |TAMS 0x000000008ad00000, 0x000000008ad00000| Untracked 
| 116|0x000000008ae00000, 0x000000008ae00000, 0x000000008af00000|  0%| F|  |TAMS 0x000000008ae00000, 0x000000008ae00000| Untracked 
| 117|0x000000008af00000, 0x000000008af00000, 0x000000008b000000|  0%| F|  |TAMS 0x000000008af00000, 0x000000008af00000| Untracked 
| 118|0x000000008b000000, 0x000000008b000000, 0x000000008b100000|  0%| F|  |TAMS 0x000000008b000000, 0x000000008b000000| Untracked 
| 119|0x000000008b100000, 0x000000008b100000, 0x000000008b200000|  0%| F|  |TAMS 0x000000008b100000, 0x000000008b100000| Untracked 
| 120|0x000000008b200000, 0x000000008b200000, 0x000000008b300000|  0%| F|  |TAMS 0x000000008b200000, 0x000000008b200000| Untracked 
| 121|0x000000008b300000, 0x000000008b300000, 0x000000008b400000|  0%| F|  |TAMS 0x000000008b300000, 0x000000008b300000| Untracked 
| 122|0x000000008b400000, 0x000000008b400000, 0x000000008b500000|  0%| F|  |TAMS 0x000000008b400000, 0x000000008b400000| Untracked 
| 123|0x000000008b500000, 0x000000008b500000, 0x000000008b600000|  0%| F|  |TAMS 0x000000008b500000, 0x000000008b500000| Untracked 
| 124|0x000000008b600000, 0x000000008b600000, 0x000000008b700000|  0%| F|  |TAMS 0x000000008b600000, 0x000000008b600000| Untracked 
| 125|0x000000008b700000, 0x000000008b700000, 0x000000008b800000|  0%| F|  |TAMS 0x000000008b700000, 0x000000008b700000| Untracked 

Card table byte_map: [0x000002032fc80000,0x0000020330070000] _byte_map_base: 0x000002032f863000

Marking Bits (Prev, Next): (CMBitMap*) 0x0000020324ac24d0, (CMBitMap*) 0x0000020324ac2490
 Prev Bits: [0x0000020332380000, 0x0000020334298000)
 Next Bits: [0x0000020330460000, 0x0000020332378000)

Polling page: 0x00000203241d0000

Metaspace:

Usage:
  Non-class:     29.86 MB used.
      Class:      4.86 MB used.
       Both:     34.72 MB used.

Virtual space:
  Non-class space:       64.00 MB reserved,      30.06 MB ( 47%) committed,  1 nodes.
      Class space:        1.00 GB reserved,       5.06 MB ( <1%) committed,  1 nodes.
             Both:        1.06 GB reserved,      35.12 MB (  3%) committed. 

Chunk freelists:
   Non-Class:  1.31 MB
       Class:  10.95 MB
        Both:  12.27 MB

MaxMetaspaceSize: unlimited
CompressedClassSpaceSize: 1.00 GB
Initial GC threshold: 21.00 MB
Current GC threshold: 35.12 MB
CDS: on
MetaspaceReclaimPolicy: balanced
 - commit_granule_bytes: 65536.
 - commit_granule_words: 8192.
 - virtual_space_node_default_size: 8388608.
 - enlarge_chunks_in_place: 1.
 - new_chunks_are_fully_committed: 0.
 - uncommit_free_chunks: 1.
 - use_allocation_guard: 0.
 - handle_deallocations: 1.


Internal statistics:

num_allocs_failed_limit: 6.
num_arena_births: 550.
num_arena_deaths: 0.
num_vsnodes_births: 2.
num_vsnodes_deaths: 0.
num_space_committed: 562.
num_space_uncommitted: 0.
num_chunks_returned_to_freelist: 6.
num_chunks_taken_from_freelist: 1894.
num_chunk_merges: 6.
num_chunk_splits: 1346.
num_chunks_enlarged: 1027.
num_inconsistent_stats: 0.

CodeCache: size=49152Kb used=9923Kb max_used=9923Kb free=39228Kb
 bounds [0x000002032c550000, 0x000002032cf10000, 0x000002032f550000]
 total_blobs=5274 nmethods=4750 adapters=449
 compilation: enabled
              stopped_count=0, restarted_count=0
 full_count=0

Compilation events (20 events):
Event: 2.726 Thread 0x00000203780f43b0 4742       1       org.springframework.core.convert.TypeDescriptor::annotationsMatch (66 bytes)
Event: 2.726 Thread 0x00000203344ec5b0 4741       1       org.springframework.core.convert.support.GenericConversionService$ConverterCacheKey::equals (51 bytes)
Event: 2.726 Thread 0x00000203344ec5b0 nmethod 4741 0x000002032cefd690 code [0x000002032cefd840, 0x000002032cefda38]
Event: 2.727 Thread 0x00000203780f43b0 nmethod 4742 0x000002032cefdb90 code [0x000002032cefdd80, 0x000002032cefe1a8]
Event: 2.732 Thread 0x00000203344ec5b0 4743       1       org.springframework.aop.framework.autoproxy.AutoProxyUtils::isOriginalInstance (55 bytes)
Event: 2.732 Thread 0x00000203344ec5b0 nmethod 4743 0x000002032cefe490 code [0x000002032cefe660, 0x000002032cefe8f8]
Event: 2.733 Thread 0x00000203344ec5b0 4744       1       org.springframework.beans.factory.support.DefaultListableBeanFactory::getAutowireCandidateResolver (5 bytes)
Event: 2.733 Thread 0x00000203344ec5b0 nmethod 4744 0x000002032cefeb90 code [0x000002032cefed20, 0x000002032cefedf8]
Event: 2.733 Thread 0x00000203344ec5b0 4750       1       org.springframework.util.ClassUtils::getAllInterfacesForClassAsSet (106 bytes)
Event: 2.733 Thread 0x00000203780f43b0 4746       1       org.aspectj.weaver.patterns.FastMatchInfo::getKind (5 bytes)
Event: 2.733 Thread 0x0000020378b34390 4745       1       org.springframework.aop.aspectj.annotation.InstantiationModelAwarePointcutAdvisorImpl::getPointcut (5 bytes)
Event: 2.733 Thread 0x0000020378b34390 nmethod 4745 0x000002032cefee90 code [0x000002032ceff020, 0x000002032ceff0f8]
Event: 2.733 Thread 0x0000020378b34390 4747       1       org.aspectj.weaver.patterns.FastMatchInfo::getType (5 bytes)
Event: 2.733 Thread 0x0000020378b34390 nmethod 4747 0x000002032ceff190 code [0x000002032ceff320, 0x000002032ceff3f8]
Event: 2.733 Thread 0x00000203780f43b0 nmethod 4746 0x000002032ceff490 code [0x000002032ceff620, 0x000002032ceff6f8]
Event: 2.733 Thread 0x0000020378b34390 4748       1       org.aspectj.weaver.patterns.KindedPointcut::getSignature (5 bytes)
Event: 2.733 Thread 0x00000203780f43b0 4749       1       org.aspectj.util.FuzzyBoolean$MaybeFuzzyBoolean::maybeTrue (2 bytes)
Event: 2.733 Thread 0x00000203780f43b0 nmethod 4749 0x000002032ceff790 code [0x000002032ceff920, 0x000002032ceff9f8]
Event: 2.733 Thread 0x0000020378b34390 nmethod 4748 0x000002032ceffa90 code [0x000002032ceffc20, 0x000002032ceffcf8]
Event: 2.734 Thread 0x00000203344ec5b0 nmethod 4750 0x000002032ceffd90 code [0x000002032cf00020, 0x000002032cf008b8]

GC Heap History (17 events):
Event: 0.393 GC heap before
{Heap before GC invocations=0 (full 0):
 garbage-first heap   total 129024K, used 25600K [0x0000000083a00000, 0x0000000100000000)
  region size 1024K, 23 young (23552K), 0 survivors (0K)
 Metaspace       used 3517K, committed 3712K, reserved 1114112K
  class space    used 451K, committed 512K, reserved 1048576K
}
Event: 0.400 GC heap after
{Heap after GC invocations=1 (full 0):
 garbage-first heap   total 129024K, used 11291K [0x0000000083a00000, 0x0000000100000000)
  region size 1024K, 3 young (3072K), 3 survivors (3072K)
 Metaspace       used 3517K, committed 3712K, reserved 1114112K
  class space    used 451K, committed 512K, reserved 1048576K
}
Event: 0.699 GC heap before
{Heap before GC invocations=1 (full 0):
 garbage-first heap   total 129024K, used 34843K [0x0000000083a00000, 0x0000000100000000)
  region size 1024K, 26 young (26624K), 3 survivors (3072K)
 Metaspace       used 7992K, committed 8192K, reserved 1114112K
  class space    used 1146K, committed 1216K, reserved 1048576K
}
Event: 0.703 GC heap after
{Heap after GC invocations=2 (full 0):
 garbage-first heap   total 129024K, used 13241K [0x0000000083a00000, 0x0000000100000000)
  region size 1024K, 2 young (2048K), 2 survivors (2048K)
 Metaspace       used 7992K, committed 8192K, reserved 1114112K
  class space    used 1146K, committed 1216K, reserved 1048576K
}
Event: 0.991 GC heap before
{Heap before GC invocations=2 (full 0):
 garbage-first heap   total 129024K, used 57273K [0x0000000083a00000, 0x0000000100000000)
  region size 1024K, 46 young (47104K), 2 survivors (2048K)
 Metaspace       used 15993K, committed 16256K, reserved 1114112K
  class space    used 2241K, committed 2368K, reserved 1048576K
}
Event: 0.996 GC heap after
{Heap after GC invocations=3 (full 0):
 garbage-first heap   total 129024K, used 16036K [0x0000000083a00000, 0x0000000100000000)
  region size 1024K, 5 young (5120K), 5 survivors (5120K)
 Metaspace       used 15993K, committed 16256K, reserved 1114112K
  class space    used 2241K, committed 2368K, reserved 1048576K
}
Event: 1.309 GC heap before
{Heap before GC invocations=3 (full 0):
 garbage-first heap   total 129024K, used 69284K [0x0000000083a00000, 0x0000000100000000)
  region size 1024K, 59 young (60416K), 5 survivors (5120K)
 Metaspace       used 21242K, committed 21504K, reserved 1114112K
  class space    used 2868K, committed 3008K, reserved 1048576K
}
Event: 1.320 GC heap after
{Heap after GC invocations=4 (full 0):
 garbage-first heap   total 129024K, used 21545K [0x0000000083a00000, 0x0000000100000000)
  region size 1024K, 10 young (10240K), 10 survivors (10240K)
 Metaspace       used 21242K, committed 21504K, reserved 1114112K
  class space    used 2868K, committed 3008K, reserved 1048576K
}
Event: 1.644 GC heap before
{Heap before GC invocations=5 (full 0):
 garbage-first heap   total 78848K, used 58409K [0x0000000083a00000, 0x0000000100000000)
  region size 1024K, 46 young (47104K), 10 survivors (10240K)
 Metaspace       used 24335K, committed 24576K, reserved 1114112K
  class space    used 3395K, committed 3520K, reserved 1048576K
}
Event: 1.657 GC heap after
{Heap after GC invocations=6 (full 0):
 garbage-first heap   total 95232K, used 22787K [0x0000000083a00000, 0x0000000100000000)
  region size 1024K, 3 young (3072K), 3 survivors (3072K)
 Metaspace       used 24335K, committed 24576K, reserved 1114112K
  class space    used 3395K, committed 3520K, reserved 1048576K
}
Event: 1.670 GC heap before
{Heap before GC invocations=6 (full 0):
 garbage-first heap   total 95232K, used 23811K [0x0000000083a00000, 0x0000000100000000)
  region size 1024K, 4 young (4096K), 3 survivors (3072K)
 Metaspace       used 24423K, committed 24640K, reserved 1114112K
  class space    used 3410K, committed 3520K, reserved 1048576K
}
Event: 1.673 GC heap after
{Heap after GC invocations=7 (full 0):
 garbage-first heap   total 95232K, used 23241K [0x0000000083a00000, 0x0000000100000000)
  region size 1024K, 1 young (1024K), 1 survivors (1024K)
 Metaspace       used 24423K, committed 24640K, reserved 1114112K
  class space    used 3410K, committed 3520K, reserved 1048576K
}
Event: 2.093 GC heap before
{Heap before GC invocations=7 (full 0):
 garbage-first heap   total 95232K, used 67273K [0x0000000083a00000, 0x0000000100000000)
  region size 1024K, 44 young (45056K), 1 survivors (1024K)
 Metaspace       used 28221K, committed 28672K, reserved 1114112K
  class space    used 3993K, committed 4224K, reserved 1048576K
}
Event: 2.101 GC heap after
{Heap after GC invocations=8 (full 0):
 garbage-first heap   total 95232K, used 25344K [0x0000000083a00000, 0x0000000100000000)
  region size 1024K, 3 young (3072K), 3 survivors (3072K)
 Metaspace       used 28221K, committed 28672K, reserved 1114112K
  class space    used 3993K, committed 4224K, reserved 1048576K
}
Event: 2.610 GC heap before
{Heap before GC invocations=8 (full 0):
 garbage-first heap   total 95232K, used 70400K [0x0000000083a00000, 0x0000000100000000)
  region size 1024K, 47 young (48128K), 3 survivors (3072K)
 Metaspace       used 34897K, committed 35328K, reserved 1114112K
  class space    used 4877K, committed 5120K, reserved 1048576K
}
Event: 2.619 GC heap after
{Heap after GC invocations=9 (full 0):
 garbage-first heap   total 95232K, used 28720K [0x0000000083a00000, 0x0000000100000000)
  region size 1024K, 6 young (6144K), 6 survivors (6144K)
 Metaspace       used 34897K, committed 35328K, reserved 1114112K
  class space    used 4877K, committed 5120K, reserved 1048576K
}
Event: 2.741 GC heap before
{Heap before GC invocations=9 (full 0):
 garbage-first heap   total 95232K, used 46128K [0x0000000083a00000, 0x0000000100000000)
  region size 1024K, 23 young (23552K), 6 survivors (6144K)
 Metaspace       used 35554K, committed 35968K, reserved 1114112K
  class space    used 4975K, committed 5184K, reserved 1048576K
}

Dll operation events (10 events):
Event: 0.006 Loaded shared library D:\Tools\jdk\jdk-17.0.14+7\bin\java.dll
Event: 0.044 Loaded shared library D:\Tools\jdk\jdk-17.0.14+7\bin\jsvml.dll
Event: 0.121 Loaded shared library D:\Tools\jdk\jdk-17.0.14+7\bin\net.dll
Event: 0.121 Loaded shared library D:\Tools\jdk\jdk-17.0.14+7\bin\nio.dll
Event: 0.123 Loaded shared library D:\Tools\jdk\jdk-17.0.14+7\bin\zip.dll
Event: 0.207 Loaded shared library D:\Tools\jdk\jdk-17.0.14+7\bin\jimage.dll
Event: 1.083 Loaded shared library D:\Tools\jdk\jdk-17.0.14+7\bin\sunmscapi.dll
Event: 2.046 Loaded shared library D:\Tools\jdk\jdk-17.0.14+7\bin\verify.dll
Event: 2.589 Loaded shared library D:\Tools\jdk\jdk-17.0.14+7\bin\management.dll
Event: 2.590 Loaded shared library D:\Tools\jdk\jdk-17.0.14+7\bin\management_ext.dll

Deoptimization events (8 events):
Event: 1.240 Thread 0x0000020324a67820 DEOPT PACKING pc=0x000002032cbb5bec sp=0x00000086ba8fe3c0
Event: 1.240 Thread 0x0000020324a67820 DEOPT UNPACKING pc=0x000002032c5a7143 sp=0x00000086ba8fd860 mode 0
Event: 2.254 Thread 0x0000020324a67820 DEOPT PACKING pc=0x000002032cdf4042 sp=0x00000086ba8fdaf0
Event: 2.254 Thread 0x0000020324a67820 DEOPT UNPACKING pc=0x000002032c5a7143 sp=0x00000086ba8fd088 mode 0
Event: 2.705 Thread 0x0000020324a67820 DEOPT PACKING pc=0x000002032cb63992 sp=0x00000086ba8fb0e0
Event: 2.705 Thread 0x0000020324a67820 DEOPT UNPACKING pc=0x000002032c5a7143 sp=0x00000086ba8fa5e8 mode 3
Event: 2.705 Thread 0x0000020324a67820 DEOPT PACKING pc=0x000002032caf520d sp=0x00000086ba8fb0a0
Event: 2.705 Thread 0x0000020324a67820 DEOPT UNPACKING pc=0x000002032c5a7143 sp=0x00000086ba8fa5e8 mode 3

Classes loaded (20 events):
Event: 2.595 Loading class java/util/Collections$2
Event: 2.595 Loading class java/util/Collections$2 done
Event: 2.638 Loading class jdk/internal/reflect/UnsafeObjectFieldAccessorImpl
Event: 2.638 Loading class jdk/internal/reflect/UnsafeObjectFieldAccessorImpl done
Event: 2.640 Loading class java/security/Key
Event: 2.640 Loading class java/security/Key done
Event: 2.652 Loading class sun/reflect/generics/reflectiveObjects/GenericArrayTypeImpl
Event: 2.652 Loading class sun/reflect/generics/reflectiveObjects/GenericArrayTypeImpl done
Event: 2.688 Loading class java/util/EnumMap$EntrySet
Event: 2.688 Loading class java/util/EnumMap$EntrySet done
Event: 2.688 Loading class java/util/EnumMap$EntryIterator
Event: 2.688 Loading class java/util/EnumMap$EnumMapIterator
Event: 2.688 Loading class java/util/EnumMap$EnumMapIterator done
Event: 2.688 Loading class java/util/EnumMap$EntryIterator done
Event: 2.689 Loading class java/lang/SafeVarargs
Event: 2.689 Loading class java/lang/SafeVarargs done
Event: 2.700 Loading class java/util/concurrent/ConcurrentHashMap$TreeNode
Event: 2.700 Loading class java/util/concurrent/ConcurrentHashMap$TreeNode done
Event: 2.700 Loading class java/util/concurrent/ConcurrentHashMap$TreeBin
Event: 2.700 Loading class java/util/concurrent/ConcurrentHashMap$TreeBin done

Classes unloaded (0 events):
No events

Classes redefined (0 events):
No events

Internal exceptions (20 events):
Event: 2.231 Thread 0x0000020324a67820 Exception <a 'java/lang/ArrayIndexOutOfBoundsException'{0x0000000088bdcad8}: Index 21 out of bounds for length 21> (0x0000000088bdcad8) 
thrown [s\src\hotspot\share\interpreter\interpreterRuntime.cpp, line 428]
Event: 2.275 Thread 0x0000020324a67820 Exception <a 'java/lang/NoSuchMethodError'{0x000000008873f990}: 'java.lang.Object java.lang.invoke.DirectMethodHandle$Holder.invokeSpecialIFC(java.lang.Object, java.lang.Object, java.lang.Object)'> (0x000000008873f990) 
thrown [s\src\hotspot\share\interpreter\linkResolver.cpp, line 759]
Event: 2.346 Thread 0x0000020324a67820 Exception <a 'java/lang/NoSuchMethodError'{0x0000000088141508}: 'void java.lang.invoke.DirectMethodHandle$Holder.invokeSpecial(java.lang.Object, java.lang.Object, java.lang.Object, java.lang.Object, java.lang.Object, java.lang.Object, java.lang.Object)'> (0x0000000088141508) 
thrown [s\src\hotspot\share\interpreter\linkResolver.cpp, line 759]
Event: 2.359 Thread 0x0000020324a67820 Exception <a 'java/lang/NoSuchMethodError'{0x0000000087f09790}: 'void java.lang.invoke.DirectMethodHandle$Holder.invokeInterface(java.lang.Object, java.lang.Object, int)'> (0x0000000087f09790) 
thrown [s\src\hotspot\share\interpreter\linkResolver.cpp, line 759]
Event: 2.362 Thread 0x0000020324a67820 Exception <a 'java/lang/IncompatibleClassChangeError'{0x0000000087f59848}: Found class java.lang.Object, but interface was expected> (0x0000000087f59848) 
thrown [s\src\hotspot\share\interpreter\linkResolver.cpp, line 826]
Event: 2.363 Thread 0x0000020324a67820 Exception <a 'java/lang/NoSuchMethodError'{0x0000000087f6a370}: 'int java.lang.invoke.DirectMethodHandle$Holder.invokeSpecialIFC(java.lang.Object, java.lang.Object, java.lang.Object)'> (0x0000000087f6a370) 
thrown [s\src\hotspot\share\interpreter\linkResolver.cpp, line 759]
Event: 2.363 Thread 0x0000020324a67820 Exception <a 'java/lang/NoSuchMethodError'{0x0000000087f77b40}: 'void java.lang.invoke.DirectMethodHandle$Holder.invokeStatic(java.lang.Object, int, java.lang.Object)'> (0x0000000087f77b40) 
thrown [s\src\hotspot\share\interpreter\linkResolver.cpp, line 759]
Event: 2.365 Thread 0x0000020324a67820 Exception <a 'java/lang/NoSuchMethodError'{0x0000000087fb49d8}: 'void java.lang.invoke.DirectMethodHandle$Holder.invokeVirtual(java.lang.Object, java.lang.Object, int)'> (0x0000000087fb49d8) 
thrown [s\src\hotspot\share\interpreter\linkResolver.cpp, line 759]
Event: 2.366 Thread 0x0000020324a67820 Exception <a 'java/lang/NoSuchMethodError'{0x0000000087fbabc0}: 'void java.lang.invoke.DirectMethodHandle$Holder.invokeStatic(java.lang.Object, java.lang.Object, java.lang.Object, int, java.lang.Object)'> (0x0000000087fbabc0) 
thrown [s\src\hotspot\share\interpreter\linkResolver.cpp, line 759]
Event: 2.366 Thread 0x0000020324a67820 Exception <a 'java/lang/NoSuchMethodError'{0x0000000087fc20c8}: 'java.lang.Object java.lang.invoke.DirectMethodHandle$Holder.newInvokeSpecial(java.lang.Object, java.lang.Object, java.lang.Object, int)'> (0x0000000087fc20c8) 
thrown [s\src\hotspot\share\interpreter\linkResolver.cpp, line 759]
Event: 2.366 Thread 0x0000020324a67820 Exception <a 'java/lang/NoSuchMethodError'{0x0000000087fc63b0}: 'java.lang.Object java.lang.invoke.DirectMethodHandle$Holder.invokeSpecial(java.lang.Object, java.lang.Object, java.lang.Object, java.lang.Object, int)'> (0x0000000087fc63b0) 
thrown [s\src\hotspot\share\interpreter\linkResolver.cpp, line 759]
Event: 2.366 Thread 0x0000020324a67820 Exception <a 'java/lang/NoSuchMethodError'{0x0000000087fc9f78}: 'java.lang.Object java.lang.invoke.Invokers$Holder.linkToTargetMethod(java.lang.Object, java.lang.Object, int, java.lang.Object)'> (0x0000000087fc9f78) 
thrown [s\src\hotspot\share\interpreter\linkResolver.cpp, line 759]
Event: 2.434 Thread 0x0000020324a67820 Exception <a 'java/lang/NoSuchMethodError'{0x0000000087646968}: 'java.lang.Object java.lang.invoke.DirectMethodHandle$Holder.invokeStaticInit(java.lang.Object, int, int, int, int)'> (0x0000000087646968) 
thrown [s\src\hotspot\share\interpreter\linkResolver.cpp, line 759]
Event: 2.475 Thread 0x0000020324a67820 Exception <a 'java/lang/NoSuchMethodError'{0x000000008754a768}: 'java.lang.Object java.lang.invoke.DirectMethodHandle$Holder.invokeStaticInit(java.lang.Object, java.lang.Object, int, int, int, int)'> (0x000000008754a768) 
thrown [s\src\hotspot\share\interpreter\linkResolver.cpp, line 759]
Event: 2.559 Thread 0x0000020324a67820 Exception <a 'java/lang/NoSuchMethodError'{0x0000000086e3f598}: 'java.lang.Object java.lang.invoke.DirectMethodHandle$Holder.invokeSpecial(java.lang.Object, java.lang.Object, long, java.lang.Object, java.lang.Object, java.lang.Object, java.lang.Object, java.lang.Object, java.lang.Object)'> (0x0000000086e3f598) 
thrown [s\src\hotspot\share\interpreter\linkResolver.cpp, line 759]
Event: 2.559 Thread 0x0000020324a67820 Exception <a 'java/lang/NoSuchMethodError'{0x0000000086e440c0}: 'java.lang.Object java.lang.invoke.DelegatingMethodHandle$Holder.reinvoke_L(java.lang.Object, long, java.lang.Object, java.lang.Object, java.lang.Object, java.lang.Object, java.lang.Object, java.lang.Object)'> (0x0000000086e440c0) 
thrown [s\src\hotspot\share\interpreter\linkResolver.cpp, line 759]
Event: 2.601 Thread 0x0000020324a67820 Exception <a 'java/io/FileNotFoundException'{0x0000000086c13c50}> (0x0000000086c13c50) 
thrown [s\src\hotspot\share\prims\jni.cpp, line 516]
Event: 2.601 Thread 0x0000020324a67820 Exception <a 'java/io/FileNotFoundException'{0x0000000086c14ff0}> (0x0000000086c14ff0) 
thrown [s\src\hotspot\share\prims\jni.cpp, line 516]
Event: 2.633 Thread 0x0000020324a67820 Exception <a 'java/lang/NoSuchMethodError'{0x0000000089585aa0}: 'int java.lang.invoke.DirectMethodHandle$Holder.invokeInterface(java.lang.Object, java.lang.Object, java.lang.Object, java.lang.Object)'> (0x0000000089585aa0) 
thrown [s\src\hotspot\share\interpreter\linkResolver.cpp, line 759]
Event: 2.700 Thread 0x0000020324a67820 Exception <a 'java/lang/IncompatibleClassChangeError'{0x0000000088ede830}: Found class java.lang.Object, but interface was expected> (0x0000000088ede830) 
thrown [s\src\hotspot\share\interpreter\linkResolver.cpp, line 826]

VM Operations (20 events):
Event: 2.190 Executing VM operation: HandshakeAllThreads done
Event: 2.194 Executing VM operation: HandshakeAllThreads
Event: 2.194 Executing VM operation: HandshakeAllThreads done
Event: 2.254 Executing VM operation: HandshakeAllThreads
Event: 2.254 Executing VM operation: HandshakeAllThreads done
Event: 2.431 Executing VM operation: HandshakeAllThreads
Event: 2.431 Executing VM operation: HandshakeAllThreads done
Event: 2.534 Executing VM operation: HandshakeAllThreads
Event: 2.534 Executing VM operation: HandshakeAllThreads done
Event: 2.540 Executing VM operation: HandshakeAllThreads
Event: 2.540 Executing VM operation: HandshakeAllThreads done
Event: 2.572 Executing VM operation: HandshakeAllThreads
Event: 2.572 Executing VM operation: HandshakeAllThreads done
Event: 2.593 Executing VM operation: HandshakeAllThreads
Event: 2.593 Executing VM operation: HandshakeAllThreads done
Event: 2.609 Executing VM operation: G1CollectForAllocation
Event: 2.619 Executing VM operation: G1CollectForAllocation done
Event: 2.705 Executing VM operation: HandshakeAllThreads
Event: 2.705 Executing VM operation: HandshakeAllThreads done
Event: 2.741 Executing VM operation: CollectForMetadataAllocation

Memory protections (0 events):
No events

Nmethod flushes (0 events):
No events

Events (17 events):
Event: 0.044 Thread 0x0000020324a67820 Thread added: 0x0000020324a67820
Event: 0.050 Thread 0x0000020324a67820 Thread added: 0x00000203344d0ff0
Event: 0.050 Thread 0x0000020324a67820 Thread added: 0x00000203344d1e70
Event: 0.066 Thread 0x0000020324a67820 Thread added: 0x00000203344e6d70
Event: 0.066 Thread 0x0000020324a67820 Thread added: 0x00000203344e97b0
Event: 0.066 Thread 0x0000020324a67820 Thread added: 0x00000203344eb180
Event: 0.066 Thread 0x0000020324a67820 Thread added: 0x00000203344ebb40
Event: 0.066 Thread 0x0000020324a67820 Thread added: 0x00000203344ec5b0
Event: 0.066 Thread 0x0000020324a67820 Thread added: 0x00000203344f0fc0
Event: 0.110 Thread 0x00000203344ec5b0 Thread added: 0x00000203780f43b0
Event: 0.115 Thread 0x0000020324a67820 Thread added: 0x000002037819f3b0
Event: 0.117 Thread 0x0000020324a67820 Thread added: 0x00000203781afd10
Event: 0.420 Thread 0x00000203780f43b0 Thread added: 0x0000020378b34390
Event: 0.683 Thread 0x0000020324a67820 Thread added: 0x0000020378c5e0f0
Event: 1.100 Thread 0x0000020378c5e0f0 Thread exited: 0x0000020378c5e0f0
Event: 1.119 Thread 0x0000020324a67820 Thread added: 0x000002037d65f5e0
Event: 1.152 Thread 0x000002037d65f5e0 Thread exited: 0x000002037d65f5e0


Dynamic libraries:
0x00007ff7e1650000 - 0x00007ff7e165e000 	D:\Tools\jdk\jdk-17.0.14+7\bin\java.exe
0x00007ffcf4c50000 - 0x00007ffcf4e48000 	C:\Windows\SYSTEM32\ntdll.dll
0x00007ffcf3d40000 - 0x00007ffcf3e02000 	C:\Windows\System32\KERNEL32.DLL
0x00007ffcf2450000 - 0x00007ffcf274f000 	C:\Windows\System32\KERNELBASE.dll
0x00007ffcf2880000 - 0x00007ffcf2980000 	C:\Windows\System32\ucrtbase.dll
0x00007ffceacc0000 - 0x00007ffceacd7000 	D:\Tools\jdk\jdk-17.0.14+7\bin\jli.dll
0x00007ffce6a10000 - 0x00007ffce6a2e000 	D:\Tools\jdk\jdk-17.0.14+7\bin\VCRUNTIME140.dll
0x00007ffcd0c80000 - 0x00007ffcd0f1a000 	C:\Windows\WinSxS\amd64_microsoft.windows.common-controls_6595b64144ccf1df_6.0.19041.4355_none_60b8b9eb71f62e16\COMCTL32.dll
0x00007ffcf3e10000 - 0x00007ffcf3eae000 	C:\Windows\System32\msvcrt.dll
0x00007ffcf2d30000 - 0x00007ffcf2d5b000 	C:\Windows\System32\GDI32.dll
0x00007ffcf2420000 - 0x00007ffcf2442000 	C:\Windows\System32\win32u.dll
0x00007ffcf29f0000 - 0x00007ffcf2b0a000 	C:\Windows\System32\gdi32full.dll
0x00007ffcf3f10000 - 0x00007ffcf40ad000 	C:\Windows\System32\USER32.dll
0x00007ffcf22f0000 - 0x00007ffcf238d000 	C:\Windows\System32\msvcp_win.dll
0x00007ffcf2e10000 - 0x00007ffcf2e3f000 	C:\Windows\System32\IMM32.DLL
0x00007ffcf20e0000 - 0x00007ffcf2125000 	C:\PROGRA~2\RCC-Guest-Tool\EST-Guest\ESTVA\ESTVAHook64.dll
0x00007ffcf2f20000 - 0x00007ffcf368d000 	C:\Windows\System32\SHELL32.dll
0x00007ffcf2000000 - 0x00007ffcf202f000 	C:\Windows\SYSTEM32\dwmapi.dll
0x00007ffcf3eb0000 - 0x00007ffcf3f05000 	C:\Windows\System32\SHLWAPI.dll
0x00007ffcf3720000 - 0x00007ffcf3a75000 	C:\Windows\System32\combase.dll
0x00007ffcf3a80000 - 0x00007ffcf3ba3000 	C:\Windows\System32\RPCRT4.dll
0x00007ffcf1f30000 - 0x00007ffcf1ff9000 	C:\PROGRA~2\RCC-Guest-Tool\64\RCD_AppInit.dll
0x00007ffcf2d60000 - 0x00007ffcf2e0f000 	C:\Windows\System32\ADVAPI32.dll
0x00007ffcf40b0000 - 0x00007ffcf414f000 	C:\Windows\System32\sechost.dll
0x00007ffcf2750000 - 0x00007ffcf2777000 	C:\Windows\System32\bcrypt.dll
0x00007ffcf3c10000 - 0x00007ffcf3d3b000 	C:\Windows\System32\ole32.dll
0x00007ffcf4310000 - 0x00007ffcf4781000 	C:\Windows\System32\SETUPAPI.dll
0x00007ffcf2780000 - 0x00007ffcf27ce000 	C:\Windows\System32\cfgmgr32.dll
0x00007ffceea60000 - 0x00007ffceea6c000 	D:\Tools\jdk\jdk-17.0.14+7\bin\vcruntime140_1.dll
0x00007ffcc19e0000 - 0x00007ffcc1a6d000 	D:\Tools\jdk\jdk-17.0.14+7\bin\msvcp140.dll
0x00007ffcb2cb0000 - 0x00007ffcb391b000 	D:\Tools\jdk\jdk-17.0.14+7\bin\server\jvm.dll
0x00007ffcf4940000 - 0x00007ffcf49ab000 	C:\Windows\System32\WS2_32.dll
0x00007ffcf2150000 - 0x00007ffcf219b000 	C:\Windows\SYSTEM32\POWRPROF.dll
0x00007ffce79c0000 - 0x00007ffce79ca000 	C:\Windows\SYSTEM32\VERSION.dll
0x00007ffce7da0000 - 0x00007ffce7dc7000 	C:\Windows\SYSTEM32\WINMM.dll
0x00007ffcf2130000 - 0x00007ffcf2142000 	C:\Windows\SYSTEM32\UMPDC.dll
0x00007ffceff60000 - 0x00007ffceff72000 	C:\Windows\SYSTEM32\kernel.appcore.dll
0x00007ffcee6c0000 - 0x00007ffcee6ca000 	D:\Tools\jdk\jdk-17.0.14+7\bin\jimage.dll
0x00007ffce75c0000 - 0x00007ffce77a4000 	C:\Windows\SYSTEM32\DBGHELP.DLL
0x00007ffce7470000 - 0x00007ffce74a4000 	C:\Windows\SYSTEM32\dbgcore.DLL
0x00007ffcf2390000 - 0x00007ffcf2412000 	C:\Windows\System32\bcryptPrimitives.dll
0x00007ffce4d10000 - 0x00007ffce4d35000 	D:\Tools\jdk\jdk-17.0.14+7\bin\java.dll
0x00007ffcc1900000 - 0x00007ffcc19d7000 	D:\Tools\jdk\jdk-17.0.14+7\bin\jsvml.dll
0x00007ffcf0240000 - 0x00007ffcf09e4000 	C:\Windows\SYSTEM32\windows.storage.dll
0x00007ffcf1b00000 - 0x00007ffcf1b2b000 	C:\Windows\SYSTEM32\Wldp.dll
0x00007ffcf49b0000 - 0x00007ffcf4a7d000 	C:\Windows\System32\OLEAUT32.dll
0x00007ffcf2c70000 - 0x00007ffcf2d1d000 	C:\Windows\System32\SHCORE.dll
0x00007ffcf2220000 - 0x00007ffcf2245000 	C:\Windows\SYSTEM32\profapi.dll
0x00007ffce2c00000 - 0x00007ffce2c19000 	D:\Tools\jdk\jdk-17.0.14+7\bin\net.dll
0x00007ffcec550000 - 0x00007ffcec65a000 	C:\Windows\SYSTEM32\WINHTTP.dll
0x00007ffcf1860000 - 0x00007ffcf18cc000 	C:\Windows\system32\mswsock.dll
0x00007ffce21f0000 - 0x00007ffce2206000 	D:\Tools\jdk\jdk-17.0.14+7\bin\nio.dll
0x00007ffcd17e0000 - 0x00007ffcd17f8000 	D:\Tools\jdk\jdk-17.0.14+7\bin\zip.dll
0x00007ffcec960000 - 0x00007ffcec96e000 	D:\Tools\jdk\jdk-17.0.14+7\bin\sunmscapi.dll
0x00007ffcf2b10000 - 0x00007ffcf2c6c000 	C:\Windows\System32\CRYPT32.dll
0x00007ffcf1b70000 - 0x00007ffcf1b97000 	C:\Windows\SYSTEM32\ncrypt.dll
0x00007ffcf1b30000 - 0x00007ffcf1b6b000 	C:\Windows\SYSTEM32\NTASN1.dll
0x00007ffcec9c0000 - 0x00007ffcec9d0000 	D:\Tools\jdk\jdk-17.0.14+7\bin\verify.dll
0x00007ffcf1a50000 - 0x00007ffcf1a68000 	C:\Windows\SYSTEM32\CRYPTSP.dll
0x00007ffcf1180000 - 0x00007ffcf11b8000 	C:\Windows\system32\rsaenh.dll
0x00007ffcf21e0000 - 0x00007ffcf220e000 	C:\Windows\SYSTEM32\USERENV.dll
0x00007ffcf1a70000 - 0x00007ffcf1a7c000 	C:\Windows\SYSTEM32\CRYPTBASE.dll
0x00007ffcf1540000 - 0x00007ffcf157b000 	C:\Windows\SYSTEM32\IPHLPAPI.DLL
0x00007ffcf4c00000 - 0x00007ffcf4c08000 	C:\Windows\System32\NSI.dll
0x00007ffcec6b0000 - 0x00007ffcec6c7000 	C:\Windows\SYSTEM32\dhcpcsvc6.DLL
0x00007ffcec690000 - 0x00007ffcec6ad000 	C:\Windows\SYSTEM32\dhcpcsvc.DLL
0x00007ffcf1580000 - 0x00007ffcf164a000 	C:\Windows\SYSTEM32\DNSAPI.dll
0x00007ffcec660000 - 0x00007ffcec66a000 	D:\Tools\jdk\jdk-17.0.14+7\bin\management.dll
0x00007ffceb1c0000 - 0x00007ffceb1cb000 	D:\Tools\jdk\jdk-17.0.14+7\bin\management_ext.dll
0x00007ffcf2d20000 - 0x00007ffcf2d28000 	C:\Windows\System32\PSAPI.DLL

dbghelp: loaded successfully - version: 4.0.5 - missing functions: none
symbol engine: initialized successfully - sym options: 0x614 - pdb path: .;D:\Tools\jdk\jdk-17.0.14+7\bin;C:\Windows\SYSTEM32;C:\Windows\WinSxS\amd64_microsoft.windows.common-controls_6595b64144ccf1df_6.0.19041.4355_none_60b8b9eb71f62e16;C:\PROGRA~2\RCC-Guest-Tool\EST-Guest\ESTVA;C:\PROGRA~2\RCC-Guest-Tool\64;D:\Tools\jdk\jdk-17.0.14+7\bin\server

VM Arguments:
jvm_args: -XX:TieredStopAtLevel=1 
java_command: com.webchat.adminapi.AdminApiApplication
java_class_path (initial): D:\1\ai-app\app1\backend\admin-api\target\classes;D:\1\ai-app\app1\backend\common\target\classes;C:\Users\Administrator\.m2\repository\org\springframework\spring-web\6.1.6\spring-web-6.1.6.jar;C:\Users\Administrator\.m2\repository\org\springframework\spring-beans\6.1.6\spring-beans-6.1.6.jar;C:\Users\Administrator\.m2\repository\org\springframework\spring-webmvc\6.1.6\spring-webmvc-6.1.6.jar;C:\Users\Administrator\.m2\repository\org\springframework\spring-aop\6.1.6\spring-aop-6.1.6.jar;C:\Users\Administrator\.m2\repository\org\springframework\spring-context\6.1.6\spring-context-6.1.6.jar;C:\Users\Administrator\.m2\repository\org\springframework\spring-expression\6.1.6\spring-expression-6.1.6.jar;C:\Users\Administrator\.m2\repository\org\springframework\security\spring-security-web\6.2.4\spring-security-web-6.2.4.jar;C:\Users\Administrator\.m2\repository\org\springframework\security\spring-security-core\6.2.4\spring-security-core-6.2.4.jar;C:\Users\Administrator\.m2\repository\jakarta\servlet\jakarta.servlet-api\6.0.0\jakarta.servlet-api-6.0.0.jar;C:\Users\Administrator\.m2\repository\com\fasterxml\jackson\core\jackson-databind\2.15.4\jackson-databind-2.15.4.jar;C:\Users\Administrator\.m2\repository\org\apache\poi\poi-ooxml\5.3.0\poi-ooxml-5.3.0.jar;C:\Users\Administrator\.m2\repository\org\apache\poi\poi\5.3.0\poi-5.3.0.jar;C:\Users\Administrator\.m2\repository\com\zaxxer\SparseBitSet\1.3\SparseBitSet-1.3.jar;C:\Users\Administrator\.m2\repository\org\apache\poi\poi-ooxml-lite\5.3.0\poi-ooxml-lite-5.3.0.jar;C:\Users\Administrator\.m2\repository\org\apache\xmlbeans\xmlbeans\5.2.1\xmlbeans-5.2.1.jar;C:\Users\Administrator\.m2\repository\commons-io\commons-io\2.16.1\commons-io-2.16.1.jar;C:\Users\Administrator\.m2\repository\com\github\virtuald\curvesapi\1.08\curvesapi-1.08.jar;C:\Users\Administrator\.m2\repository\org\apache\logging\log4j\log4j-api\2.21.1\log4j-api-2.21.1.jar;C:\Users\Administrator\.m2\repository\org\apache\commons\commons-
Launcher Type: SUN_STANDARD

[Global flags]
     intx CICompilerCount                          = 4                                         {product} {ergonomic}
     uint ConcGCThreads                            = 3                                         {product} {ergonomic}
     uint G1ConcRefinementThreads                  = 10                                        {product} {ergonomic}
   size_t G1HeapRegionSize                         = 1048576                                   {product} {ergonomic}
    uintx GCDrainStackTargetSize                   = 64                                        {product} {ergonomic}
   size_t InitialHeapSize                          = 132120576                                 {product} {ergonomic}
   size_t MarkStackSize                            = 4194304                                   {product} {ergonomic}
   size_t MaxHeapSize                              = 2086666240                                {product} {ergonomic}
   size_t MaxNewSize                               = 1251999744                                {product} {ergonomic}
   size_t MinHeapDeltaBytes                        = 1048576                                   {product} {ergonomic}
   size_t MinHeapSize                              = 8388608                                   {product} {ergonomic}
    uintx NonProfiledCodeHeapSize                  = 0                                      {pd product} {ergonomic}
     bool ProfileInterpreter                       = false                                  {pd product} {command line}
    uintx ProfiledCodeHeapSize                     = 0                                      {pd product} {ergonomic}
   size_t SoftMaxHeapSize                          = 2086666240                             {manageable} {ergonomic}
     intx TieredStopAtLevel                        = 1                                         {product} {command line}
     bool UseCompressedClassPointers               = true                           {product lp64_product} {ergonomic}
     bool UseCompressedOops                        = true                           {product lp64_product} {ergonomic}
     bool UseG1GC                                  = true                                      {product} {ergonomic}
     bool UseLargePagesIndividualAllocation        = false                                  {pd product} {ergonomic}

Logging:
Log output configuration:
 #0: stdout all=warning uptime,level,tags
 #1: stderr all=off uptime,level,tags

Environment Variables:
JAVA_HOME=D:\Tools\jdk\jdk-17.0.14+7
PATH=D:\Tools\jdk\jdk-17.0.14+7\bin;D:\Tools\maven\apache-maven-3.9.8\bin;D:\Tools\pgsql\pgsql\bin;D:\Tools\jdk\jdk-17.0.14+7\bin;D:\Tools\maven\apache-maven-3.9.8\bin;D:\Tools\pgsql\pgsql\bin;C:\Windows\system32;C:\Windows;C:\Windows\System32\Wbem;C:\Windows\System32\WindowsPowerShell\v1.0\;C:\Windows\System32\OpenSSH\;C:\Windows\RCC-Interface;C:\Program Files (x86)\Windows Kits\10\Windows Performance Toolkit\;C:\Users\Administrator\AppData\Local\Microsoft\WindowsApps;
USERNAME=Administrator
OS=Windows_NT
PROCESSOR_IDENTIFIER=Intel64 Family 6 Model 154 Stepping 3, GenuineIntel
TMP=C:\Users\ADMINI~1\AppData\Local\Temp
TEMP=C:\Users\ADMINI~1\AppData\Local\Temp



Periodic native trim disabled


---------------  S Y S T E M  ---------------

OS:
 Windows 10 , 64 bit Build 19041 (10.0.19041.5438)
OS uptime: 0 days 6:02 hours

CPU: total 12 (initial active 12) (6 cores per cpu, 2 threads per core) family 6 model 154 stepping 3 microcode 0x429, cx8, cmov, fxsr, ht, mmx, 3dnowpref, sse, sse2, sse3, ssse3, sse4.1, sse4.2, popcnt, lzcnt, tsc, tscinvbit, avx, avx2, aes, erms, clmul, bmi1, bmi2, adx, sha, fma, vzeroupper, clflush, clflushopt, clwb
Processor Information for processor 0
  Max Mhz: 2000, Current Mhz: 2000, Mhz Limit: 2000
Processor Information for processor 1
  Max Mhz: 2000, Current Mhz: 2000, Mhz Limit: 2000
Processor Information for processor 2
  Max Mhz: 2000, Current Mhz: 2000, Mhz Limit: 2000
Processor Information for processor 3
  Max Mhz: 2000, Current Mhz: 2000, Mhz Limit: 2000
Processor Information for processor 4
  Max Mhz: 2000, Current Mhz: 2000, Mhz Limit: 2000
Processor Information for processor 5
  Max Mhz: 2000, Current Mhz: 2000, Mhz Limit: 2000
Processor Information for processor 6
  Max Mhz: 2000, Current Mhz: 2000, Mhz Limit: 2000
Processor Information for processor 7
  Max Mhz: 2000, Current Mhz: 2000, Mhz Limit: 2000
Processor Information for processor 8
  Max Mhz: 2000, Current Mhz: 1500, Mhz Limit: 1500
Processor Information for processor 9
  Max Mhz: 2000, Current Mhz: 1500, Mhz Limit: 1500
Processor Information for processor 10
  Max Mhz: 2000, Current Mhz: 1500, Mhz Limit: 1500
Processor Information for processor 11
  Max Mhz: 2000, Current Mhz: 1500, Mhz Limit: 1500

Memory: 4k page, system-wide physical 7953M (289M free)
TotalPageFile size 12049M (AvailPageFile size 22M)
current process WorkingSet (physical memory assigned to process): 195M, peak: 195M
current process commit charge ("private bytes"): 276M, peak: 309M

vm_info: OpenJDK 64-Bit Server VM (17.0.14+7) for windows-amd64 JRE (17.0.14+7), built on Jan 21 2025 23:40:15 by "admin" with MS VC++ 17.7 (VS2022)

END.
