#
# There is insufficient memory for the Java Runtime Environment to continue.
# Native memory allocation (mmap) failed to map 23068672 bytes. Error detail: G1 virtual space
# Possible reasons:
#   The system is out of physical RAM or swap space
#   This process is running with CompressedOops enabled, and the Java Heap may be blocking the growth of the native heap
# Possible solutions:
#   Reduce memory load on the system
#   Increase physical memory or swap space
#   Check if swap backing store is full
#   Decrease Java heap size (-Xmx/-Xms)
#   Decrease number of Java threads
#   Decrease Java thread stack sizes (-Xss)
#   Set larger code cache with -XX:ReservedCodeCacheSize=
#   JVM is running with Unscaled Compressed Oops mode in which the Java heap is
#     placed in the first 4GB address space. The Java Heap base address is the
#     maximum limit for the native heap growth. Please use -XX:HeapBaseMinAddress
#     to set the Java Heap base and to place the Java Heap above 4GB virtual address.
# This output file may be truncated or incomplete.
#
#  Out of Memory Error (os_windows.cpp:3618), pid=16552, tid=14440
#
# JRE version: OpenJDK Runtime Environment Temurin-17.0.14+7 (17.0.14+7) (build 17.0.14+7)
# Java VM: OpenJDK 64-Bit Server VM Temurin-17.0.14+7 (17.0.14+7, mixed mode, emulated-client, sharing, tiered, compressed oops, compressed class ptrs, g1 gc, windows-amd64)
# No core dump will be written. Minidumps are not enabled by default on client versions of Windows
#

---------------  S U M M A R Y ------------

Command Line: -XX:TieredStopAtLevel=1 com.webchat.adminapi.AdminApiApplication

Host: 12th Gen Intel(R) Core(TM) i5-12450H, 12 cores, 7G,  Windows 10 , 64 bit Build 19041 (10.0.19041.5438)
Time: Sun Aug  9 12:41:31 2026  Windows 10 , 64 bit Build 19041 (10.0.19041.5438) elapsed time: 2.334727 seconds (0d 0h 0m 2s)

---------------  T H R E A D  ---------------

Current thread (0x0000025d7fc89900):  VMThread "VM Thread" [stack: 0x00000076c0200000,0x00000076c0300000] [id=14440]

Stack: [0x00000076c0200000,0x00000076c0300000]
Native frames: (J=compiled Java code, j=interpreted, Vv=VM code, C=native code)
V  [jvm.dll+0x682eb9]
V  [jvm.dll+0x8399c8]
V  [jvm.dll+0x83b473]
V  [jvm.dll+0x83bae3]
V  [jvm.dll+0x24715f]
V  [jvm.dll+0x67fc99]
V  [jvm.dll+0x674b8a]
V  [jvm.dll+0x304c06]
V  [jvm.dll+0x30c0c6]
V  [jvm.dll+0x35dc3e]
V  [jvm.dll+0x35de7d]
V  [jvm.dll+0x2dbfcc]
V  [jvm.dll+0x2da36f]
V  [jvm.dll+0x2d9adc]
V  [jvm.dll+0x31d2bb]
V  [jvm.dll+0x84031d]
V  [jvm.dll+0x841053]
V  [jvm.dll+0x84157f]
V  [jvm.dll+0x841964]
V  [jvm.dll+0x841a2e]
V  [jvm.dll+0x7e948c]
V  [jvm.dll+0x681d97]
C  [ucrtbase.dll+0x21bb2]
C  [KERNEL32.DLL+0x17374]
C  [ntdll.dll+0x4cc91]

VM_Operation (0x00000076bfcf9380): G1CollectForAllocation, mode: safepoint, requested by thread 0x0000025d7baa82c0


---------------  P R O C E S S  ---------------

Threads class SMR info:
_java_thread_list=0x0000025d547844b0, length=14, elements={
0x0000025d7baa82c0, 0x0000025d7fc8dc20, 0x0000025d7fc8eaa0, 0x0000025d0e0d9970,
0x0000025d0e0b4750, 0x0000025d0e0b6120, 0x0000025d0e0b6ae0, 0x0000025d0e0b8560,
0x0000025d0e0b8f60, 0x0000025d0e1d87a0, 0x0000025d0e1d8cc0, 0x0000025d0e1d91e0,
0x0000025d0e207b40, 0x0000025d0e2124a0
}

Java Threads: ( => current thread )
  0x0000025d7baa82c0 JavaThread "main" [_thread_blocked, id=14612, stack(0x00000076bfc00000,0x00000076bfd00000)]
  0x0000025d7fc8dc20 JavaThread "Reference Handler" daemon [_thread_blocked, id=16372, stack(0x00000076c0300000,0x00000076c0400000)]
  0x0000025d7fc8eaa0 JavaThread "Finalizer" daemon [_thread_blocked, id=7988, stack(0x00000076c0400000,0x00000076c0500000)]
  0x0000025d0e0d9970 JavaThread "Signal Dispatcher" daemon [_thread_blocked, id=16000, stack(0x00000076c0500000,0x00000076c0600000)]
  0x0000025d0e0b4750 JavaThread "Attach Listener" daemon [_thread_blocked, id=16720, stack(0x00000076c0600000,0x00000076c0700000)]
  0x0000025d0e0b6120 JavaThread "Service Thread" daemon [_thread_blocked, id=16668, stack(0x00000076c0700000,0x00000076c0800000)]
  0x0000025d0e0b6ae0 JavaThread "Monitor Deflation Thread" daemon [_thread_blocked, id=13588, stack(0x00000076c0800000,0x00000076c0900000)]
  0x0000025d0e0b8560 JavaThread "C1 CompilerThread0" daemon [_thread_blocked, id=9008, stack(0x00000076c0900000,0x00000076c0a00000)]
  0x0000025d0e0b8f60 JavaThread "Sweeper thread" daemon [_thread_blocked, id=2580, stack(0x00000076c0a00000,0x00000076c0b00000)]
  0x0000025d0e1d87a0 JavaThread "C1 CompilerThread1" daemon [_thread_blocked, id=4060, stack(0x00000076c0b00000,0x00000076c0c00000)]
  0x0000025d0e1d8cc0 JavaThread "C1 CompilerThread2" daemon [_thread_blocked, id=6304, stack(0x00000076c0c00000,0x00000076c0d00000)]
  0x0000025d0e1d91e0 JavaThread "C1 CompilerThread3" daemon [_thread_blocked, id=16236, stack(0x00000076c0d00000,0x00000076c0e00000)]
  0x0000025d0e207b40 JavaThread "Notification Thread" daemon [_thread_blocked, id=13584, stack(0x00000076c0e00000,0x00000076c0f00000)]
  0x0000025d0e2124a0 JavaThread "Common-Cleaner" daemon [_thread_blocked, id=7200, stack(0x00000076c1000000,0x00000076c1100000)]

Other Threads:
=>0x0000025d7fc89900 VMThread "VM Thread" [stack: 0x00000076c0200000,0x00000076c0300000] [id=14440]
  0x0000025d0e212050 WatcherThread [stack: 0x00000076c0f00000,0x00000076c1000000] [id=15608]
  0x0000025d7bb01490 GCTaskThread "GC Thread#0" [stack: 0x00000076bfd00000,0x00000076bfe00000] [id=3752]
  0x0000025d0ea51a40 GCTaskThread "GC Thread#1" [stack: 0x00000076c1100000,0x00000076c1200000] [id=13820]
  0x0000025d0ea51d00 GCTaskThread "GC Thread#2" [stack: 0x00000076c1200000,0x00000076c1300000] [id=13684]
  0x0000025d0ea85c10 GCTaskThread "GC Thread#3" [stack: 0x00000076c1300000,0x00000076c1400000] [id=7144]
  0x0000025d0eacb840 GCTaskThread "GC Thread#4" [stack: 0x00000076c1400000,0x00000076c1500000] [id=14568]
  0x0000025d0ecae0c0 GCTaskThread "GC Thread#5" [stack: 0x00000076c1600000,0x00000076c1700000] [id=16780]
  0x0000025d0ecae380 GCTaskThread "GC Thread#6" [stack: 0x00000076c1700000,0x00000076c1800000] [id=16760]
  0x0000025d543cd860 GCTaskThread "GC Thread#7" [stack: 0x00000076c1800000,0x00000076c1900000] [id=16776]
  0x0000025d543cdb20 GCTaskThread "GC Thread#8" [stack: 0x00000076c1900000,0x00000076c1a00000] [id=16772]
  0x0000025d543cdde0 GCTaskThread "GC Thread#9" [stack: 0x00000076c1a00000,0x00000076c1b00000] [id=16752]
  0x0000025d7faa3ec0 ConcurrentGCThread "G1 Main Marker" [stack: 0x00000076bfe00000,0x00000076bff00000] [id=5204]
  0x0000025d7faa48e0 ConcurrentGCThread "G1 Conc#0" [stack: 0x00000076bff00000,0x00000076c0000000] [id=9372]
  0x0000025d548e2660 ConcurrentGCThread "G1 Conc#1" [stack: 0x00000076c1500000,0x00000076c1600000] [id=15616]
  0x0000025d548e2920 ConcurrentGCThread "G1 Conc#2" [stack: 0x00000076c1b00000,0x00000076c1c00000] [id=6688]
  0x0000025d7fb37a70 ConcurrentGCThread "G1 Refine#0" [stack: 0x00000076c0000000,0x00000076c0100000] [id=15772]
  0x0000025d7fb384a0 ConcurrentGCThread "G1 Service" [stack: 0x00000076c0100000,0x00000076c0200000] [id=8768]

Threads with active compile tasks:

VM state: at safepoint (normal execution)

VM Mutex/Monitor currently owned by a thread:  ([mutex/lock_event])
[0x0000025d7baa40c0] Threads_lock - owner thread: 0x0000025d7fc89900
[0x0000025d7baa2d10] Heap_lock - owner thread: 0x0000025d7baa82c0

Heap address: 0x0000000083a00000, size: 1990 MB, Compressed Oops mode: 32-bit

CDS archive(s) mapped at: [0x0000025d0f000000-0x0000025d0fbb0000-0x0000025d0fbb0000), size 12255232, SharedBaseAddress: 0x0000025d0f000000, ArchiveRelocationMode: 1.
Compressed class space mapped at: 0x0000025d10000000-0x0000025d50000000, reserved size: 1073741824
Narrow klass base: 0x0000025d0f000000, Narrow klass shift: 0, Narrow klass range: 0x100000000

GC Precious Log:
 CPUs: 12 total, 12 available
 Memory: 7953M
 Large Page Support: Disabled
 NUMA Support: Disabled
 Compressed Oops: Enabled (32-bit)
 Heap Region Size: 1M
 Heap Min Capacity: 8M
 Heap Initial Capacity: 126M
 Heap Max Capacity: 1990M
 Pre-touch: Disabled
 Parallel Workers: 10
 Concurrent Workers: 3
 Concurrent Refinement Workers: 10
 Periodic GC: Disabled

Heap:
 garbage-first heap   total 95232K, used 31653K [0x0000000083a00000, 0x0000000100000000)
  region size 1024K, 3 young (3072K), 3 survivors (3072K)
 Metaspace       used 42021K, committed 42432K, reserved 1114112K
  class space    used 5962K, committed 6144K, reserved 1048576K

Heap Regions: E=young(eden), S=young(survivor), O=old, HS=humongous(starts), HC=humongous(continues), CS=collection set, F=free, OA=open archive, CA=closed archive, TAMS=top-at-mark-start (previous, next)
|   0|0x0000000083a00000, 0x0000000083b00000, 0x0000000083b00000|100%|HS|  |TAMS 0x0000000083b00000, 0x0000000083a00000| Complete 
|   1|0x0000000083b00000, 0x0000000083c00000, 0x0000000083c00000|100%|HS|  |TAMS 0x0000000083c00000, 0x0000000083b00000| Complete 
|   2|0x0000000083c00000, 0x0000000083d00000, 0x0000000083d00000|100%| O|  |TAMS 0x0000000083d00000, 0x0000000083c00000| Untracked 
|   3|0x0000000083d00000, 0x0000000083e00000, 0x0000000083e00000|100%| O|  |TAMS 0x0000000083e00000, 0x0000000083d00000| Untracked 
|   4|0x0000000083e00000, 0x0000000083f00000, 0x0000000083f00000|100%| O|  |TAMS 0x0000000083f00000, 0x0000000083e00000| Untracked 
|   5|0x0000000083f00000, 0x0000000084000000, 0x0000000084000000|100%| O|  |TAMS 0x0000000084000000, 0x0000000083f00000| Untracked 
|   6|0x0000000084000000, 0x0000000084100000, 0x0000000084100000|100%| O|  |TAMS 0x0000000084100000, 0x0000000084000000| Untracked 
|   7|0x0000000084100000, 0x0000000084200000, 0x0000000084200000|100%| O|  |TAMS 0x0000000084200000, 0x0000000084100000| Untracked 
|   8|0x0000000084200000, 0x0000000084300000, 0x0000000084300000|100%| O|  |TAMS 0x0000000084300000, 0x0000000084200000| Untracked 
|   9|0x0000000084300000, 0x0000000084400000, 0x0000000084400000|100%| O|  |TAMS 0x0000000084400000, 0x0000000084300000| Untracked 
|  10|0x0000000084400000, 0x0000000084500000, 0x0000000084500000|100%| O|  |TAMS 0x0000000084500000, 0x0000000084400000| Untracked 
|  11|0x0000000084500000, 0x0000000084555200, 0x0000000084600000| 33%| O|  |TAMS 0x0000000084555200, 0x0000000084500000| Untracked 
|  12|0x0000000084600000, 0x0000000084700000, 0x0000000084700000|100%| O|  |TAMS 0x0000000084700000, 0x0000000084600000| Untracked 
|  13|0x0000000084700000, 0x0000000084800000, 0x0000000084800000|100%| O|  |TAMS 0x0000000084800000, 0x0000000084700000| Untracked 
|  14|0x0000000084800000, 0x0000000084900000, 0x0000000084900000|100%| O|  |TAMS 0x0000000084900000, 0x0000000084800000| Untracked 
|  15|0x0000000084900000, 0x0000000084a00000, 0x0000000084a00000|100%| O|  |TAMS 0x0000000084a00000, 0x0000000084900000| Untracked 
|  16|0x0000000084a00000, 0x0000000084b00000, 0x0000000084b00000|100%| O|  |TAMS 0x0000000084b00000, 0x0000000084a00000| Untracked 
|  17|0x0000000084b00000, 0x0000000084c00000, 0x0000000084c00000|100%| O|  |TAMS 0x0000000084c00000, 0x0000000084b00000| Untracked 
|  18|0x0000000084c00000, 0x0000000084d00000, 0x0000000084d00000|100%| O|  |TAMS 0x0000000084d00000, 0x0000000084c00000| Untracked 
|  19|0x0000000084d00000, 0x0000000084e00000, 0x0000000084e00000|100%| O|  |TAMS 0x0000000084e00000, 0x0000000084d00000| Untracked 
|  20|0x0000000084e00000, 0x0000000084f00000, 0x0000000084f00000|100%| O|  |TAMS 0x0000000084f00000, 0x0000000084e00000| Untracked 
|  21|0x0000000084f00000, 0x0000000085000000, 0x0000000085000000|100%| O|  |TAMS 0x0000000084f00000, 0x0000000084f00000| Untracked 
|  22|0x0000000085000000, 0x0000000085100000, 0x0000000085100000|100%| O|  |TAMS 0x0000000085100000, 0x0000000085000000| Untracked 
|  23|0x0000000085100000, 0x0000000085200000, 0x0000000085200000|100%| O|  |TAMS 0x0000000085200000, 0x0000000085100000| Untracked 
|  24|0x0000000085200000, 0x0000000085300000, 0x0000000085300000|100%| O|  |TAMS 0x0000000085200000, 0x0000000085200000| Untracked 
|  25|0x0000000085300000, 0x0000000085400000, 0x0000000085400000|100%| O|  |TAMS 0x0000000085300000, 0x0000000085300000| Untracked 
|  26|0x0000000085400000, 0x0000000085500000, 0x0000000085500000|100%| O|  |TAMS 0x0000000085400000, 0x0000000085400000| Untracked 
|  27|0x0000000085500000, 0x0000000085600000, 0x0000000085600000|100%| O|  |TAMS 0x0000000085500000, 0x0000000085500000| Untracked 
|  28|0x0000000085600000, 0x00000000856bdc00, 0x0000000085700000| 74%| O|  |TAMS 0x0000000085600000, 0x0000000085600000| Untracked 
|  29|0x0000000085700000, 0x0000000085700000, 0x0000000085800000|  0%| F|  |TAMS 0x0000000085700000, 0x0000000085700000| Untracked 
|  30|0x0000000085800000, 0x0000000085800000, 0x0000000085900000|  0%| F|  |TAMS 0x0000000085800000, 0x0000000085800000| Untracked 
|  31|0x0000000085900000, 0x0000000085900000, 0x0000000085a00000|  0%| F|  |TAMS 0x0000000085900000, 0x0000000085900000| Untracked 
|  32|0x0000000085a00000, 0x0000000085a00000, 0x0000000085b00000|  0%| F|  |TAMS 0x0000000085a00000, 0x0000000085a00000| Untracked 
|  33|0x0000000085b00000, 0x0000000085b00000, 0x0000000085c00000|  0%| F|  |TAMS 0x0000000085b00000, 0x0000000085b00000| Untracked 
|  34|0x0000000085c00000, 0x0000000085c00000, 0x0000000085d00000|  0%| F|  |TAMS 0x0000000085c00000, 0x0000000085c00000| Untracked 
|  35|0x0000000085d00000, 0x0000000085d00000, 0x0000000085e00000|  0%| F|  |TAMS 0x0000000085d00000, 0x0000000085d00000| Untracked 
|  36|0x0000000085e00000, 0x0000000085e00000, 0x0000000085f00000|  0%| F|  |TAMS 0x0000000085e00000, 0x0000000085e00000| Untracked 
|  37|0x0000000085f00000, 0x0000000085f00000, 0x0000000086000000|  0%| F|  |TAMS 0x0000000085f00000, 0x0000000085f00000| Untracked 
|  38|0x0000000086000000, 0x0000000086000000, 0x0000000086100000|  0%| F|  |TAMS 0x0000000086000000, 0x0000000086000000| Untracked 
|  39|0x0000000086100000, 0x0000000086100000, 0x0000000086200000|  0%| F|  |TAMS 0x0000000086100000, 0x0000000086100000| Untracked 
|  40|0x0000000086200000, 0x0000000086200000, 0x0000000086300000|  0%| F|  |TAMS 0x0000000086200000, 0x0000000086200000| Untracked 
|  41|0x0000000086300000, 0x0000000086300000, 0x0000000086400000|  0%| F|  |TAMS 0x0000000086300000, 0x0000000086300000| Untracked 
|  42|0x0000000086400000, 0x0000000086400000, 0x0000000086500000|  0%| F|  |TAMS 0x0000000086400000, 0x0000000086400000| Untracked 
|  43|0x0000000086500000, 0x0000000086500000, 0x0000000086600000|  0%| F|  |TAMS 0x0000000086500000, 0x0000000086500000| Untracked 
|  44|0x0000000086600000, 0x00000000866d69f0, 0x0000000086700000| 83%| S|CS|TAMS 0x0000000086600000, 0x0000000086600000| Complete 
|  45|0x0000000086700000, 0x0000000086800000, 0x0000000086800000|100%| S|CS|TAMS 0x0000000086700000, 0x0000000086700000| Complete 
|  46|0x0000000086800000, 0x0000000086900000, 0x0000000086900000|100%| S|CS|TAMS 0x0000000086800000, 0x0000000086800000| Complete 
|  47|0x0000000086900000, 0x0000000086900000, 0x0000000086a00000|  0%| F|  |TAMS 0x0000000086900000, 0x0000000086900000| Untracked 
|  48|0x0000000086a00000, 0x0000000086a00000, 0x0000000086b00000|  0%| F|  |TAMS 0x0000000086a00000, 0x0000000086a00000| Untracked 
|  49|0x0000000086b00000, 0x0000000086b00000, 0x0000000086c00000|  0%| F|  |TAMS 0x0000000086b00000, 0x0000000086b00000| Untracked 
|  50|0x0000000086c00000, 0x0000000086c00000, 0x0000000086d00000|  0%| F|  |TAMS 0x0000000086c00000, 0x0000000086c00000| Untracked 
|  51|0x0000000086d00000, 0x0000000086d00000, 0x0000000086e00000|  0%| F|  |TAMS 0x0000000086d00000, 0x0000000086d00000| Untracked 
|  52|0x0000000086e00000, 0x0000000086e00000, 0x0000000086f00000|  0%| F|  |TAMS 0x0000000086e00000, 0x0000000086e00000| Untracked 
|  53|0x0000000086f00000, 0x0000000086f00000, 0x0000000087000000|  0%| F|  |TAMS 0x0000000086f00000, 0x0000000086f00000| Untracked 
|  54|0x0000000087000000, 0x0000000087000000, 0x0000000087100000|  0%| F|  |TAMS 0x0000000087000000, 0x0000000087000000| Untracked 
|  55|0x0000000087100000, 0x0000000087100000, 0x0000000087200000|  0%| F|  |TAMS 0x0000000087100000, 0x0000000087100000| Untracked 
|  56|0x0000000087200000, 0x0000000087200000, 0x0000000087300000|  0%| F|  |TAMS 0x0000000087200000, 0x0000000087200000| Untracked 
|  57|0x0000000087300000, 0x0000000087300000, 0x0000000087400000|  0%| F|  |TAMS 0x0000000087300000, 0x0000000087300000| Untracked 
|  58|0x0000000087400000, 0x0000000087400000, 0x0000000087500000|  0%| F|  |TAMS 0x0000000087400000, 0x0000000087400000| Untracked 
|  59|0x0000000087500000, 0x0000000087500000, 0x0000000087600000|  0%| F|  |TAMS 0x0000000087500000, 0x0000000087500000| Untracked 
|  60|0x0000000087600000, 0x0000000087600000, 0x0000000087700000|  0%| F|  |TAMS 0x0000000087600000, 0x0000000087600000| Untracked 
|  61|0x0000000087700000, 0x0000000087700000, 0x0000000087800000|  0%| F|  |TAMS 0x0000000087700000, 0x0000000087700000| Untracked 
|  62|0x0000000087800000, 0x0000000087800000, 0x0000000087900000|  0%| F|  |TAMS 0x0000000087800000, 0x0000000087800000| Untracked 
|  63|0x0000000087900000, 0x0000000087900000, 0x0000000087a00000|  0%| F|  |TAMS 0x0000000087900000, 0x0000000087900000| Untracked 
|  64|0x0000000087a00000, 0x0000000087a00000, 0x0000000087b00000|  0%| F|  |TAMS 0x0000000087a00000, 0x0000000087a00000| Untracked 
|  65|0x0000000087b00000, 0x0000000087b00000, 0x0000000087c00000|  0%| F|  |TAMS 0x0000000087b00000, 0x0000000087b00000| Untracked 
|  66|0x0000000087c00000, 0x0000000087c00000, 0x0000000087d00000|  0%| F|  |TAMS 0x0000000087c00000, 0x0000000087c00000| Untracked 
|  67|0x0000000087d00000, 0x0000000087d00000, 0x0000000087e00000|  0%| F|  |TAMS 0x0000000087d00000, 0x0000000087d00000| Untracked 
|  68|0x0000000087e00000, 0x0000000087e00000, 0x0000000087f00000|  0%| F|  |TAMS 0x0000000087e00000, 0x0000000087e00000| Untracked 
|  69|0x0000000087f00000, 0x0000000087f00000, 0x0000000088000000|  0%| F|  |TAMS 0x0000000087f00000, 0x0000000087f00000| Untracked 
|  70|0x0000000088000000, 0x0000000088000000, 0x0000000088100000|  0%| F|  |TAMS 0x0000000088000000, 0x0000000088000000| Untracked 
|  71|0x0000000088100000, 0x0000000088100000, 0x0000000088200000|  0%| F|  |TAMS 0x0000000088100000, 0x0000000088100000| Untracked 
|  72|0x0000000088200000, 0x0000000088200000, 0x0000000088300000|  0%| F|  |TAMS 0x0000000088200000, 0x0000000088200000| Untracked 
|  73|0x0000000088300000, 0x0000000088300000, 0x0000000088400000|  0%| F|  |TAMS 0x0000000088300000, 0x0000000088300000| Untracked 
|  74|0x0000000088400000, 0x0000000088400000, 0x0000000088500000|  0%| F|  |TAMS 0x0000000088400000, 0x0000000088400000| Untracked 
|  75|0x0000000088500000, 0x0000000088500000, 0x0000000088600000|  0%| F|  |TAMS 0x0000000088500000, 0x0000000088500000| Untracked 
|  76|0x0000000088600000, 0x0000000088600000, 0x0000000088700000|  0%| F|  |TAMS 0x0000000088600000, 0x0000000088600000| Untracked 
|  77|0x0000000088700000, 0x0000000088700000, 0x0000000088800000|  0%| F|  |TAMS 0x0000000088700000, 0x0000000088700000| Untracked 
|  78|0x0000000088800000, 0x0000000088800000, 0x0000000088900000|  0%| F|  |TAMS 0x0000000088800000, 0x0000000088800000| Untracked 
|  79|0x0000000088900000, 0x0000000088900000, 0x0000000088a00000|  0%| F|  |TAMS 0x0000000088900000, 0x0000000088900000| Untracked 
|  80|0x0000000088a00000, 0x0000000088a00000, 0x0000000088b00000|  0%| F|  |TAMS 0x0000000088a00000, 0x0000000088a00000| Untracked 
|  81|0x0000000088b00000, 0x0000000088b00000, 0x0000000088c00000|  0%| F|  |TAMS 0x0000000088b00000, 0x0000000088b00000| Untracked 
|  82|0x0000000088c00000, 0x0000000088c00000, 0x0000000088d00000|  0%| F|  |TAMS 0x0000000088c00000, 0x0000000088c00000| Untracked 
|  83|0x0000000088d00000, 0x0000000088d00000, 0x0000000088e00000|  0%| F|  |TAMS 0x0000000088d00000, 0x0000000088d00000| Untracked 
|  84|0x0000000088e00000, 0x0000000088e00000, 0x0000000088f00000|  0%| F|  |TAMS 0x0000000088e00000, 0x0000000088e00000| Untracked 
|  85|0x0000000088f00000, 0x0000000088f00000, 0x0000000089000000|  0%| F|  |TAMS 0x0000000088f00000, 0x0000000088f00000| Untracked 
|  86|0x0000000089000000, 0x0000000089000000, 0x0000000089100000|  0%| F|  |TAMS 0x0000000089000000, 0x0000000089000000| Untracked 
|  87|0x0000000089100000, 0x0000000089100000, 0x0000000089200000|  0%| F|  |TAMS 0x0000000089100000, 0x0000000089100000| Untracked 
|  88|0x0000000089200000, 0x0000000089200000, 0x0000000089300000|  0%| F|  |TAMS 0x0000000089200000, 0x0000000089200000| Untracked 
|  89|0x0000000089300000, 0x0000000089300000, 0x0000000089400000|  0%| F|  |TAMS 0x0000000089300000, 0x0000000089300000| Untracked 
|  90|0x0000000089400000, 0x0000000089400000, 0x0000000089500000|  0%| F|  |TAMS 0x0000000089400000, 0x0000000089400000| Untracked 
|  91|0x0000000089500000, 0x0000000089500000, 0x0000000089600000|  0%| F|  |TAMS 0x0000000089500000, 0x0000000089500000| Untracked 
| 125|0x000000008b700000, 0x000000008b700000, 0x000000008b800000|  0%| F|  |TAMS 0x000000008b700000, 0x000000008b700000| Untracked 

Card table byte_map: [0x0000025d7f230000,0x0000025d7f620000] _byte_map_base: 0x0000025d7ee13000

Marking Bits (Prev, Next): (CMBitMap*) 0x0000025d7bb01ab0, (CMBitMap*) 0x0000025d7bb01af0
 Prev Bits: [0x0000025d07a80000, 0x0000025d09998000)
 Next Bits: [0x0000025d099a0000, 0x0000025d0b8b8000)

Polling page: 0x0000025d799e0000

Metaspace:

Usage:
  Non-class:     35.21 MB used.
      Class:      5.82 MB used.
       Both:     41.04 MB used.

Virtual space:
  Non-class space:       64.00 MB reserved,      35.44 MB ( 55%) committed,  1 nodes.
      Class space:        1.00 GB reserved,       6.00 MB ( <1%) committed,  1 nodes.
             Both:        1.06 GB reserved,      41.44 MB (  4%) committed. 

Chunk freelists:
   Non-Class:  12.05 MB
       Class:  10.01 MB
        Both:  22.06 MB

MaxMetaspaceSize: unlimited
CompressedClassSpaceSize: 1.00 GB
Initial GC threshold: 21.00 MB
Current GC threshold: 58.75 MB
CDS: on
MetaspaceReclaimPolicy: balanced
 - commit_granule_bytes: 65536.
 - commit_granule_words: 8192.
 - virtual_space_node_default_size: 8388608.
 - enlarge_chunks_in_place: 1.
 - new_chunks_are_fully_committed: 0.
 - uncommit_free_chunks: 1.
 - use_allocation_guard: 0.
 - handle_deallocations: 1.


Internal statistics:

num_allocs_failed_limit: 6.
num_arena_births: 558.
num_arena_deaths: 0.
num_vsnodes_births: 2.
num_vsnodes_deaths: 0.
num_space_committed: 663.
num_space_uncommitted: 0.
num_chunks_returned_to_freelist: 6.
num_chunks_taken_from_freelist: 2126.
num_chunk_merges: 6.
num_chunk_splits: 1547.
num_chunks_enlarged: 1213.
num_inconsistent_stats: 0.

CodeCache: size=49152Kb used=10674Kb max_used=10674Kb free=38477Kb
 bounds [0x0000025d7bb10000, 0x0000025d7c580000, 0x0000025d7eb10000]
 total_blobs=5404 nmethods=4876 adapters=452
 compilation: enabled
              stopped_count=0, restarted_count=0
 full_count=0

Compilation events (20 events):
Event: 2.319 Thread 0x0000025d0e1d8cc0 nmethod 4864 0x0000025d7c579d10 code [0x0000025d7c579ea0, 0x0000025d7c579f78]
Event: 2.319 Thread 0x0000025d0e1d91e0 nmethod 4865 0x0000025d7c57a010 code [0x0000025d7c57a1a0, 0x0000025d7c57a278]
Event: 2.319 Thread 0x0000025d0e1d91e0 4867       1       java.util.stream.ForEachOps$ForEachOp::evaluateSequential (13 bytes)
Event: 2.319 Thread 0x0000025d0e1d87a0 nmethod 4862 0x0000025d7c57a310 code [0x0000025d7c57a4c0, 0x0000025d7c57a6e8]
Event: 2.319 Thread 0x0000025d0e1d8cc0 4871       1       java.lang.SecurityManager$$Lambda$871/0x0000025d102ba048::accept (8 bytes)
Event: 2.319 Thread 0x0000025d0e1d87a0 4872       1       java.lang.SecurityManager::lambda$addNonExportedPackages$1 (14 bytes)
Event: 2.319 Thread 0x0000025d0e0b8560 nmethod 4866 0x0000025d7c57a790 code [0x0000025d7c57a940, 0x0000025d7c57aa88]
Event: 2.319 Thread 0x0000025d0e0b8560 4873       1       java.lang.SecurityManager$$Lambda$872/0x0000025d102ba270::test (8 bytes)
Event: 2.319 Thread 0x0000025d0e1d8cc0 nmethod 4871 0x0000025d7c57ab90 code [0x0000025d7c57ad20, 0x0000025d7c57ae48]
Event: 2.319 Thread 0x0000025d0e0b8560 nmethod 4873 0x0000025d7c57af10 code [0x0000025d7c57b0a0, 0x0000025d7c57b1c8]
Event: 2.319 Thread 0x0000025d0e0b8560 4874       1       java.lang.SecurityManager::lambda$nonExportedPkgs$2 (13 bytes)
Event: 2.319 Thread 0x0000025d0e1d91e0 nmethod 4867 0x0000025d7c57b290 code [0x0000025d7c57b440, 0x0000025d7c57b588]
Event: 2.319 Thread 0x0000025d0e1d87a0 nmethod 4872 0x0000025d7c57b690 code [0x0000025d7c57b840, 0x0000025d7c57b9e8]
Event: 2.319 Thread 0x0000025d0e1d91e0 4870       1       java.util.HashMap$KeySpliterator::characteristics (30 bytes)
Event: 2.319 Thread 0x0000025d0e1d87a0 4875       1       java.util.ImmutableCollections$SetN::size (5 bytes)
Event: 2.319 Thread 0x0000025d0e0b8560 nmethod 4874 0x0000025d7c57ba90 code [0x0000025d7c57bc20, 0x0000025d7c57bd48]
Event: 2.319 Thread 0x0000025d0e0b8560 4876       1       java.util.Iterator::forEachRemaining (30 bytes)
Event: 2.319 Thread 0x0000025d0e1d87a0 nmethod 4875 0x0000025d7c57be10 code [0x0000025d7c57bfa0, 0x0000025d7c57c078]
Event: 2.319 Thread 0x0000025d0e1d91e0 nmethod 4870 0x0000025d7c57c110 code [0x0000025d7c57c2a0, 0x0000025d7c57c398]
Event: 2.319 Thread 0x0000025d0e0b8560 nmethod 4876 0x0000025d7c57c410 code [0x0000025d7c57c5e0, 0x0000025d7c57c7d8]

GC Heap History (17 events):
Event: 0.232 GC heap before
{Heap before GC invocations=0 (full 0):
 garbage-first heap   total 129024K, used 25600K [0x0000000083a00000, 0x0000000100000000)
  region size 1024K, 23 young (23552K), 0 survivors (0K)
 Metaspace       used 3307K, committed 3456K, reserved 1114112K
  class space    used 421K, committed 448K, reserved 1048576K
}
Event: 0.235 GC heap after
{Heap after GC invocations=1 (full 0):
 garbage-first heap   total 129024K, used 11536K [0x0000000083a00000, 0x0000000100000000)
  region size 1024K, 3 young (3072K), 3 survivors (3072K)
 Metaspace       used 3307K, committed 3456K, reserved 1114112K
  class space    used 421K, committed 448K, reserved 1048576K
}
Event: 0.445 GC heap before
{Heap before GC invocations=1 (full 0):
 garbage-first heap   total 129024K, used 34064K [0x0000000083a00000, 0x0000000100000000)
  region size 1024K, 26 young (26624K), 3 survivors (3072K)
 Metaspace       used 7664K, committed 7936K, reserved 1114112K
  class space    used 1111K, committed 1216K, reserved 1048576K
}
Event: 0.448 GC heap after
{Heap after GC invocations=2 (full 0):
 garbage-first heap   total 129024K, used 13421K [0x0000000083a00000, 0x0000000100000000)
  region size 1024K, 2 young (2048K), 2 survivors (2048K)
 Metaspace       used 7664K, committed 7936K, reserved 1114112K
  class space    used 1111K, committed 1216K, reserved 1048576K
}
Event: 0.639 GC heap before
{Heap before GC invocations=2 (full 0):
 garbage-first heap   total 129024K, used 57453K [0x0000000083a00000, 0x0000000100000000)
  region size 1024K, 46 young (47104K), 2 survivors (2048K)
 Metaspace       used 15539K, committed 15808K, reserved 1114112K
  class space    used 2182K, committed 2304K, reserved 1048576K
}
Event: 0.643 GC heap after
{Heap after GC invocations=3 (full 0):
 garbage-first heap   total 129024K, used 16356K [0x0000000083a00000, 0x0000000100000000)
  region size 1024K, 5 young (5120K), 5 survivors (5120K)
 Metaspace       used 15539K, committed 15808K, reserved 1114112K
  class space    used 2182K, committed 2304K, reserved 1048576K
}
Event: 0.906 GC heap before
{Heap before GC invocations=3 (full 0):
 garbage-first heap   total 129024K, used 71652K [0x0000000083a00000, 0x0000000100000000)
  region size 1024K, 61 young (62464K), 5 survivors (5120K)
 Metaspace       used 21244K, committed 21504K, reserved 1114112K
  class space    used 2869K, committed 3008K, reserved 1048576K
}
Event: 0.914 GC heap after
{Heap after GC invocations=4 (full 0):
 garbage-first heap   total 129024K, used 21827K [0x0000000083a00000, 0x0000000100000000)
  region size 1024K, 10 young (10240K), 10 survivors (10240K)
 Metaspace       used 21244K, committed 21504K, reserved 1114112K
  class space    used 2869K, committed 3008K, reserved 1048576K
}
Event: 1.179 GC heap before
{Heap before GC invocations=5 (full 0):
 garbage-first heap   total 78848K, used 61763K [0x0000000083a00000, 0x0000000100000000)
  region size 1024K, 50 young (51200K), 10 survivors (10240K)
 Metaspace       used 24870K, committed 25088K, reserved 1114112K
  class space    used 3467K, committed 3584K, reserved 1048576K
}
Event: 1.188 GC heap after
{Heap after GC invocations=6 (full 0):
 garbage-first heap   total 95232K, used 23221K [0x0000000083a00000, 0x0000000100000000)
  region size 1024K, 3 young (3072K), 3 survivors (3072K)
 Metaspace       used 24870K, committed 25088K, reserved 1114112K
  class space    used 3467K, committed 3584K, reserved 1048576K
}
Event: 1.476 GC heap before
{Heap before GC invocations=6 (full 0):
 garbage-first heap   total 95232K, used 67253K [0x0000000083a00000, 0x0000000100000000)
  region size 1024K, 46 young (47104K), 3 survivors (3072K)
 Metaspace       used 28556K, committed 28992K, reserved 1114112K
  class space    used 4057K, committed 4288K, reserved 1048576K
}
Event: 1.482 GC heap after
{Heap after GC invocations=7 (full 0):
 garbage-first heap   total 95232K, used 25781K [0x0000000083a00000, 0x0000000100000000)
  region size 1024K, 5 young (5120K), 5 survivors (5120K)
 Metaspace       used 28556K, committed 28992K, reserved 1114112K
  class space    used 4057K, committed 4288K, reserved 1048576K
}
Event: 1.863 GC heap before
{Heap before GC invocations=7 (full 0):
 garbage-first heap   total 95232K, used 70837K [0x0000000083a00000, 0x0000000100000000)
  region size 1024K, 48 young (49152K), 5 survivors (5120K)
 Metaspace       used 35114K, committed 35520K, reserved 1114112K
  class space    used 4912K, committed 5120K, reserved 1048576K
}
Event: 1.871 GC heap after
{Heap after GC invocations=8 (full 0):
 garbage-first heap   total 95232K, used 28908K [0x0000000083a00000, 0x0000000100000000)
  region size 1024K, 6 young (6144K), 6 survivors (6144K)
 Metaspace       used 35114K, committed 35520K, reserved 1114112K
  class space    used 4912K, committed 5120K, reserved 1048576K
}
Event: 1.934 GC heap before
{Heap before GC invocations=8 (full 0):
 garbage-first heap   total 95232K, used 43244K [0x0000000083a00000, 0x0000000100000000)
  region size 1024K, 21 young (21504K), 6 survivors (6144K)
 Metaspace       used 35555K, committed 35968K, reserved 1114112K
  class space    used 4976K, committed 5184K, reserved 1048576K
}
Event: 1.941 GC heap after
{Heap after GC invocations=9 (full 0):
 garbage-first heap   total 95232K, used 30001K [0x0000000083a00000, 0x0000000100000000)
  region size 1024K, 4 young (4096K), 4 survivors (4096K)
 Metaspace       used 35555K, committed 35968K, reserved 1114112K
  class space    used 4976K, committed 5184K, reserved 1048576K
}
Event: 2.323 GC heap before
{Heap before GC invocations=10 (full 0):
 garbage-first heap   total 95232K, used 73009K [0x0000000083a00000, 0x0000000100000000)
  region size 1024K, 46 young (47104K), 4 survivors (4096K)
 Metaspace       used 42021K, committed 42432K, reserved 1114112K
  class space    used 5962K, committed 6144K, reserved 1048576K
}

Dll operation events (10 events):
Event: 0.003 Loaded shared library D:\Tools\jdk\jdk-17.0.14+7\bin\java.dll
Event: 0.017 Loaded shared library D:\Tools\jdk\jdk-17.0.14+7\bin\jsvml.dll
Event: 0.060 Loaded shared library D:\Tools\jdk\jdk-17.0.14+7\bin\net.dll
Event: 0.060 Loaded shared library D:\Tools\jdk\jdk-17.0.14+7\bin\nio.dll
Event: 0.062 Loaded shared library D:\Tools\jdk\jdk-17.0.14+7\bin\zip.dll
Event: 0.118 Loaded shared library D:\Tools\jdk\jdk-17.0.14+7\bin\jimage.dll
Event: 0.737 Loaded shared library D:\Tools\jdk\jdk-17.0.14+7\bin\sunmscapi.dll
Event: 1.422 Loaded shared library D:\Tools\jdk\jdk-17.0.14+7\bin\verify.dll
Event: 1.830 Loaded shared library D:\Tools\jdk\jdk-17.0.14+7\bin\management.dll
Event: 1.833 Loaded shared library D:\Tools\jdk\jdk-17.0.14+7\bin\management_ext.dll

Deoptimization events (8 events):
Event: 0.848 Thread 0x0000025d7baa82c0 DEOPT PACKING pc=0x0000025d7c20cd6c sp=0x00000076bfcfe6f0
Event: 0.848 Thread 0x0000025d7baa82c0 DEOPT UNPACKING pc=0x0000025d7bb67143 sp=0x00000076bfcfdb90 mode 0
Event: 1.569 Thread 0x0000025d7baa82c0 DEOPT PACKING pc=0x0000025d7c451842 sp=0x00000076bfcfde20
Event: 1.569 Thread 0x0000025d7baa82c0 DEOPT UNPACKING pc=0x0000025d7bb67143 sp=0x00000076bfcfd3b8 mode 0
Event: 1.911 Thread 0x0000025d7baa82c0 DEOPT PACKING pc=0x0000025d7c194812 sp=0x00000076bfcfb410
Event: 1.911 Thread 0x0000025d7baa82c0 DEOPT UNPACKING pc=0x0000025d7bb67143 sp=0x00000076bfcfa918 mode 3
Event: 1.911 Thread 0x0000025d7baa82c0 DEOPT PACKING pc=0x0000025d7c143e8d sp=0x00000076bfcfb3d0
Event: 1.911 Thread 0x0000025d7baa82c0 DEOPT UNPACKING pc=0x0000025d7bb67143 sp=0x00000076bfcfa918 mode 3

Classes loaded (20 events):
Event: 2.310 Loading class java/util/concurrent/SynchronousQueue$TransferQueue$QNode
Event: 2.310 Loading class java/util/concurrent/SynchronousQueue$TransferQueue$QNode done
Event: 2.310 Loading class java/util/concurrent/ThreadPoolExecutor$DiscardPolicy
Event: 2.311 Loading class java/util/concurrent/ThreadPoolExecutor$DiscardPolicy done
Event: 2.311 Loading class java/util/concurrent/atomic/AtomicIntegerFieldUpdater
Event: 2.311 Loading class java/util/concurrent/atomic/AtomicIntegerFieldUpdater done
Event: 2.311 Loading class java/util/concurrent/atomic/AtomicIntegerFieldUpdater$AtomicIntegerFieldUpdaterImpl
Event: 2.311 Loading class java/util/concurrent/atomic/AtomicIntegerFieldUpdater$AtomicIntegerFieldUpdaterImpl done
Event: 2.312 Loading class java/util/concurrent/atomic/AtomicIntegerFieldUpdater$AtomicIntegerFieldUpdaterImpl$1
Event: 2.312 Loading class java/util/concurrent/atomic/AtomicIntegerFieldUpdater$AtomicIntegerFieldUpdaterImpl$1 done
Event: 2.312 Loading class java/security/DomainCombiner
Event: 2.312 Loading class java/security/DomainCombiner done
Event: 2.320 Loading class java/net/ConnectException
Event: 2.320 Loading class java/net/ConnectException done
Event: 2.322 Loading class javax/net/ssl/SSLSocketFactory
Event: 2.322 Loading class javax/net/SocketFactory
Event: 2.322 Loading class javax/net/SocketFactory done
Event: 2.322 Loading class javax/net/ssl/SSLSocketFactory done
Event: 2.323 Loading class javax/net/DefaultSocketFactory
Event: 2.323 Loading class javax/net/DefaultSocketFactory done

Classes unloaded (0 events):
No events

Classes redefined (0 events):
No events

Internal exceptions (20 events):
Event: 1.578 Thread 0x0000025d7baa82c0 Exception <a 'java/lang/NoSuchMethodError'{0x0000000088acbb30}: 'java.lang.Object java.lang.invoke.DirectMethodHandle$Holder.invokeSpecialIFC(java.lang.Object, java.lang.Object, java.lang.Object)'> (0x0000000088acbb30) 
thrown [s\src\hotspot\share\interpreter\linkResolver.cpp, line 759]
Event: 1.632 Thread 0x0000025d7baa82c0 Exception <a 'java/lang/NoSuchMethodError'{0x00000000884ce660}: 'void java.lang.invoke.DirectMethodHandle$Holder.invokeSpecial(java.lang.Object, java.lang.Object, java.lang.Object, java.lang.Object, java.lang.Object, java.lang.Object, java.lang.Object)'> (0x00000000884ce660) 
thrown [s\src\hotspot\share\interpreter\linkResolver.cpp, line 759]
Event: 1.645 Thread 0x0000025d7baa82c0 Exception <a 'java/lang/NoSuchMethodError'{0x0000000088294a20}: 'void java.lang.invoke.DirectMethodHandle$Holder.invokeInterface(java.lang.Object, java.lang.Object, int)'> (0x0000000088294a20) 
thrown [s\src\hotspot\share\interpreter\linkResolver.cpp, line 759]
Event: 1.649 Thread 0x0000025d7baa82c0 Exception <a 'java/lang/IncompatibleClassChangeError'{0x00000000882e4ad8}: Found class java.lang.Object, but interface was expected> (0x00000000882e4ad8) 
thrown [s\src\hotspot\share\interpreter\linkResolver.cpp, line 826]
Event: 1.649 Thread 0x0000025d7baa82c0 Exception <a 'java/lang/NoSuchMethodError'{0x00000000882f5600}: 'int java.lang.invoke.DirectMethodHandle$Holder.invokeSpecialIFC(java.lang.Object, java.lang.Object, java.lang.Object)'> (0x00000000882f5600) 
thrown [s\src\hotspot\share\interpreter\linkResolver.cpp, line 759]
Event: 1.649 Thread 0x0000025d7baa82c0 Exception <a 'java/lang/NoSuchMethodError'{0x0000000088102de0}: 'void java.lang.invoke.DirectMethodHandle$Holder.invokeStatic(java.lang.Object, int, java.lang.Object)'> (0x0000000088102de0) 
thrown [s\src\hotspot\share\interpreter\linkResolver.cpp, line 759]
Event: 1.652 Thread 0x0000025d7baa82c0 Exception <a 'java/lang/NoSuchMethodError'{0x000000008813fc88}: 'void java.lang.invoke.DirectMethodHandle$Holder.invokeVirtual(java.lang.Object, java.lang.Object, int)'> (0x000000008813fc88) 
thrown [s\src\hotspot\share\interpreter\linkResolver.cpp, line 759]
Event: 1.653 Thread 0x0000025d7baa82c0 Exception <a 'java/lang/NoSuchMethodError'{0x0000000088145e70}: 'void java.lang.invoke.DirectMethodHandle$Holder.invokeStatic(java.lang.Object, java.lang.Object, java.lang.Object, int, java.lang.Object)'> (0x0000000088145e70) 
thrown [s\src\hotspot\share\interpreter\linkResolver.cpp, line 759]
Event: 1.653 Thread 0x0000025d7baa82c0 Exception <a 'java/lang/NoSuchMethodError'{0x000000008814d378}: 'java.lang.Object java.lang.invoke.DirectMethodHandle$Holder.newInvokeSpecial(java.lang.Object, java.lang.Object, java.lang.Object, int)'> (0x000000008814d378) 
thrown [s\src\hotspot\share\interpreter\linkResolver.cpp, line 759]
Event: 1.653 Thread 0x0000025d7baa82c0 Exception <a 'java/lang/NoSuchMethodError'{0x0000000088151660}: 'java.lang.Object java.lang.invoke.DirectMethodHandle$Holder.invokeSpecial(java.lang.Object, java.lang.Object, java.lang.Object, java.lang.Object, int)'> (0x0000000088151660) 
thrown [s\src\hotspot\share\interpreter\linkResolver.cpp, line 759]
Event: 1.653 Thread 0x0000025d7baa82c0 Exception <a 'java/lang/NoSuchMethodError'{0x0000000088155228}: 'java.lang.Object java.lang.invoke.Invokers$Holder.linkToTargetMethod(java.lang.Object, java.lang.Object, int, java.lang.Object)'> (0x0000000088155228) 
thrown [s\src\hotspot\share\interpreter\linkResolver.cpp, line 759]
Event: 1.705 Thread 0x0000025d7baa82c0 Exception <a 'java/lang/NoSuchMethodError'{0x00000000879d5c00}: 'java.lang.Object java.lang.invoke.DirectMethodHandle$Holder.invokeStaticInit(java.lang.Object, int, int, int, int)'> (0x00000000879d5c00) 
thrown [s\src\hotspot\share\interpreter\linkResolver.cpp, line 759]
Event: 1.743 Thread 0x0000025d7baa82c0 Exception <a 'java/lang/NoSuchMethodError'{0x000000008781d898}: 'java.lang.Object java.lang.invoke.DirectMethodHandle$Holder.invokeStaticInit(java.lang.Object, java.lang.Object, int, int, int, int)'> (0x000000008781d898) 
thrown [s\src\hotspot\share\interpreter\linkResolver.cpp, line 759]
Event: 1.815 Thread 0x0000025d7baa82c0 Exception <a 'java/lang/NoSuchMethodError'{0x0000000087111b90}: 'java.lang.Object java.lang.invoke.DirectMethodHandle$Holder.invokeSpecial(java.lang.Object, java.lang.Object, long, java.lang.Object, java.lang.Object, java.lang.Object, java.lang.Object, java.lang.Object, java.lang.Object)'> (0x0000000087111b90) 
thrown [s\src\hotspot\share\interpreter\linkResolver.cpp, line 759]
Event: 1.815 Thread 0x0000025d7baa82c0 Exception <a 'java/lang/NoSuchMethodError'{0x00000000871166b8}: 'java.lang.Object java.lang.invoke.DelegatingMethodHandle$Holder.reinvoke_L(java.lang.Object, long, java.lang.Object, java.lang.Object, java.lang.Object, java.lang.Object, java.lang.Object, java.lang.Object)'> (0x00000000871166b8) 
thrown [s\src\hotspot\share\interpreter\linkResolver.cpp, line 759]
Event: 1.839 Thread 0x0000025d7baa82c0 Exception <a 'java/io/FileNotFoundException'{0x00000000870e4a60}> (0x00000000870e4a60) 
thrown [s\src\hotspot\share\prims\jni.cpp, line 516]
Event: 1.839 Thread 0x0000025d7baa82c0 Exception <a 'java/io/FileNotFoundException'{0x00000000870e5e00}> (0x00000000870e5e00) 
thrown [s\src\hotspot\share\prims\jni.cpp, line 516]
Event: 1.857 Thread 0x0000025d7baa82c0 Exception <a 'java/lang/NoSuchMethodError'{0x0000000086c55760}: 'int java.lang.invoke.DirectMethodHandle$Holder.invokeInterface(java.lang.Object, java.lang.Object, java.lang.Object, java.lang.Object)'> (0x0000000086c55760) 
thrown [s\src\hotspot\share\interpreter\linkResolver.cpp, line 759]
Event: 1.907 Thread 0x0000025d7baa82c0 Exception <a 'java/lang/IncompatibleClassChangeError'{0x00000000890bbae0}: Found class java.lang.Object, but interface was expected> (0x00000000890bbae0) 
thrown [s\src\hotspot\share\interpreter\linkResolver.cpp, line 826]
Event: 2.317 Thread 0x0000025d7baa82c0 Exception <a 'java/lang/NoSuchMethodError'{0x00000000869501c0}: 'int java.lang.invoke.DirectMethodHandle$Holder.invokeStaticInit(java.lang.Object, java.lang.Object, java.lang.Object, java.lang.Object)'> (0x00000000869501c0) 
thrown [s\src\hotspot\share\interpreter\linkResolver.cpp, line 759]

VM Operations (20 events):
Event: 1.791 Executing VM operation: HandshakeAllThreads done
Event: 1.798 Executing VM operation: HandshakeAllThreads
Event: 1.798 Executing VM operation: HandshakeAllThreads done
Event: 1.822 Executing VM operation: HandshakeAllThreads
Event: 1.822 Executing VM operation: HandshakeAllThreads done
Event: 1.836 Executing VM operation: HandshakeAllThreads
Event: 1.836 Executing VM operation: HandshakeAllThreads done
Event: 1.863 Executing VM operation: G1CollectForAllocation
Event: 1.871 Executing VM operation: G1CollectForAllocation done
Event: 1.911 Executing VM operation: HandshakeAllThreads
Event: 1.911 Executing VM operation: HandshakeAllThreads done
Event: 1.934 Executing VM operation: CollectForMetadataAllocation
Event: 1.941 Executing VM operation: CollectForMetadataAllocation done
Event: 1.948 Executing VM operation: G1PauseRemark
Event: 1.950 Executing VM operation: G1PauseRemark done
Event: 1.954 Executing VM operation: G1PauseCleanup
Event: 1.954 Executing VM operation: G1PauseCleanup done
Event: 1.967 Executing VM operation: HandshakeAllThreads
Event: 1.967 Executing VM operation: HandshakeAllThreads done
Event: 2.323 Executing VM operation: G1CollectForAllocation

Memory protections (0 events):
No events

Nmethod flushes (0 events):
No events

Events (18 events):
Event: 0.017 Thread 0x0000025d7baa82c0 Thread added: 0x0000025d7baa82c0
Event: 0.018 Thread 0x0000025d7baa82c0 Thread added: 0x0000025d7fc8dc20
Event: 0.018 Thread 0x0000025d7baa82c0 Thread added: 0x0000025d7fc8eaa0
Event: 0.028 Thread 0x0000025d7baa82c0 Thread added: 0x0000025d0e0d9970
Event: 0.028 Thread 0x0000025d7baa82c0 Thread added: 0x0000025d0e0b4750
Event: 0.028 Thread 0x0000025d7baa82c0 Thread added: 0x0000025d0e0b6120
Event: 0.028 Thread 0x0000025d7baa82c0 Thread added: 0x0000025d0e0b6ae0
Event: 0.028 Thread 0x0000025d7baa82c0 Thread added: 0x0000025d0e0b8560
Event: 0.028 Thread 0x0000025d7baa82c0 Thread added: 0x0000025d0e0b8f60
Event: 0.055 Thread 0x0000025d0e0b8560 Thread added: 0x0000025d0e1d87a0
Event: 0.055 Thread 0x0000025d0e0b8560 Thread added: 0x0000025d0e1d8cc0
Event: 0.055 Thread 0x0000025d0e0b8560 Thread added: 0x0000025d0e1d91e0
Event: 0.055 Thread 0x0000025d7baa82c0 Thread added: 0x0000025d0e207b40
Event: 0.056 Thread 0x0000025d7baa82c0 Thread added: 0x0000025d0e2124a0
Event: 0.444 Thread 0x0000025d7baa82c0 Thread added: 0x0000025d0ec6fa40
Event: 0.739 Thread 0x0000025d0ec6fa40 Thread exited: 0x0000025d0ec6fa40
Event: 0.746 Thread 0x0000025d7baa82c0 Thread added: 0x0000025d545b95e0
Event: 0.773 Thread 0x0000025d545b95e0 Thread exited: 0x0000025d545b95e0


Dynamic libraries:
0x00007ff703d60000 - 0x00007ff703d6e000 	D:\Tools\jdk\jdk-17.0.14+7\bin\java.exe
0x00007fffa3f10000 - 0x00007fffa4108000 	C:\Windows\SYSTEM32\ntdll.dll
0x00007fffa2640000 - 0x00007fffa2702000 	C:\Windows\System32\KERNEL32.DLL
0x00007fffa1650000 - 0x00007fffa194f000 	C:\Windows\System32\KERNELBASE.dll
0x00007fffa1a70000 - 0x00007fffa1b70000 	C:\Windows\System32\ucrtbase.dll
0x00007fff89f70000 - 0x00007fff89f87000 	D:\Tools\jdk\jdk-17.0.14+7\bin\jli.dll
0x00007fff9a2c0000 - 0x00007fff9a2de000 	D:\Tools\jdk\jdk-17.0.14+7\bin\VCRUNTIME140.dll
0x00007fffa2bf0000 - 0x00007fffa2d8d000 	C:\Windows\System32\USER32.dll
0x00007fffa1f00000 - 0x00007fffa1f22000 	C:\Windows\System32\win32u.dll
0x00007fffa3640000 - 0x00007fffa366b000 	C:\Windows\System32\GDI32.dll
0x00007fff7a530000 - 0x00007fff7a7ca000 	C:\Windows\WinSxS\amd64_microsoft.windows.common-controls_6595b64144ccf1df_6.0.19041.4355_none_60b8b9eb71f62e16\COMCTL32.dll
0x00007fffa1950000 - 0x00007fffa1a6a000 	C:\Windows\System32\gdi32full.dll
0x00007fffa2da0000 - 0x00007fffa2e3e000 	C:\Windows\System32\msvcrt.dll
0x00007fffa15b0000 - 0x00007fffa164d000 	C:\Windows\System32\msvcp_win.dll
0x00007fffa3ea0000 - 0x00007fffa3ecf000 	C:\Windows\System32\IMM32.DLL
0x00007fffa12f0000 - 0x00007fffa1335000 	C:\PROGRA~2\RCC-Guest-Tool\EST-Guest\ESTVA\ESTVAHook64.dll
0x00007fffa3730000 - 0x00007fffa3e9d000 	C:\Windows\System32\SHELL32.dll
0x00007fffa24b0000 - 0x00007fffa2505000 	C:\Windows\System32\SHLWAPI.dll
0x00007fffa12c0000 - 0x00007fffa12ef000 	C:\Windows\SYSTEM32\dwmapi.dll
0x00007fffa2e60000 - 0x00007fffa31b5000 	C:\Windows\System32\combase.dll
0x00007fffa2510000 - 0x00007fffa2633000 	C:\Windows\System32\RPCRT4.dll
0x00007fffa11f0000 - 0x00007fffa12b9000 	C:\PROGRA~2\RCC-Guest-Tool\64\RCD_AppInit.dll
0x00007fffa3680000 - 0x00007fffa372f000 	C:\Windows\System32\ADVAPI32.dll
0x00007fffa3230000 - 0x00007fffa32cf000 	C:\Windows\System32\sechost.dll
0x00007fffa1e40000 - 0x00007fffa1e67000 	C:\Windows\System32\bcrypt.dll
0x00007fffa2380000 - 0x00007fffa24ab000 	C:\Windows\System32\ole32.dll
0x00007fffa2710000 - 0x00007fffa2b81000 	C:\Windows\System32\SETUPAPI.dll
0x00007fffa1c20000 - 0x00007fffa1c6e000 	C:\Windows\System32\cfgmgr32.dll
0x00007fff9d9d0000 - 0x00007fff9d9dc000 	D:\Tools\jdk\jdk-17.0.14+7\bin\vcruntime140_1.dll
0x00007fff74d30000 - 0x00007fff74dbd000 	D:\Tools\jdk\jdk-17.0.14+7\bin\msvcp140.dll
0x00007fff2dfe0000 - 0x00007fff2ec4b000 	D:\Tools\jdk\jdk-17.0.14+7\bin\server\jvm.dll
0x00007fffa31c0000 - 0x00007fffa322b000 	C:\Windows\System32\WS2_32.dll
0x00007fffa1410000 - 0x00007fffa145b000 	C:\Windows\SYSTEM32\POWRPROF.dll
0x00007fff97080000 - 0x00007fff970a7000 	C:\Windows\SYSTEM32\WINMM.dll
0x00007fff965b0000 - 0x00007fff965ba000 	C:\Windows\SYSTEM32\VERSION.dll
0x00007fffa1340000 - 0x00007fffa1352000 	C:\Windows\SYSTEM32\UMPDC.dll
0x00007fff9f220000 - 0x00007fff9f232000 	C:\Windows\SYSTEM32\kernel.appcore.dll
0x00007fff9b5b0000 - 0x00007fff9b5ba000 	D:\Tools\jdk\jdk-17.0.14+7\bin\jimage.dll
0x00007fff962d0000 - 0x00007fff964b4000 	C:\Windows\SYSTEM32\DBGHELP.DLL
0x00007fff961e0000 - 0x00007fff96214000 	C:\Windows\SYSTEM32\dbgcore.DLL
0x00007fffa1e70000 - 0x00007fffa1ef2000 	C:\Windows\System32\bcryptPrimitives.dll
0x00007fff89f40000 - 0x00007fff89f65000 	D:\Tools\jdk\jdk-17.0.14+7\bin\java.dll
0x00007fff6eba0000 - 0x00007fff6ec77000 	D:\Tools\jdk\jdk-17.0.14+7\bin\jsvml.dll
0x00007fff9f500000 - 0x00007fff9fca4000 	C:\Windows\SYSTEM32\windows.storage.dll
0x00007fffa0e20000 - 0x00007fffa0e4b000 	C:\Windows\SYSTEM32\Wldp.dll
0x00007fffa3570000 - 0x00007fffa363d000 	C:\Windows\System32\OLEAUT32.dll
0x00007fffa3330000 - 0x00007fffa33dd000 	C:\Windows\System32\SHCORE.dll
0x00007fffa14e0000 - 0x00007fffa1505000 	C:\Windows\SYSTEM32\profapi.dll
0x00007fff89070000 - 0x00007fff89089000 	D:\Tools\jdk\jdk-17.0.14+7\bin\net.dll
0x00007fff9baa0000 - 0x00007fff9bbaa000 	C:\Windows\SYSTEM32\WINHTTP.dll
0x00007fffa0b20000 - 0x00007fffa0b8c000 	C:\Windows\system32\mswsock.dll
0x00007fff86710000 - 0x00007fff86726000 	D:\Tools\jdk\jdk-17.0.14+7\bin\nio.dll
0x00007fff86650000 - 0x00007fff86668000 	D:\Tools\jdk\jdk-17.0.14+7\bin\zip.dll
0x00007fff8c2e0000 - 0x00007fff8c2ee000 	D:\Tools\jdk\jdk-17.0.14+7\bin\sunmscapi.dll
0x00007fffa1ce0000 - 0x00007fffa1e3c000 	C:\Windows\System32\CRYPT32.dll
0x00007fffa0e90000 - 0x00007fffa0eb7000 	C:\Windows\SYSTEM32\ncrypt.dll
0x00007fffa0e50000 - 0x00007fffa0e8b000 	C:\Windows\SYSTEM32\NTASN1.dll
0x00007fff9a3f0000 - 0x00007fff9a400000 	D:\Tools\jdk\jdk-17.0.14+7\bin\verify.dll
0x00007fffa0d10000 - 0x00007fffa0d28000 	C:\Windows\SYSTEM32\CRYPTSP.dll
0x00007fffa0440000 - 0x00007fffa0478000 	C:\Windows\system32\rsaenh.dll
0x00007fffa1460000 - 0x00007fffa148e000 	C:\Windows\SYSTEM32\USERENV.dll
0x00007fffa0d30000 - 0x00007fffa0d3c000 	C:\Windows\SYSTEM32\CRYPTBASE.dll
0x00007fffa0800000 - 0x00007fffa083b000 	C:\Windows\SYSTEM32\IPHLPAPI.DLL
0x00007fffa3670000 - 0x00007fffa3678000 	C:\Windows\System32\NSI.dll
0x00007fff9b860000 - 0x00007fff9b877000 	C:\Windows\SYSTEM32\dhcpcsvc6.DLL
0x00007fff9b810000 - 0x00007fff9b82d000 	C:\Windows\SYSTEM32\dhcpcsvc.DLL
0x00007fffa0840000 - 0x00007fffa090a000 	C:\Windows\SYSTEM32\DNSAPI.dll
0x00007fff9eb20000 - 0x00007fff9eb2a000 	D:\Tools\jdk\jdk-17.0.14+7\bin\management.dll
0x00007fff9da50000 - 0x00007fff9da5b000 	D:\Tools\jdk\jdk-17.0.14+7\bin\management_ext.dll
0x00007fffa3560000 - 0x00007fffa3568000 	C:\Windows\System32\PSAPI.DLL

dbghelp: loaded successfully - version: 4.0.5 - missing functions: none
symbol engine: initialized successfully - sym options: 0x614 - pdb path: .;D:\Tools\jdk\jdk-17.0.14+7\bin;C:\Windows\SYSTEM32;C:\Windows\WinSxS\amd64_microsoft.windows.common-controls_6595b64144ccf1df_6.0.19041.4355_none_60b8b9eb71f62e16;C:\PROGRA~2\RCC-Guest-Tool\EST-Guest\ESTVA;C:\PROGRA~2\RCC-Guest-Tool\64;D:\Tools\jdk\jdk-17.0.14+7\bin\server

VM Arguments:
jvm_args: -XX:TieredStopAtLevel=1 
java_command: com.webchat.adminapi.AdminApiApplication
java_class_path (initial): D:\1\ai-app\app1\backend\admin-api\target\classes;D:\1\ai-app\app1\backend\common\target\classes;C:\Users\Administrator\.m2\repository\org\springframework\spring-web\6.1.6\spring-web-6.1.6.jar;C:\Users\Administrator\.m2\repository\org\springframework\spring-beans\6.1.6\spring-beans-6.1.6.jar;C:\Users\Administrator\.m2\repository\org\springframework\spring-webmvc\6.1.6\spring-webmvc-6.1.6.jar;C:\Users\Administrator\.m2\repository\org\springframework\spring-aop\6.1.6\spring-aop-6.1.6.jar;C:\Users\Administrator\.m2\repository\org\springframework\spring-context\6.1.6\spring-context-6.1.6.jar;C:\Users\Administrator\.m2\repository\org\springframework\spring-expression\6.1.6\spring-expression-6.1.6.jar;C:\Users\Administrator\.m2\repository\org\springframework\security\spring-security-web\6.2.4\spring-security-web-6.2.4.jar;C:\Users\Administrator\.m2\repository\org\springframework\security\spring-security-core\6.2.4\spring-security-core-6.2.4.jar;C:\Users\Administrator\.m2\repository\jakarta\servlet\jakarta.servlet-api\6.0.0\jakarta.servlet-api-6.0.0.jar;C:\Users\Administrator\.m2\repository\com\fasterxml\jackson\core\jackson-databind\2.15.4\jackson-databind-2.15.4.jar;C:\Users\Administrator\.m2\repository\org\apache\poi\poi-ooxml\5.3.0\poi-ooxml-5.3.0.jar;C:\Users\Administrator\.m2\repository\org\apache\poi\poi\5.3.0\poi-5.3.0.jar;C:\Users\Administrator\.m2\repository\com\zaxxer\SparseBitSet\1.3\SparseBitSet-1.3.jar;C:\Users\Administrator\.m2\repository\org\apache\poi\poi-ooxml-lite\5.3.0\poi-ooxml-lite-5.3.0.jar;C:\Users\Administrator\.m2\repository\org\apache\xmlbeans\xmlbeans\5.2.1\xmlbeans-5.2.1.jar;C:\Users\Administrator\.m2\repository\commons-io\commons-io\2.16.1\commons-io-2.16.1.jar;C:\Users\Administrator\.m2\repository\com\github\virtuald\curvesapi\1.08\curvesapi-1.08.jar;C:\Users\Administrator\.m2\repository\org\apache\logging\log4j\log4j-api\2.21.1\log4j-api-2.21.1.jar;C:\Users\Administrator\.m2\repository\org\apache\commons\commons-
Launcher Type: SUN_STANDARD

[Global flags]
     intx CICompilerCount                          = 4                                         {product} {ergonomic}
     uint ConcGCThreads                            = 3                                         {product} {ergonomic}
     uint G1ConcRefinementThreads                  = 10                                        {product} {ergonomic}
   size_t G1HeapRegionSize                         = 1048576                                   {product} {ergonomic}
    uintx GCDrainStackTargetSize                   = 64                                        {product} {ergonomic}
   size_t InitialHeapSize                          = 132120576                                 {product} {ergonomic}
   size_t MarkStackSize                            = 4194304                                   {product} {ergonomic}
   size_t MaxHeapSize                              = 2086666240                                {product} {ergonomic}
   size_t MaxNewSize                               = 1251999744                                {product} {ergonomic}
   size_t MinHeapDeltaBytes                        = 1048576                                   {product} {ergonomic}
   size_t MinHeapSize                              = 8388608                                   {product} {ergonomic}
    uintx NonProfiledCodeHeapSize                  = 0                                      {pd product} {ergonomic}
     bool ProfileInterpreter                       = false                                  {pd product} {command line}
    uintx ProfiledCodeHeapSize                     = 0                                      {pd product} {ergonomic}
   size_t SoftMaxHeapSize                          = 2086666240                             {manageable} {ergonomic}
     intx TieredStopAtLevel                        = 1                                         {product} {command line}
     bool UseCompressedClassPointers               = true                           {product lp64_product} {ergonomic}
     bool UseCompressedOops                        = true                           {product lp64_product} {ergonomic}
     bool UseG1GC                                  = true                                      {product} {ergonomic}
     bool UseLargePagesIndividualAllocation        = false                                  {pd product} {ergonomic}

Logging:
Log output configuration:
 #0: stdout all=warning uptime,level,tags
 #1: stderr all=off uptime,level,tags

Environment Variables:
JAVA_HOME=D:\Tools\jdk\jdk-17.0.14+7
PATH=D:\Tools\jdk\jdk-17.0.14+7\bin;D:\Tools\maven\apache-maven-3.9.8\bin;D:\Tools\pgsql\pgsql\bin;D:\Tools\jdk\jdk-17.0.14+7\bin;D:\Tools\maven\apache-maven-3.9.8\bin;D:\Tools\pgsql\pgsql\bin;C:\Windows\system32;C:\Windows;C:\Windows\System32\Wbem;C:\Windows\System32\WindowsPowerShell\v1.0\;C:\Windows\System32\OpenSSH\;C:\Windows\RCC-Interface;C:\Program Files\nodejs\;C:\Users\Administrator\AppData\Local\Microsoft\WindowsApps;C:\Users\Administrator\AppData\Roaming\npm
USERNAME=Administrator
OS=Windows_NT
PROCESSOR_IDENTIFIER=Intel64 Family 6 Model 154 Stepping 3, GenuineIntel
TMP=C:\Users\ADMINI~1\AppData\Local\Temp
TEMP=C:\Users\ADMINI~1\AppData\Local\Temp



Periodic native trim disabled


---------------  S Y S T E M  ---------------

OS:
 Windows 10 , 64 bit Build 19041 (10.0.19041.5438)
OS uptime: 0 days 0:50 hours

CPU: total 12 (initial active 12) (6 cores per cpu, 2 threads per core) family 6 model 154 stepping 3 microcode 0x429, cx8, cmov, fxsr, ht, mmx, 3dnowpref, sse, sse2, sse3, ssse3, sse4.1, sse4.2, popcnt, lzcnt, tsc, tscinvbit, avx, avx2, aes, erms, clmul, bmi1, bmi2, adx, sha, fma, vzeroupper, clflush, clflushopt, clwb
Processor Information for processor 0
  Max Mhz: 2000, Current Mhz: 2000, Mhz Limit: 1500
Processor Information for processor 1
  Max Mhz: 2000, Current Mhz: 2000, Mhz Limit: 1500
Processor Information for processor 2
  Max Mhz: 2000, Current Mhz: 2000, Mhz Limit: 2000
Processor Information for processor 3
  Max Mhz: 2000, Current Mhz: 2000, Mhz Limit: 2000
Processor Information for processor 4
  Max Mhz: 2000, Current Mhz: 2000, Mhz Limit: 2000
Processor Information for processor 5
  Max Mhz: 2000, Current Mhz: 2000, Mhz Limit: 2000
Processor Information for processor 6
  Max Mhz: 2000, Current Mhz: 2000, Mhz Limit: 2000
Processor Information for processor 7
  Max Mhz: 2000, Current Mhz: 2000, Mhz Limit: 2000
Processor Information for processor 8
  Max Mhz: 2000, Current Mhz: 1500, Mhz Limit: 1500
Processor Information for processor 9
  Max Mhz: 2000, Current Mhz: 1500, Mhz Limit: 1500
Processor Information for processor 10
  Max Mhz: 2000, Current Mhz: 1500, Mhz Limit: 1500
Processor Information for processor 11
  Max Mhz: 2000, Current Mhz: 1500, Mhz Limit: 1500

Memory: 4k page, system-wide physical 7953M (280M free)
TotalPageFile size 12049M (AvailPageFile size 11M)
current process WorkingSet (physical memory assigned to process): 204M, peak: 204M
current process commit charge ("private bytes"): 252M, peak: 274M

vm_info: OpenJDK 64-Bit Server VM (17.0.14+7) for windows-amd64 JRE (17.0.14+7), built on Jan 21 2025 23:40:15 by "admin" with MS VC++ 17.7 (VS2022)

END.
